warning: profiles for the non root package will be ignored, specify profiles at the workspace root:
package:   /Users/thagale/Code/pancetta/pancetta-audio/Cargo.toml
workspace: /Users/thagale/Code/pancetta/Cargo.toml
warning: profiles for the non root package will be ignored, specify profiles at the workspace root:
package:   /Users/thagale/Code/pancetta/pancetta/Cargo.toml
workspace: /Users/thagale/Code/pancetta/Cargo.toml
   Compiling libc v0.2.175
   Compiling smallvec v1.15.1
   Compiling libm v0.2.15
   Compiling serde v1.0.219
   Compiling getrandom v0.2.16
   Compiling tracing v0.1.41
   Compiling futures-channel v0.3.31
   Compiling futures-io v0.3.31
   Compiling parking_lot_core v0.9.11
   Compiling futures-util v0.3.31
   Compiling cexpr v0.6.0
   Compiling percent-encoding v2.3.1
   Compiling parking_lot v0.12.4
   Compiling generic-array v0.14.7
   Compiling num-traits v0.2.19
   Compiling tokio v1.47.1
   Compiling clang-sys v1.8.1
   Compiling errno v0.3.13
   Compiling icu_normalizer v2.0.0
   Compiling num-integer v0.1.46
   Compiling num-complex v0.4.6
   Compiling approx v0.5.1
   Compiling serde_json v1.0.142
   Compiling either v1.15.0
   Compiling byteorder v1.5.0
   Compiling http v1.3.1
   Compiling chrono v0.4.41
   Compiling idna_adapter v1.2.1
   Compiling form_urlencoded v1.2.1
   Compiling rand_core v0.6.4
   Compiling itertools v0.13.0
   Compiling aho-corasick v1.1.3
   Compiling idna v1.0.3
   Compiling bindgen v0.72.0
   Compiling tokio-util v0.7.16
   Compiling regex-automata v0.4.9
   Compiling getrandom v0.3.3
   Compiling rand_chacha v0.3.1
   Compiling ahash v0.8.12
   Compiling crypto-common v0.1.6
   Compiling block-buffer v0.10.4
   Compiling core-foundation v0.9.4
   Compiling ring v0.17.14
   Compiling transpose v0.2.3
   Compiling regex v1.11.1
   Compiling digest v0.10.7
   Compiling rand v0.8.5
   Compiling url v2.5.4
   Compiling primal-check v0.3.4
   Compiling cpufeatures v0.2.17
   Compiling rustfft v6.4.0
   Compiling uuid v1.18.0
   Compiling num-rational v0.4.2
   Compiling socket2 v0.6.0
   Compiling coreaudio-sys v0.2.17
   Compiling mio v1.0.4
   Compiling security-framework-sys v2.14.0
   Compiling untrusted v0.9.0
   Compiling hashbrown v0.14.5
   Compiling tempfile v3.20.0
   Compiling security-framework v2.11.1
   Compiling httparse v1.10.1
   Compiling sct v0.7.1
   Compiling rustls-webpki v0.101.7
   Compiling http-body v1.0.1
   Compiling serde_spanned v0.6.9
   Compiling toml_datetime v0.6.11
   Compiling crossbeam-queue v0.3.12
   Compiling toml_edit v0.22.27
   Compiling sha2 v0.10.9
   Compiling hashlink v0.8.4
   Compiling rustls v0.21.12
   Compiling tokio-stream v0.1.17
   Compiling native-tls v0.2.14
   Compiling futures-intrusive v0.5.0
   Compiling coreaudio-rs v0.11.3
   Compiling rand_distr v0.4.3
   Compiling simba v0.8.1
   Compiling futures-executor v0.3.31
   Compiling tracing-serde v0.2.0
   Compiling tower-service v0.3.3
   Compiling try-lock v0.2.5
   Compiling minimal-lexical v0.2.1
   Compiling atomic-waker v1.1.2
   Compiling sqlx-core v0.7.4
   Compiling nom v7.1.3
   Compiling h2 v0.4.12
   Compiling cpal v0.15.3
   Compiling want v0.3.1
   Compiling tracing-subscriber v0.3.19
   Compiling rustix v1.0.8
   Compiling toml v0.8.23
   Compiling libsqlite3-sys v0.27.0
   Compiling rustix v0.38.44
   Compiling system-configuration-sys v0.6.0
   Compiling hash32 v0.3.1
   Compiling nalgebra v0.32.6
   Compiling nanorand v0.7.0
   Compiling unicode_categories v0.1.1
   Compiling crc-catalog v2.4.0
   Compiling base64 v0.21.7
   Compiling rustls-pemfile v1.0.4
   Compiling crc v3.3.0
   Compiling unicode-truncate v1.1.0
   Compiling sqlx-sqlite v0.7.4
   Compiling which v4.4.2
   Compiling sqlformat v0.2.6
   Compiling bindgen v0.69.5
   Compiling flume v0.11.1
   Compiling heapless v0.8.0
   Compiling hyper v1.6.0
   Compiling crossterm v0.28.1
   Compiling system-configuration v0.6.1
   Compiling proc-macro-error v1.0.4
   Compiling tokio-native-tls v0.3.1
   Compiling prettyplease v0.2.36
   Compiling atoi v2.0.0
   Compiling itertools v0.10.5
   Compiling sync_wrapper v1.0.2
   Compiling webpki-roots v0.25.4
   Compiling base64 v0.22.1
   Compiling hex v0.4.3
   Compiling event-listener v2.5.3
   Compiling ipnet v2.11.0
   Compiling tower-layer v0.3.3
   Compiling ratatui v0.28.1
   Compiling tower v0.5.2
   Compiling hyper-util v0.1.16
   Compiling sqlx-macros-core v0.7.4
   Compiling validator_derive v0.18.2
   Compiling rstar v0.12.2
   Compiling crossbeam v0.8.4
   Compiling tracing-appender v0.2.3
   Compiling http-body-util v0.1.3
   Compiling realfft v3.5.0
   Compiling sha1 v0.10.6
   Compiling simba v0.9.0
   Compiling itertools v0.11.0
   Compiling fallible-iterator v0.3.0
   Compiling data-encoding v2.9.0
   Compiling urlencoding v2.1.3
   Compiling zeroize v1.8.1
   Compiling fallible-streaming-iterator v0.1.9
   Compiling utf-8 v0.7.6
   Compiling robust v1.2.0
   Compiling iri-string v0.7.8
   Compiling siphasher v1.0.1
   Compiling phf_shared v0.11.3
   Compiling spade v2.14.0
   Compiling pancetta-hamlib v0.1.0 (/Users/thagale/Code/pancetta/pancetta-hamlib)
warning: use of deprecated constant `bindgen::CargoCallbacks`: Use `CargoCallbacks::new()` instead. Please, check the documentation for further information.
   --> pancetta-hamlib/build.rs:101:44
    |
101 |         .parse_callbacks(Box::new(bindgen::CargoCallbacks))
    |                                            ^^^^^^^^^^^^^^
    |
    = note: `#[warn(deprecated)]` on by default

warning: `pancetta-hamlib` (build script) generated 1 warning
   Compiling tower-http v0.6.6
   Compiling tungstenite v0.24.0
   Compiling nalgebra v0.33.2
   Compiling rusqlite v0.30.0
   Compiling rustls-pki-types v1.12.0
   Compiling pancetta-ft8 v0.1.0 (/Users/thagale/Code/pancetta/pancetta-ft8)
   Compiling pancetta-audio v0.1.0 (/Users/thagale/Code/pancetta/pancetta-audio)
warning: unused import: `MESSAGE_DURATION`
  --> pancetta-ft8/src/decoder.rs:12:35
   |
12 |     SAMPLE_RATE, SYMBOL_DURATION, MESSAGE_DURATION, WINDOW_SAMPLES, NUM_SYMBOLS, NUM_TONES, TONE_SPACING,
   |                                   ^^^^^^^^^^^^^^^^
   |
   = note: `#[warn(unused_imports)]` on by default

warning: unused import: `std::str::FromStr`
  --> pancetta-ft8/src/message.rs:12:5
   |
12 | use std::str::FromStr;
   |     ^^^^^^^^^^^^^^^^^

warning: unused imports: `Ft8Error` and `MESSAGE_DURATION`
  --> pancetta-ft8/src/sync.rs:11:5
   |
11 |     Ft8Error, Ft8Result, SAMPLE_RATE, SYMBOL_DURATION, MESSAGE_DURATION,
   |     ^^^^^^^^                                           ^^^^^^^^^^^^^^^^

warning: unused variable: `candidates_arc`
   --> pancetta-ft8/src/decoder.rs:422:13
    |
422 |         let candidates_arc = Arc::new(candidates.to_vec());
    |             ^^^^^^^^^^^^^^ help: if this is intentional, prefix it with an underscore: `_candidates_arc`
    |
    = note: `#[warn(unused_variables)]` on by default

warning: field `symbol_correlator` is never read
  --> pancetta-ft8/src/decoder.rs:88:5
   |
77 | pub struct Ft8Decoder {
   |            ---------- field in this struct
...
88 |     symbol_correlator: SymbolCorrelator,
   |     ^^^^^^^^^^^^^^^^^
   |
   = note: `#[warn(dead_code)]` on by default

warning: field `sync_quality` is never read
   --> pancetta-ft8/src/decoder.rs:641:5
    |
636 | struct DecodeCandidate {
    |        --------------- field in this struct
...
641 |     sync_quality: f32,
    |     ^^^^^^^^^^^^
    |
    = note: `DecodeCandidate` has derived impls for the traits `Clone` and `Debug`, but these are intentionally ignored during dead code analysis

warning: field `time_window` is never read
   --> pancetta-ft8/src/decoder.rs:650:5
    |
646 | struct SpectrumPoint {
    |        ------------- field in this struct
...
650 |     time_window: usize,
    |     ^^^^^^^^^^^
    |
    = note: `SpectrumPoint` has derived impls for the traits `Clone` and `Debug`, but these are intentionally ignored during dead code analysis

warning: field `power` is never read
   --> pancetta-ft8/src/decoder.rs:657:5
    |
655 | struct FrequencyPeak {
    |        ------------- field in this struct
656 |     frequency: f64,
657 |     power: f64,
    |     ^^^^^
    |
    = note: `FrequencyPeak` has derived impls for the traits `Clone` and `Debug`, but these are intentionally ignored during dead code analysis

warning: field `max_iterations` is never read
   --> pancetta-ft8/src/decoder.rs:664:5
    |
663 | struct LdpcDecoder {
    |        ----------- field in this struct
664 |     max_iterations: usize,
    |     ^^^^^^^^^^^^^^

warning: fields `message_parser`, `ldpc_decoder`, and `config` are never read
   --> pancetta-ft8/src/decoder.rs:683:5
    |
682 | struct LocalDecoder {
    |        ------------ fields in this struct
683 |     message_parser: MessageParser,
    |     ^^^^^^^^^^^^^^
684 |     ldpc_decoder: LdpcDecoder,
    |     ^^^^^^^^^^^^
685 |     config: Ft8Config,
    |     ^^^^^^

warning: field `window_type` is never read
  --> pancetta-ft8/src/signal_processing.rs:52:5
   |
38 | pub struct FftProcessor {
   |            ------------ field in this struct
...
52 |     window_type: WindowFunction,
   |     ^^^^^^^^^^^

warning: fields `center_freq` and `bandwidth` are never read
   --> pancetta-ft8/src/signal_processing.rs:246:5
    |
238 | pub struct BandpassFilter {
    |            -------------- fields in this struct
...
246 |     center_freq: f64,
    |     ^^^^^^^^^^^
247 |     /// Bandwidth
248 |     bandwidth: f64,
    |     ^^^^^^^^^

warning: fields `timestamp` and `confidence` are never read
   --> pancetta-ft8/src/sync.rs:97:5
    |
96  | struct SyncMeasurement {
    |        --------------- fields in this struct
97  |     timestamp: SystemTime,
    |     ^^^^^^^^^
...
100 |     confidence: f64,
    |     ^^^^^^^^^^
    |
    = note: `SyncMeasurement` has derived impls for the traits `Clone` and `Debug`, but these are intentionally ignored during dead code analysis

warning: field `correlation` is never read
   --> pancetta-ft8/src/sync.rs:376:5
    |
373 | struct SyncCandidate {
    |        ------------- field in this struct
...
376 |     correlation: f64,
    |     ^^^^^^^^^^^
    |
    = note: `SyncCandidate` has derived impls for the traits `Clone` and `Debug`, but these are intentionally ignored during dead code analysis

   Compiling thiserror v2.0.14
   Compiling earcutr v0.4.3
   Compiling rubato v0.15.0
   Compiling hyper-tls v0.6.0
   Compiling sqlx-macros v0.7.4
   Compiling pancetta-tui v0.1.0 (/Users/thagale/Code/pancetta/pancetta-tui)
   Compiling geo-types v0.7.17
   Compiling validator v0.18.1
   Compiling futures v0.3.31
   Compiling ndarray v0.15.6
   Compiling serde_urlencoded v0.7.1
   Compiling geographiclib-rs v0.2.5
warning: field `frequency_range` is never read
   --> pancetta-tui/src/widgets/mod.rs:352:5
    |
349 | pub struct SpectrumDisplay<'a> {
    |            --------------- field in this struct
...
352 |     frequency_range: (f64, f64),
    |     ^^^^^^^^^^^^^^^
    |
    = note: `#[warn(dead_code)]` on by default

   Compiling csv-core v0.1.12
   Compiling pin-project-internal v1.1.10
   Compiling encoding_rs v0.8.35
   Compiling new_debug_unreachable v1.0.6
   Compiling precomputed-hash v0.1.1
   Compiling float_next_after v1.0.0
   Compiling mime v0.3.17
   Compiling pin-project v1.1.10
   Compiling geo v0.28.0
   Compiling pancetta-dsp v0.1.0 (/Users/thagale/Code/pancetta/pancetta-dsp)
   Compiling reqwest v0.12.23
   Compiling string_cache v0.8.9
warning: unused variable: `initial_output_len`
   --> pancetta-dsp/src/resampler.rs:155:13
    |
155 |         let initial_output_len = output.len();
    |             ^^^^^^^^^^^^^^^^^^ help: if this is intentional, prefix it with an underscore: `_initial_output_len`
    |
    = note: `#[warn(unused_variables)]` on by default

warning: fields `sample_rate`, `window_duration`, and `overlap_factor` are never read
   --> pancetta-dsp/src/buffer.rs:231:5
    |
229 | pub struct WindowExtractor {
    |            --------------- fields in this struct
230 |     /// Sample rate of input audio
231 |     sample_rate: f32,
    |     ^^^^^^^^^^^
232 |     /// Window duration in seconds (12.64s for FT8)
233 |     window_duration: f32,
    |     ^^^^^^^^^^^^^^^
234 |     /// Overlap factor (typically 0.5 for 50% overlap)
235 |     overlap_factor: f32,
    |     ^^^^^^^^^^^^^^
    |
    = note: `#[warn(dead_code)]` on by default

warning: fields `sample_rate` and `fft_workspace` are never read
   --> pancetta-dsp/src/filter.rs:374:5
    |
372 | pub struct NoiseReductionFilter {
    |            -------------------- fields in this struct
373 |     /// Sample rate
374 |     sample_rate: f32,
    |     ^^^^^^^^^^^
...
394 |     fft_workspace: Vec<f32>,
    |     ^^^^^^^^^^^^^

warning: fields `crossovers` and `sample_rate` are never read
   --> pancetta-dsp/src/filter.rs:514:5
    |
510 | pub struct FilterBank {
    |            ---------- fields in this struct
...
514 |     crossovers: Vec<f32>,
    |     ^^^^^^^^^^
515 |     /// Sample rate
516 |     sample_rate: f32,
    |     ^^^^^^^^^^^

   Compiling geodesic v0.1.0
   Compiling csv v1.3.1
   Compiling pancetta-config v0.1.0 (/Users/thagale/Code/pancetta/pancetta-config)
warning: unused import: `warn`
  --> pancetta-config/src/lib.rs:35:28
   |
35 | use tracing::{debug, info, warn};
   |                            ^^^^
   |
   = note: `#[warn(unused_imports)]` on by default

warning: unused import: `serde::de::DeserializeOwned`
 --> pancetta-config/src/loader.rs:8:5
  |
8 | use serde::de::DeserializeOwned;
  |     ^^^^^^^^^^^^^^^^^^^^^^^^^^^

warning: unused import: `Duration`
  --> pancetta-config/src/loader.rs:13:17
   |
13 | use std::time::{Duration, SystemTime};
   |                 ^^^^^^^^

warning: unused import: `std::time::Duration`
 --> pancetta-config/src/network.rs:9:5
  |
9 | use std::time::Duration;
  |     ^^^^^^^^^^^^^^^^^^^

warning: unused import: `std::time::Duration`
 --> pancetta-config/src/rig.rs:9:5
  |
9 | use std::time::Duration;
  |     ^^^^^^^^^^^^^^^^^^^

warning: `pancetta-tui` (lib) generated 1 warning
   Compiling sqlx v0.7.4
   Compiling tokio-tungstenite v0.24.0
   Compiling statrs v0.17.1
warning: `pancetta-dsp` (lib) generated 4 warnings
   Compiling signal-hook-tokio v0.3.1
   Compiling metrics v0.23.1
warning: pancetta-hamlib@0.1.0: hamlib not found via pkg-config, trying fallback
   Compiling quick-xml v0.36.2
   Compiling num-derive v0.4.2
error[E0412]: cannot find type `c_void` in this scope
   --> pancetta-hamlib/src/rig.rs:807:82
    |
807 | ...                   std::ptr::addr_of!(power_val) as *const c_void);
    |                                                               ^^^^^^ not found in this scope
    |
help: consider importing one of these items
    |
7   + use std::ffi::c_void;
    |
7   + use std::os::raw::c_void;
    |
7   + use core::ffi::c_void;
    |
7   + use libc::c_void;
    |

warning: unused import: `timeout`
  --> pancetta-hamlib/src/rig.rs:16:19
   |
16 | use tokio::time::{timeout, sleep};
   |                   ^^^^^^^
   |
   = note: `#[warn(unused_imports)]` on by default

   Compiling pancetta-dx v0.1.0 (/Users/thagale/Code/pancetta/pancetta-dx)
   Compiling pancetta-qso v0.1.0 (/Users/thagale/Code/pancetta/pancetta-qso)
error: expected one of `>`, a const expression, lifetime, or type, found doc comment `/// Signal reports`
   --> pancetta-qso/src/states.rs:318:5
    |
296 | pub struct QsoMetadata {
    |            ----------- while parsing this struct
...
316 |     pub end_time: Option<DateTime<Utc>,
    |                                        - expected one of `>`, a const expression, lifetime, or type
317 |     
318 |     /// Signal reports
    |     ^^^^^^^^^^^^^^^^^^ unexpected token
    |
help: add a space before the last `/` to write a regular comment
    |
318 |     // / Signal reports
    |       +
help: you might have meant to end the type parameters here
    |
316 |     pub end_time: Option<DateTime<Utc>>,
    |                                       +

error: expected one of: `for`, parentheses, `fn`, `unsafe`, `extern`, identifier, `::`, `<`, `dyn`, square brackets, `*`, `&`, `!`, `impl`, `_`, lifetime
   --> pancetta-qso/src/states.rs:318:5
    |
318 |     /// Signal reports
    |     ^^^^^^^^^^^^^^^^^^

error[E0308]: mismatched types
   --> pancetta-hamlib/src/rig.rs:583:43
    |
583 |                 let result = rig_get_freq(handle, vfo_hamlib, &mut freq);
    |                              ------------ ^^^^^^ expected `*mut c_void`, found `RigHandle`
    |                              |
    |                              arguments to this function are incorrect
    |
    = note: expected raw pointer `*mut c_void`
                    found struct `bindings::RigHandle`
note: function defined here
   --> pancetta-hamlib/src/bindings.rs:160:12
    |
160 |     pub fn rig_get_freq(rig: *mut c_void, vfo: c_uint, freq: *mut Frequency) -> c_int;
    |            ^^^^^^^^^^^^ ---

error: #[serde(other)] must be on a unit variant
   --> pancetta-dx/src/lib.rs:243:5
    |
243 | /     #[serde(other)]
244 | |     Other(String),
    | |_________________^

error[E0308]: mismatched types
   --> pancetta-hamlib/src/rig.rs:615:43
    |
615 |                 let result = rig_set_mode(handle, vfo_hamlib, mode_hamlib, width_hamlib);
    |                              ------------ ^^^^^^ expected `*mut c_void`, found `RigHandle`
    |                              |
    |                              arguments to this function are incorrect
    |
    = note: expected raw pointer `*mut c_void`
                    found struct `bindings::RigHandle`
note: function defined here
   --> pancetta-hamlib/src/bindings.rs:163:12
    |
163 |     pub fn rig_set_mode(rig: *mut c_void, vfo: c_uint, mode: c_uint, width: c_long) -> c_int;
    |            ^^^^^^^^^^^^ ---

error[E0308]: mismatched types
   --> pancetta-hamlib/src/rig.rs:648:43
    |
648 |                 let result = rig_get_mode(handle, vfo_hamlib, &mut mode, &mut width);
    |                              ------------ ^^^^^^ expected `*mut c_void`, found `RigHandle`
    |                              |
    |                              arguments to this function are incorrect
    |
    = note: expected raw pointer `*mut c_void`
                    found struct `bindings::RigHandle`
note: function defined here
   --> pancetta-hamlib/src/bindings.rs:166:12
    |
166 |     pub fn rig_get_mode(rig: *mut c_void, vfo: c_uint, mode: *mut c_uint, width: *mut c_long) -> c_int;
    |            ^^^^^^^^^^^^ ---

error[E0308]: mismatched types
   --> pancetta-hamlib/src/rig.rs:679:42
    |
679 |                 let result = rig_set_vfo(handle, vfo_hamlib);
    |                              ----------- ^^^^^^ expected `*mut c_void`, found `RigHandle`
    |                              |
    |                              arguments to this function are incorrect
    |
    = note: expected raw pointer `*mut c_void`
                    found struct `bindings::RigHandle`
note: function defined here
   --> pancetta-hamlib/src/bindings.rs:169:12
    |
169 |     pub fn rig_set_vfo(rig: *mut c_void, vfo: c_uint) -> c_int;
    |            ^^^^^^^^^^^ ---

error[E0308]: mismatched types
   --> pancetta-hamlib/src/rig.rs:709:42
    |
709 |                 let result = rig_get_vfo(handle, &mut vfo);
    |                              ----------- ^^^^^^ expected `*mut c_void`, found `RigHandle`
    |                              |
    |                              arguments to this function are incorrect
    |
    = note: expected raw pointer `*mut c_void`
                    found struct `bindings::RigHandle`
note: function defined here
   --> pancetta-hamlib/src/bindings.rs:172:12
    |
172 |     pub fn rig_get_vfo(rig: *mut c_void, vfo: *mut c_uint) -> c_int;
    |            ^^^^^^^^^^^ ---

error[E0308]: mismatched types
   --> pancetta-hamlib/src/rig.rs:740:42
    |
740 |                 let result = rig_set_ptt(handle, vfo_hamlib, ptt_hamlib);
    |                              ----------- ^^^^^^ expected `*mut c_void`, found `RigHandle`
    |                              |
    |                              arguments to this function are incorrect
    |
    = note: expected raw pointer `*mut c_void`
                    found struct `bindings::RigHandle`
note: function defined here
   --> pancetta-hamlib/src/bindings.rs:175:12
    |
175 |     pub fn rig_set_ptt(rig: *mut c_void, vfo: c_uint, ptt: c_uint) -> c_int;
    |            ^^^^^^^^^^^ ---

error[E0308]: mismatched types
   --> pancetta-hamlib/src/rig.rs:771:42
    |
771 |                 let result = rig_get_ptt(handle, vfo_hamlib, &mut ptt);
    |                              ----------- ^^^^^^ expected `*mut c_void`, found `RigHandle`
    |                              |
    |                              arguments to this function are incorrect
    |
    = note: expected raw pointer `*mut c_void`
                    found struct `bindings::RigHandle`
note: function defined here
   --> pancetta-hamlib/src/bindings.rs:178:12
    |
178 |     pub fn rig_get_ptt(rig: *mut c_void, vfo: c_uint, ptt: *mut c_uint) -> c_int;
    |            ^^^^^^^^^^^ ---

error[E0308]: mismatched types
   --> pancetta-hamlib/src/rig.rs:806:44
    |
806 |                 let result = rig_set_level(handle, RIG_VFO_CURR, RIG_LEVEL_RFPOWER, 
    |                              ------------- ^^^^^^ expected `*mut c_void`, found `RigHandle`
    |                              |
    |                              arguments to this function are incorrect
    |
    = note: expected raw pointer `*mut c_void`
                    found struct `bindings::RigHandle`
note: function defined here
   --> pancetta-hamlib/src/bindings.rs:181:12
    |
181 |     pub fn rig_set_level(rig: *mut c_void, vfo: c_uint, level_type: c_uint, val: *const c_void) -> c_int;
    |            ^^^^^^^^^^^^^ ---

error[E0432]: unresolved imports `geodesic::Geodesic`, `geodesic::InverseGeodesic`
 --> pancetta-dx/src/geography.rs:8:16
  |
8 | use geodesic::{Geodesic, InverseGeodesic};
  |                ^^^^^^^^  ^^^^^^^^^^^^^^^ no `InverseGeodesic` in the root
  |                |
  |                no `Geodesic` in the root

error[E0432]: unresolved import `reqwest::multipart`
   --> pancetta-dx/src/lotw.rs:8:23
    |
8   | use reqwest::{Client, multipart::Form};
    |                       ^^^^^^^^^ could not find `multipart` in `reqwest`
    |
note: found an item that was configured out
   --> /Users/thagale/.cargo/registry/src/index.crates.io-1949cf8c6b5b557f/reqwest-0.12.23/src/lib.rs:367:31
    |
367 |     pub use self::async_impl::multipart;
    |                               ^^^^^^^^^
note: the item is gated behind the `multipart` feature
   --> /Users/thagale/.cargo/registry/src/index.crates.io-1949cf8c6b5b557f/reqwest-0.12.23/src/lib.rs:366:11
    |
366 |     #[cfg(feature = "multipart")]
    |           ^^^^^^^^^^^^^^^^^^^^^
note: found an item that was configured out
   --> /Users/thagale/.cargo/registry/src/index.crates.io-1949cf8c6b5b557f/reqwest-0.12.23/src/lib.rs:394:25
    |
394 |     pub use self::wasm::multipart;
    |                         ^^^^^^^^^
note: the item is gated behind the `wasm32` feature
   --> /Users/thagale/.cargo/registry/src/index.crates.io-1949cf8c6b5b557f/reqwest-0.12.23/src/lib.rs:388:1
    |
388 | / if_wasm! {
389 | |     mod wasm;
390 | |     mod util;
...   |
394 | |     pub use self::wasm::multipart;
395 | | }
    | |_^
    = note: this error originates in the macro `if_wasm` (in Nightly builds, run with -Z macro-backtrace for more info)

error[E0308]: mismatched types
   --> pancetta-hamlib/src/rig.rs:837:44
    |
837 |                 let result = rig_get_level(handle, RIG_VFO_CURR, RIG_LEVEL_RFPOWER, 
    |                              ------------- ^^^^^^ expected `*mut c_void`, found `RigHandle`
    |                              |
    |                              arguments to this function are incorrect
    |
    = note: expected raw pointer `*mut c_void`
                    found struct `bindings::RigHandle`
note: function defined here
   --> pancetta-hamlib/src/bindings.rs:184:12
    |
184 |     pub fn rig_get_level(rig: *mut c_void, vfo: c_uint, level_type: c_uint, val: *mut c_void) -> c_int;
    |            ^^^^^^^^^^^^^ ---

error[E0308]: mismatched types
   --> pancetta-hamlib/src/rig.rs:868:44
    |
868 |                 let result = rig_get_level(handle, RIG_VFO_CURR, RIG_LEVEL_STRENGTH, 
    |                              ------------- ^^^^^^ expected `*mut c_void`, found `RigHandle`
    |                              |
    |                              arguments to this function are incorrect
    |
    = note: expected raw pointer `*mut c_void`
                    found struct `bindings::RigHandle`
note: function defined here
   --> pancetta-hamlib/src/bindings.rs:184:12
    |
184 |     pub fn rig_get_level(rig: *mut c_void, vfo: c_uint, level_type: c_uint, val: *mut c_void) -> c_int;
    |            ^^^^^^^^^^^^^ ---

error[E0308]: mismatched types
   --> pancetta-hamlib/src/rig.rs:899:44
    |
899 |                 let result = rig_get_level(handle, RIG_VFO_CURR, RIG_LEVEL_SWR, 
    |                              ------------- ^^^^^^ expected `*mut c_void`, found `RigHandle`
    |                              |
    |                              arguments to this function are incorrect
    |
    = note: expected raw pointer `*mut c_void`
                    found struct `bindings::RigHandle`
note: function defined here
   --> pancetta-hamlib/src/bindings.rs:184:12
    |
184 |     pub fn rig_get_level(rig: *mut c_void, vfo: c_uint, level_type: c_uint, val: *mut c_void) -> c_int;
    |            ^^^^^^^^^^^^^ ---

error[E0308]: mismatched types
   --> pancetta-hamlib/src/rig.rs:930:42
    |
930 |                 let result = rig_set_mem(handle, vfo_hamlib, channel);
    |                              ----------- ^^^^^^ expected `*mut c_void`, found `RigHandle`
    |                              |
    |                              arguments to this function are incorrect
    |
    = note: expected raw pointer `*mut c_void`
                    found struct `bindings::RigHandle`
note: function defined here
   --> pancetta-hamlib/src/bindings.rs:187:12
    |
187 |     pub fn rig_set_mem(rig: *mut c_void, vfo: c_uint, ch: c_int) -> c_int;
    |            ^^^^^^^^^^^ ---

error[E0308]: mismatched types
   --> pancetta-hamlib/src/rig.rs:961:42
    |
961 |                 let result = rig_get_mem(handle, vfo_hamlib, &mut channel);
    |                              ----------- ^^^^^^ expected `*mut c_void`, found `RigHandle`
    |                              |
    |                              arguments to this function are incorrect
    |
    = note: expected raw pointer `*mut c_void`
                    found struct `bindings::RigHandle`
note: function defined here
   --> pancetta-hamlib/src/bindings.rs:190:12
    |
190 |     pub fn rig_get_mem(rig: *mut c_void, vfo: c_uint, ch: *mut c_int) -> c_int;
    |            ^^^^^^^^^^^ ---

error[E0308]: mismatched types
   --> pancetta-hamlib/src/rig.rs:992:39
    |
992 |                 let result = rig_scan(handle, vfo_hamlib, scan_type, 0);
    |                              -------- ^^^^^^ expected `*mut c_void`, found `RigHandle`
    |                              |
    |                              arguments to this function are incorrect
    |
    = note: expected raw pointer `*mut c_void`
                    found struct `bindings::RigHandle`
note: function defined here
   --> pancetta-hamlib/src/bindings.rs:193:12
    |
193 |     pub fn rig_scan(rig: *mut c_void, vfo: c_uint, scan: c_uint, ch: c_int) -> c_int;
    |            ^^^^^^^^ ---

error[E0308]: mismatched types
    --> pancetta-hamlib/src/rig.rs:1015:45
     |
1015 |                 let info_ptr = rig_get_info(handle);
     |                                ------------ ^^^^^^ expected `*mut c_void`, found `RigHandle`
     |                                |
     |                                arguments to this function are incorrect
     |
     = note: expected raw pointer `*mut c_void`
                     found struct `bindings::RigHandle`
note: function defined here
    --> pancetta-hamlib/src/bindings.rs:196:12
     |
196  |     pub fn rig_get_info(rig: *mut c_void) -> *const c_char;
     |            ^^^^^^^^^^^^ ---

warning: unused import: `sleep`
  --> pancetta-dx/src/cluster.rs:14:19
   |
14 | use tokio::time::{sleep, Duration};
   |                   ^^^^^
   |
   = note: `#[warn(unused_imports)]` on by default

warning: unused imports: `DateTime` and `Utc`
 --> pancetta-dx/src/dxcc.rs:7:14
  |
7 | use chrono::{DateTime, NaiveDate, Utc};
  |              ^^^^^^^^             ^^^

warning: unused import: `std::f64::consts::PI`
  --> pancetta-dx/src/geography.rs:10:5
   |
10 | use std::f64::consts::PI;
   |     ^^^^^^^^^^^^^^^^^^^^

warning: unused imports: `Band` and `Mode`
 --> pancetta-dx/src/lotw.rs:6:13
  |
6 | use crate::{Band, Mode, ConfirmationStatus, DxQso, DxError, Result};
  |             ^^^^  ^^^^

warning: unused import: `DateTime`
 --> pancetta-dx/src/lotw.rs:7:14
  |
7 | use chrono::{DateTime, Utc, NaiveDate};
  |              ^^^^^^^^

warning: unused import: `std::collections::HashMap`
  --> pancetta-dx/src/lotw.rs:10:5
   |
10 | use std::collections::HashMap;
   |     ^^^^^^^^^^^^^^^^^^^^^^^^^

warning: unused imports: `debug` and `error`
  --> pancetta-dx/src/lotw.rs:13:15
   |
13 | use tracing::{debug, info, warn, error};
   |               ^^^^^              ^^^^^

warning: unused imports: `debug` and `warn`
  --> pancetta-dx/src/priorities.rs:11:15
   |
11 | use tracing::{debug, info, warn};
   |               ^^^^^        ^^^^

warning: unused import: `DxError`
 --> pancetta-dx/src/propagation.rs:6:19
  |
6 | use crate::{Band, DxError, Result};
  |                   ^^^^^^^

warning: unused import: `TimeZone`
 --> pancetta-dx/src/propagation.rs:7:24
  |
7 | use chrono::{DateTime, TimeZone, Utc};
  |                        ^^^^^^^^

warning: unused import: `warn`
  --> pancetta-dx/src/propagation.rs:11:28
   |
11 | use tracing::{debug, info, warn};
   |                            ^^^^

warning: unused imports: `BandStatistics`, `DxStatistics`, `DxccEntity`, and `ModeStatistics`
 --> pancetta-dx/src/reports.rs:7:58
  |
7 |     Band, Mode, tracker::DxTracker, dxcc::{DxccDatabase, DxccEntity}, 
  |                                                          ^^^^^^^^^^
8 |     statistics::{DxStatistics, BandStatistics, ModeStatistics}, 
  |                  ^^^^^^^^^^^^  ^^^^^^^^^^^^^^  ^^^^^^^^^^^^^^

warning: unused import: `debug`
  --> pancetta-dx/src/reports.rs:15:15
   |
15 | use tracing::{debug, info};
   |               ^^^^^

warning: unused import: `debug`
  --> pancetta-dx/src/scorer.rs:11:15
   |
11 | use tracing::{debug, info};
   |               ^^^^^

warning: unused import: `warn`
  --> pancetta-dx/src/tracker.rs:11:28
   |
11 | use tracing::{debug, info, warn};
   |                            ^^^^

error[E0433]: failed to resolve: use of undeclared type `Uuid`
   --> pancetta-qso/src/adif.rs:399:22
    |
399 |         let qso_id = Uuid::new_v4();
    |                      ^^^^ use of undeclared type `Uuid`
    |
help: consider importing one of these structs
    |
7   + use crate::Uuid;
    |
7   + use sqlx::types::Uuid;
    |
7   + use uuid::Uuid;
    |

warning: unused import: `std::collections::HashMap`
 --> pancetta-qso/src/states.rs:8:5
  |
8 | use std::collections::HashMap;
  |     ^^^^^^^^^^^^^^^^^^^^^^^^^
  |
  = note: `#[warn(unused_imports)]` on by default

warning: unused import: `sleep`
  --> pancetta-qso/src/qso_manager.rs:12:29
   |
12 | use tokio::time::{interval, sleep, Duration as TokioDuration, Interval};
   |                             ^^^^^

warning: unused import: `std::collections::HashMap`
 --> pancetta-qso/src/exchange.rs:8:5
  |
8 | use std::collections::HashMap;
  |     ^^^^^^^^^^^^^^^^^^^^^^^^^

warning: unused import: `uuid::Uuid`
  --> pancetta-qso/src/auto_sequencer.rs:17:5
   |
17 | use uuid::Uuid;
   |     ^^^^^^^^^^

warning: unused import: `std::str::FromStr`
  --> pancetta-qso/src/adif.rs:13:5
   |
13 | use std::str::FromStr;
   |     ^^^^^^^^^^^^^^^^^

warning: unused import: `warn`
  --> pancetta-qso/src/database.rs:14:28
   |
14 | use tracing::{debug, info, warn, error};
   |                            ^^^^

warning: unused import: `AdifQso`
 --> pancetta-qso/src/logger.rs:8:44
  |
8 | use crate::adif::{AdifProcessor, AdifFile, AdifQso, AdifError};
  |                                            ^^^^^^^

warning: unused import: `uuid::Uuid`
  --> pancetta-qso/src/logger.rs:20:5
   |
20 | use uuid::Uuid;
   |     ^^^^^^^^^^

warning: unused import: `crate::states::*`
 --> pancetta-qso/src/statistics.rs:6:5
  |
6 | use crate::states::*;
  |     ^^^^^^^^^^^^^^^^

error[E0502]: cannot borrow `*self` as mutable because it is also borrowed as immutable
   --> pancetta-dx/src/cluster.rs:196:17
    |
195 |             if let Some(ws_url) = &self.config.websocket_url {
    |                                   -------------------------- immutable borrow occurs here
196 |                 self.connect_websocket(ws_url).await
    |                 ^^^^^-----------------^^^^^^^^
    |                 |    |
    |                 |    immutable borrow later used by call
    |                 mutable borrow occurs here

error[E0277]: the trait bound `reqwest::Error: From<std::io::Error>` is not satisfied
   --> pancetta-dx/src/cluster.rs:214:41
    |
214 |         .map_err(|e| DxError::Network(e.into()))?;
    |                                         ^^^^ the trait `From<std::io::Error>` is not implemented for `reqwest::Error`
    |
    = note: required for `std::io::Error` to implement `Into<reqwest::Error>`

error[E0277]: the trait bound `url::Url: IntoClientRequest` is not satisfied
   --> pancetta-dx/src/cluster.rs:316:52
    |
316 |         let (ws_stream, _response) = connect_async(url).await
    |                                      ------------- ^^^ the trait `IntoClientRequest` is not implemented for `url::Url`
    |                                      |
    |                                      required by a bound introduced by this call
    |
    = help: the following other types implement trait `IntoClientRequest`:
              &'a Uri
              &'a std::string::String
              &'a str
              ClientRequestBuilder
              Uri
              httparse::Request<'h, 'b>
              std::string::String
              tokio_tungstenite::tungstenite::http::Request<()>
note: required by a bound in `connect_async`
   --> /Users/thagale/.cargo/registry/src/index.crates.io-1949cf8c6b5b557f/tokio-tungstenite-0.24.0/src/connect.rs:35:8
    |
31  | pub async fn connect_async<R>(
    |              ------------- required by a bound in this function
...
35  |     R: IntoClientRequest + Unpin,
    |        ^^^^^^^^^^^^^^^^^ required by this bound in `connect_async`

error[E0277]: the trait bound `url::Url: IntoClientRequest` is not satisfied
   --> pancetta-dx/src/cluster.rs:316:38
    |
316 |         let (ws_stream, _response) = connect_async(url).await
    |                                      ^^^^^^^^^^^^^^^^^^ the trait `IntoClientRequest` is not implemented for `url::Url`
    |
    = help: the following other types implement trait `IntoClientRequest`:
              &'a Uri
              &'a std::string::String
              &'a str
              ClientRequestBuilder
              Uri
              httparse::Request<'h, 'b>
              std::string::String
              tokio_tungstenite::tungstenite::http::Request<()>
note: required by a bound in `connect_async`
   --> /Users/thagale/.cargo/registry/src/index.crates.io-1949cf8c6b5b557f/tokio-tungstenite-0.24.0/src/connect.rs:35:8
    |
31  | pub async fn connect_async<R>(
    |              ------------- required by a bound in this function
...
35  |     R: IntoClientRequest + Unpin,
    |        ^^^^^^^^^^^^^^^^^ required by this bound in `connect_async`

error[E0277]: the trait bound `url::Url: IntoClientRequest` is not satisfied
   --> pancetta-dx/src/cluster.rs:316:57
    |
316 |         let (ws_stream, _response) = connect_async(url).await
    |                                                         ^^^^^ the trait `IntoClientRequest` is not implemented for `url::Url`
    |
    = help: the following other types implement trait `IntoClientRequest`:
              &'a Uri
              &'a std::string::String
              &'a str
              ClientRequestBuilder
              Uri
              httparse::Request<'h, 'b>
              std::string::String
              tokio_tungstenite::tungstenite::http::Request<()>
note: required by a bound in `connect_async`
   --> /Users/thagale/.cargo/registry/src/index.crates.io-1949cf8c6b5b557f/tokio-tungstenite-0.24.0/src/connect.rs:35:8
    |
31  | pub async fn connect_async<R>(
    |              ------------- required by a bound in this function
...
35  |     R: IntoClientRequest + Unpin,
    |        ^^^^^^^^^^^^^^^^^ required by this bound in `connect_async`

error[E0277]: `*mut c_void` cannot be sent between threads safely
   --> pancetta-hamlib/src/rig.rs:453:5
    |
453 |     #[instrument(skip(self))]
    |     ^^^^^^^^^^^^^^^^^^^^^^^^^
    |     |
    |     `*mut c_void` cannot be sent between threads safely
    |     within this `{async block@pancetta-hamlib/src/rig.rs:453:5: 453:30}`
    |
    = help: within `{async block@pancetta-hamlib/src/rig.rs:453:5: 453:30}`, the trait `Send` is not implemented for `*mut c_void`
note: required because it's used within this closure
   --> pancetta-hamlib/src/rig.rs:466:45
    |
466 |         let result = self.execute_operation(move || {
    |                                             ^^^^^^^
note: required because it's used within this `async` fn body
   --> pancetta-hamlib/src/rig.rs:308:5
    |
308 | /     {
309 | |         let start_time = Instant::now();
310 | |         let op_id = self.op_counter.fetch_add(1, Ordering::Relaxed);
311 | |         let config = self.config.read().clone();
...   |
382 | |     }
    | |_____^
note: required because it's used within this `async` block
   --> pancetta-hamlib/src/rig.rs:454:5
    |
454 |     async fn connect(&self) -> Result<()> {
    |     ^^^^^
note: required because it's used within this `async` block
   --> pancetta-hamlib/src/rig.rs:453:5
    |
453 |     #[instrument(skip(self))]
    |     ^^^^^^^^^^^^^^^^^^^^^^^^^
    = note: required for the cast from `Pin<Box<{async block@pancetta-hamlib/src/rig.rs:453:5: 453:30}>>` to `Pin<Box<dyn Future<Output = std::result::Result<(), anyhow::Error>> + Send>>`
    = note: the full name for the type has been written to '/Users/thagale/Code/pancetta/target/debug/deps/pancetta_hamlib-fbf658c78a27610f.long-type-12710352162782580610.txt'
    = note: consider using `--verbose` to print the full type name to the console
    = note: this error originates in the attribute macro `instrument` (in Nightly builds, run with -Z macro-backtrace for more info)

error[E0277]: `*mut c_void` cannot be sent between threads safely
   --> pancetta-hamlib/src/rig.rs:495:5
    |
495 |     #[instrument(skip(self))]
    |     ^^^^^^^^^^^^^^^^^^^^^^^^^
    |     |
    |     `*mut c_void` cannot be sent between threads safely
    |     within this `{async block@pancetta-hamlib/src/rig.rs:495:5: 495:30}`
    |
    = help: within `{async block@pancetta-hamlib/src/rig.rs:495:5: 495:30}`, the trait `Send` is not implemented for `*mut c_void`
note: required because it's used within this closure
   --> pancetta-hamlib/src/rig.rs:508:49
    |
508 |             let result = self.execute_operation(move || {
    |                                                 ^^^^^^^
note: required because it's used within this `async` fn body
   --> pancetta-hamlib/src/rig.rs:308:5
    |
308 | /     {
309 | |         let start_time = Instant::now();
310 | |         let op_id = self.op_counter.fetch_add(1, Ordering::Relaxed);
311 | |         let config = self.config.read().clone();
...   |
382 | |     }
    | |_____^
note: required because it's used within this `async` block
   --> pancetta-hamlib/src/rig.rs:496:5
    |
496 |     async fn disconnect(&self) -> Result<()> {
    |     ^^^^^
note: required because it's used within this `async` block
   --> pancetta-hamlib/src/rig.rs:495:5
    |
495 |     #[instrument(skip(self))]
    |     ^^^^^^^^^^^^^^^^^^^^^^^^^
    = note: required for the cast from `Pin<Box<{async block@pancetta-hamlib/src/rig.rs:495:5: 495:30}>>` to `Pin<Box<dyn Future<Output = std::result::Result<(), anyhow::Error>> + Send>>`
    = note: the full name for the type has been written to '/Users/thagale/Code/pancetta/target/debug/deps/pancetta_hamlib-fbf658c78a27610f.long-type-11849040617931400126.txt'
    = note: consider using `--verbose` to print the full type name to the console
    = note: this error originates in the attribute macro `instrument` (in Nightly builds, run with -Z macro-backtrace for more info)

error[E0277]: `*mut c_void` cannot be sent between threads safely
   --> pancetta-hamlib/src/rig.rs:539:5
    |
539 |     #[instrument(skip(self))]
    |     ^^^^^^^^^^^^^^^^^^^^^^^^^
    |     |
    |     `*mut c_void` cannot be sent between threads safely
    |     within this `{async block@pancetta-hamlib/src/rig.rs:539:5: 539:30}`
    |
    = help: within `{async block@pancetta-hamlib/src/rig.rs:539:5: 539:30}`, the trait `Send` is not implemented for `*mut c_void`
note: required because it's used within this closure
   --> pancetta-hamlib/src/rig.rs:550:45
    |
550 |         let result = self.execute_operation(move || {
    |                                             ^^^^^^^
note: required because it's used within this `async` fn body
   --> pancetta-hamlib/src/rig.rs:308:5
    |
308 | /     {
309 | |         let start_time = Instant::now();
310 | |         let op_id = self.op_counter.fetch_add(1, Ordering::Relaxed);
311 | |         let config = self.config.read().clone();
...   |
382 | |     }
    | |_____^
note: required because it's used within this `async` block
   --> pancetta-hamlib/src/rig.rs:540:5
    |
540 |     async fn set_frequency(&self, vfo: Vfo, freq: u64) -> Result<()> {
    |     ^^^^^
note: required because it's used within this `async` block
   --> pancetta-hamlib/src/rig.rs:539:5
    |
539 |     #[instrument(skip(self))]
    |     ^^^^^^^^^^^^^^^^^^^^^^^^^
    = note: required for the cast from `Pin<Box<{async block@pancetta-hamlib/src/rig.rs:539:5: 539:30}>>` to `Pin<Box<dyn Future<Output = std::result::Result<(), anyhow::Error>> + Send>>`
    = note: the full name for the type has been written to '/Users/thagale/Code/pancetta/target/debug/deps/pancetta_hamlib-fbf658c78a27610f.long-type-13799822380129075623.txt'
    = note: consider using `--verbose` to print the full type name to the console
    = note: this error originates in the attribute macro `instrument` (in Nightly builds, run with -Z macro-backtrace for more info)

error[E0599]: no method named `multipart` found for struct `RequestBuilder` in the current scope
   --> pancetta-dx/src/lotw.rs:244:14
    |
242 |           let response = self.client
    |  ________________________-
243 | |             .post(&upload_url)
244 | |             .multipart(form)
    | |             -^^^^^^^^^ method not found in `RequestBuilder`
    | |_____________|
    |

error[E0716]: temporary value dropped while borrowed
   --> pancetta-dx/src/lotw.rs:278:31
    |
278 |             ("qso_qslsince", &params.start_date.format("%Y-%m-%d").to_string()),
    |                               ^^^^^^^^^^^^^^^^^^^^^^^^^^^^^^^^^^^^^^^^^^^^^^^^ creates a temporary value which is freed while still in use
...
281 |         ];
    |          - temporary value is freed at the end of this statement
...
284 |             query_params.push(("qso_call", call));
    |             ------------ borrow later used here
    |
    = note: consider using a `let` binding to create a longer lived value

error[E0716]: temporary value dropped while borrowed
   --> pancetta-dx/src/lotw.rs:296:45
    |
296 |             query_params.push(("qso_dxcc", &dxcc.to_string()));
    |                                             ^^^^^^^^^^^^^^^^  - temporary value is freed at the end of this statement
    |                                             |
    |                                             creates a temporary value which is freed while still in use
...
301 |             .query(&query_params)
    |                    ------------- borrow later used here
    |
    = note: consider using a `let` binding to create a longer lived value

error[E0505]: cannot move out of `interval_guard` because it is borrowed
   --> pancetta-qso/src/qso_manager.rs:653:22
    |
649 |         let mut interval_guard = self.cleanup_interval.write().await;
    |             ------------------ binding `interval_guard` declared here
650 |         if let Some(ref mut interval_timer) = *interval_guard {
    |                                                -------------- borrow of `interval_guard` occurs here
651 |             loop {
652 |                 interval_timer.tick().await;
    |                 -------------- borrow later used here
653 |                 drop(interval_guard);
    |                      ^^^^^^^^^^^^^^ move out of `interval_guard` occurs here

error[E0506]: cannot assign to `interval_guard` because it is borrowed
   --> pancetta-qso/src/qso_manager.rs:657:17
    |
650 |         if let Some(ref mut interval_timer) = *interval_guard {
    |                                                -------------- `interval_guard` is borrowed here
651 |             loop {
652 |                 interval_timer.tick().await;
    |                 -------------- borrow later used here
...
657 |                 interval_guard = self.cleanup_interval.write().await;
    |                 ^^^^^^^^^^^^^^ `interval_guard` is assigned to here but it was already borrowed

warning: variable does not need to be mutable
   --> pancetta-qso/src/qso_manager.rs:224:13
    |
224 |         let mut interval_timer = interval(cleanup_duration);
    |             ----^^^^^^^^^^^^^^
    |             |
    |             help: remove this `mut`
    |
    = note: `#[warn(unused_mut)]` on by default

error[E0599]: no method named `ordinal` found for struct `DateTime` in the current scope
   --> pancetta-dx/src/propagation.rs:242:48
    |
242 |         let sfi = 150.0 + 50.0 * (current_time.ordinal() as f64 / 365.0 * 2.0 * std::f64::consts::PI).sin();
    |                                                ^^^^^^^
    |
   ::: /Users/thagale/.cargo/registry/src/index.crates.io-1949cf8c6b5b557f/chrono-0.4.41/src/traits.rs:74:8
    |
74  |     fn ordinal(&self) -> u32;
    |        ------- the method is available for `DateTime<Utc>` here
    |
    = help: items from traits can only be used if the trait is in scope
help: trait `Datelike` which provides `ordinal` is implemented but not in scope; perhaps you want to import it
    |
6   + use chrono::Datelike;
    |
help: there is a method `ordinal0` with a similar name
    |
242 |         let sfi = 150.0 + 50.0 * (current_time.ordinal0() as f64 / 365.0 * 2.0 * std::f64::consts::PI).sin();
    |                                                       +

error[E0689]: can't call method `max` on ambiguous numeric type `{float}`
   --> pancetta-dx/src/propagation.rs:243:32
    |
243 |         let ssn = (sfi - 70.0).max(0.0) * 2.0;
    |                                ^^^

error[E0596]: cannot borrow `*self` as mutable, as it is behind a `&` reference
   --> pancetta-dx/src/propagation.rs:519:23
    |
519 |         let indices = self.get_solar_indices().await?;
    |                       ^^^^ `self` is a `&` reference, so the data it refers to cannot be borrowed as mutable
    |
help: consider changing this to be a mutable reference
    |
518 |     pub async fn predict_aurora(&mut self, latitude: f64) -> Result<f64> {
    |                                  +++

error[E0505]: cannot move out of `receiver_guard` because it is borrowed
   --> pancetta-qso/src/auto_sequencer.rs:470:18
    |
468 |         let mut receiver_guard = self.event_receiver.write().await;
    |             ------------------ binding `receiver_guard` declared here
469 |         if let Some(ref mut receiver) = *receiver_guard {
    |                                          -------------- borrow of `receiver_guard` occurs here
470 |             drop(receiver_guard);
    |                  ^^^^^^^^^^^^^^ move out of `receiver_guard` occurs here
...
473 |                 match receiver.recv().await {
    |                       -------- borrow later used here

error[E0277]: `?` couldn't convert the error to `DxError`
   --> pancetta-dx/src/reports.rs:289:42
    |
289 |         writeln!(html, "<!DOCTYPE html>")?;
    |         ---------------------------------^ the trait `From<std::fmt::Error>` is not implemented for `DxError`
    |         |
    |         this can't be annotated with `?` because it has type `Result<_, std::fmt::Error>`
    |
note: `DxError` needs to implement `From<std::fmt::Error>`
   --> pancetta-dx/src/lib.rs:38:1
    |
38  | pub enum DxError {
    | ^^^^^^^^^^^^^^^^
    = note: the question mark operation (`?`) implicitly performs a conversion on the error value using the `From` trait
    = help: the following other types implement trait `From<T>`:
              `DxError` implements `From<reqwest::Error>`
              `DxError` implements `From<rusqlite::Error>`

error[E0277]: `?` couldn't convert the error to `DxError`
   --> pancetta-dx/src/reports.rs:290:33
    |
290 |         writeln!(html, "<html>")?;
    |         ------------------------^ the trait `From<std::fmt::Error>` is not implemented for `DxError`
    |         |
    |         this can't be annotated with `?` because it has type `Result<_, std::fmt::Error>`
    |
note: `DxError` needs to implement `From<std::fmt::Error>`
   --> pancetta-dx/src/lib.rs:38:1
    |
38  | pub enum DxError {
    | ^^^^^^^^^^^^^^^^
    = note: the question mark operation (`?`) implicitly performs a conversion on the error value using the `From` trait
    = help: the following other types implement trait `From<T>`:
              `DxError` implements `From<reqwest::Error>`
              `DxError` implements `From<rusqlite::Error>`

error[E0277]: `?` couldn't convert the error to `DxError`
   --> pancetta-dx/src/reports.rs:291:33
    |
291 |         writeln!(html, "<head>")?;
    |         ------------------------^ the trait `From<std::fmt::Error>` is not implemented for `DxError`
    |         |
    |         this can't be annotated with `?` because it has type `Result<_, std::fmt::Error>`
    |
note: `DxError` needs to implement `From<std::fmt::Error>`
   --> pancetta-dx/src/lib.rs:38:1
    |
38  | pub enum DxError {
    | ^^^^^^^^^^^^^^^^
    = note: the question mark operation (`?`) implicitly performs a conversion on the error value using the `From` trait
    = help: the following other types implement trait `From<T>`:
              `DxError` implements `From<reqwest::Error>`
              `DxError` implements `From<rusqlite::Error>`

error[E0277]: `?` couldn't convert the error to `DxError`
   --> pancetta-dx/src/reports.rs:292:92
    |
292 |         writeln!(html, "<title>DXCC Progress Report - {}</title>", report.station_callsign)?;
    |         -----------------------------------------------------------------------------------^ the trait `From<std::fmt::Error>` is not implemented for `DxError`
    |         |
    |         this can't be annotated with `?` because it has type `Result<_, std::fmt::Error>`
    |
note: `DxError` needs to implement `From<std::fmt::Error>`
   --> pancetta-dx/src/lib.rs:38:1
    |
38  | pub enum DxError {
    | ^^^^^^^^^^^^^^^^
    = note: the question mark operation (`?`) implicitly performs a conversion on the error value using the `From` trait
    = help: the following other types implement trait `From<T>`:
              `DxError` implements `From<reqwest::Error>`
              `DxError` implements `From<rusqlite::Error>`

error[E0277]: `?` couldn't convert the error to `DxError`
   --> pancetta-dx/src/reports.rs:293:34
    |
293 |         writeln!(html, "<style>")?;
    |         -------------------------^ the trait `From<std::fmt::Error>` is not implemented for `DxError`
    |         |
    |         this can't be annotated with `?` because it has type `Result<_, std::fmt::Error>`
    |
note: `DxError` needs to implement `From<std::fmt::Error>`
   --> pancetta-dx/src/lib.rs:38:1
    |
38  | pub enum DxError {
    | ^^^^^^^^^^^^^^^^
    = note: the question mark operation (`?`) implicitly performs a conversion on the error value using the `From` trait
    = help: the following other types implement trait `From<T>`:
              `DxError` implements `From<reqwest::Error>`
              `DxError` implements `From<rusqlite::Error>`

error[E0277]: `?` couldn't convert the error to `DxError`
   --> pancetta-dx/src/reports.rs:294:83
    |
294 |         writeln!(html, "body {{ font-family: Arial, sans-serif; margin: 20px; }}")?;
    |         --------------------------------------------------------------------------^ the trait `From<std::fmt::Error>` is not implemented for `DxError`
    |         |
    |         this can't be annotated with `?` because it has type `Result<_, std::fmt::Error>`
    |
note: `DxError` needs to implement `From<std::fmt::Error>`
   --> pancetta-dx/src/lib.rs:38:1
    |
38  | pub enum DxError {
    | ^^^^^^^^^^^^^^^^
    = note: the question mark operation (`?`) implicitly performs a conversion on the error value using the `From` trait
    = help: the following other types implement trait `From<T>`:
              `DxError` implements `From<reqwest::Error>`
              `DxError` implements `From<rusqlite::Error>`

error[E0277]: `?` couldn't convert the error to `DxError`
   --> pancetta-dx/src/reports.rs:295:78
    |
295 |         writeln!(html, "table {{ border-collapse: collapse; width: 100%; }}")?;
    |         ---------------------------------------------------------------------^ the trait `From<std::fmt::Error>` is not implemented for `DxError`
    |         |
    |         this can't be annotated with `?` because it has type `Result<_, std::fmt::Error>`
    |
note: `DxError` needs to implement `From<std::fmt::Error>`
   --> pancetta-dx/src/lib.rs:38:1
    |
38  | pub enum DxError {
    | ^^^^^^^^^^^^^^^^
    = note: the question mark operation (`?`) implicitly performs a conversion on the error value using the `From` trait
    = help: the following other types implement trait `From<T>`:
              `DxError` implements `From<reqwest::Error>`
              `DxError` implements `From<rusqlite::Error>`

error[E0277]: `?` couldn't convert the error to `DxError`
   --> pancetta-dx/src/reports.rs:296:95
    |
296 |         writeln!(html, "th, td {{ border: 1px solid #ddd; padding: 8px; text-align: left; }}")?;
    |         --------------------------------------------------------------------------------------^ the trait `From<std::fmt::Error>` is not implemented for `DxError`
    |         |
    |         this can't be annotated with `?` because it has type `Result<_, std::fmt::Error>`
    |
note: `DxError` needs to implement `From<std::fmt::Error>`
   --> pancetta-dx/src/lib.rs:38:1
    |
38  | pub enum DxError {
    | ^^^^^^^^^^^^^^^^
    = note: the question mark operation (`?`) implicitly performs a conversion on the error value using the `From` trait
    = help: the following other types implement trait `From<T>`:
              `DxError` implements `From<reqwest::Error>`
              `DxError` implements `From<rusqlite::Error>`

error[E0277]: `?` couldn't convert the error to `DxError`
   --> pancetta-dx/src/reports.rs:297:62
    |
297 |         writeln!(html, "th {{ background-color: #f2f2f2; }}")?;
    |         -----------------------------------------------------^ the trait `From<std::fmt::Error>` is not implemented for `DxError`
    |         |
    |         this can't be annotated with `?` because it has type `Result<_, std::fmt::Error>`
    |
note: `DxError` needs to implement `From<std::fmt::Error>`
   --> pancetta-dx/src/lib.rs:38:1
    |
38  | pub enum DxError {
    | ^^^^^^^^^^^^^^^^
    = note: the question mark operation (`?`) implicitly performs a conversion on the error value using the `From` trait
    = help: the following other types implement trait `From<T>`:
              `DxError` implements `From<reqwest::Error>`
              `DxError` implements `From<rusqlite::Error>`

error[E0277]: `?` couldn't convert the error to `DxError`
   --> pancetta-dx/src/reports.rs:298:107
    |
298 |         writeln!(html, ".progress-bar {{ background-color: #f0f0f0; border-radius: 5px; height: 20px; }}")?;
    |         --------------------------------------------------------------------------------------------------^ the trait `From<std::fmt::Error>` is not implemented for `DxError`
    |         |
    |         this can't be annotated with `?` because it has type `Result<_, std::fmt::Error>`
    |
note: `DxError` needs to implement `From<std::fmt::Error>`
   --> pancetta-dx/src/lib.rs:38:1
    |
38  | pub enum DxError {
    | ^^^^^^^^^^^^^^^^
    = note: the question mark operation (`?`) implicitly performs a conversion on the error value using the `From` trait
    = help: the following other types implement trait `From<T>`:
              `DxError` implements `From<reqwest::Error>`
              `DxError` implements `From<rusqlite::Error>`

error[E0277]: `?` couldn't convert the error to `DxError`
   --> pancetta-dx/src/reports.rs:299:108
    |
299 |         writeln!(html, ".progress-fill {{ background-color: #4CAF50; height: 100%; border-radius: 5px; }}")?;
    |         ---------------------------------------------------------------------------------------------------^ the trait `From<std::fmt::Error>` is not implemented for `DxError`
    |         |
    |         this can't be annotated with `?` because it has type `Result<_, std::fmt::Error>`
    |
note: `DxError` needs to implement `From<std::fmt::Error>`
   --> pancetta-dx/src/lib.rs:38:1
    |
38  | pub enum DxError {
    | ^^^^^^^^^^^^^^^^
    = note: the question mark operation (`?`) implicitly performs a conversion on the error value using the `From` trait
    = help: the following other types implement trait `From<T>`:
              `DxError` implements `From<reqwest::Error>`
              `DxError` implements `From<rusqlite::Error>`

error[E0277]: `?` couldn't convert the error to `DxError`
   --> pancetta-dx/src/reports.rs:300:82
    |
300 |         writeln!(html, ".status-achieved {{ color: green; font-weight: bold; }}")?;
    |         -------------------------------------------------------------------------^ the trait `From<std::fmt::Error>` is not implemented for `DxError`
    |         |
    |         this can't be annotated with `?` because it has type `Result<_, std::fmt::Error>`
    |
note: `DxError` needs to implement `From<std::fmt::Error>`
   --> pancetta-dx/src/lib.rs:38:1
    |
38  | pub enum DxError {
    | ^^^^^^^^^^^^^^^^
    = note: the question mark operation (`?`) implicitly performs a conversion on the error value using the `From` trait
    = help: the following other types implement trait `From<T>`:
              `DxError` implements `From<reqwest::Error>`
              `DxError` implements `From<rusqlite::Error>`

error[E0277]: `?` couldn't convert the error to `DxError`
   --> pancetta-dx/src/reports.rs:301:64
    |
301 |         writeln!(html, ".status-progress {{ color: orange; }}")?;
    |         -------------------------------------------------------^ the trait `From<std::fmt::Error>` is not implemented for `DxError`
    |         |
    |         this can't be annotated with `?` because it has type `Result<_, std::fmt::Error>`
    |
note: `DxError` needs to implement `From<std::fmt::Error>`
   --> pancetta-dx/src/lib.rs:38:1
    |
38  | pub enum DxError {
    | ^^^^^^^^^^^^^^^^
    = note: the question mark operation (`?`) implicitly performs a conversion on the error value using the `From` trait
    = help: the following other types implement trait `From<T>`:
              `DxError` implements `From<reqwest::Error>`
              `DxError` implements `From<rusqlite::Error>`

error[E0599]: no method named `hour` found for struct `DateTime` in the current scope
   --> pancetta-qso/src/auto_sequencer.rs:655:28
    |
655 |             let hour = now.hour() as u8;
    |                            ^^^^
    |
   ::: /Users/thagale/.cargo/registry/src/index.crates.io-1949cf8c6b5b557f/chrono-0.4.41/src/traits.rs:285:8
    |
285 |     fn hour(&self) -> u32;
    |        ---- the method is available for `DateTime<Utc>` here
    |
    = help: items from traits can only be used if the trait is in scope
help: trait `Timelike` which provides `hour` is implemented but not in scope; perhaps you want to import it
    |
7   + use chrono::Timelike;
    |
help: there is a method `hour12` with a similar name
    |
655 |             let hour = now.hour12() as u8;
    |                                ++

error[E0277]: `?` couldn't convert the error to `DxError`
   --> pancetta-dx/src/reports.rs:302:59
    |
302 |         writeln!(html, ".status-needed {{ color: red; }}")?;
    |         --------------------------------------------------^ the trait `From<std::fmt::Error>` is not implemented for `DxError`
    |         |
    |         this can't be annotated with `?` because it has type `Result<_, std::fmt::Error>`
    |
note: `DxError` needs to implement `From<std::fmt::Error>`
   --> pancetta-dx/src/lib.rs:38:1
    |
38  | pub enum DxError {
    | ^^^^^^^^^^^^^^^^
    = note: the question mark operation (`?`) implicitly performs a conversion on the error value using the `From` trait
    = help: the following other types implement trait `From<T>`:
              `DxError` implements `From<reqwest::Error>`
              `DxError` implements `From<rusqlite::Error>`

error[E0599]: no method named `weekday` found for struct `DateTime` in the current scope
   --> pancetta-qso/src/auto_sequencer.rs:656:31
    |
656 |             let weekday = now.weekday().num_days_from_sunday() as u8;
    |                               ^^^^^^^ method not found in `DateTime<Utc>`
    |
   ::: /Users/thagale/.cargo/registry/src/index.crates.io-1949cf8c6b5b557f/chrono-0.4.41/src/traits.rs:82:8
    |
82  |     fn weekday(&self) -> Weekday;
    |        ------- the method is available for `DateTime<Utc>` here
    |
    = help: items from traits can only be used if the trait is in scope
help: trait `Datelike` which provides `weekday` is implemented but not in scope; perhaps you want to import it
    |
7   + use chrono::Datelike;
    |

error[E0277]: `?` couldn't convert the error to `DxError`
   --> pancetta-dx/src/reports.rs:303:35
    |
303 |         writeln!(html, "</style>")?;
    |         --------------------------^ the trait `From<std::fmt::Error>` is not implemented for `DxError`
    |         |
    |         this can't be annotated with `?` because it has type `Result<_, std::fmt::Error>`
    |
note: `DxError` needs to implement `From<std::fmt::Error>`
   --> pancetta-dx/src/lib.rs:38:1
    |
38  | pub enum DxError {
    | ^^^^^^^^^^^^^^^^
    = note: the question mark operation (`?`) implicitly performs a conversion on the error value using the `From` trait
    = help: the following other types implement trait `From<T>`:
              `DxError` implements `From<reqwest::Error>`
              `DxError` implements `From<rusqlite::Error>`

error[E0277]: `?` couldn't convert the error to `DxError`
   --> pancetta-dx/src/reports.rs:304:34
    |
304 |         writeln!(html, "</head>")?;
    |         -------------------------^ the trait `From<std::fmt::Error>` is not implemented for `DxError`
    |         |
    |         this can't be annotated with `?` because it has type `Result<_, std::fmt::Error>`
    |
note: `DxError` needs to implement `From<std::fmt::Error>`
   --> pancetta-dx/src/lib.rs:38:1
    |
38  | pub enum DxError {
    | ^^^^^^^^^^^^^^^^
    = note: the question mark operation (`?`) implicitly performs a conversion on the error value using the `From` trait
    = help: the following other types implement trait `From<T>`:
              `DxError` implements `From<reqwest::Error>`
              `DxError` implements `From<rusqlite::Error>`

error[E0277]: `?` couldn't convert the error to `DxError`
   --> pancetta-dx/src/reports.rs:305:33
    |
305 |         writeln!(html, "<body>")?;
    |         ------------------------^ the trait `From<std::fmt::Error>` is not implemented for `DxError`
    |         |
    |         this can't be annotated with `?` because it has type `Result<_, std::fmt::Error>`
    |
note: `DxError` needs to implement `From<std::fmt::Error>`
   --> pancetta-dx/src/lib.rs:38:1
    |
38  | pub enum DxError {
    | ^^^^^^^^^^^^^^^^
    = note: the question mark operation (`?`) implicitly performs a conversion on the error value using the `From` trait
    = help: the following other types implement trait `From<T>`:
              `DxError` implements `From<reqwest::Error>`
              `DxError` implements `From<rusqlite::Error>`

error[E0277]: `?` couldn't convert the error to `DxError`
   --> pancetta-dx/src/reports.rs:308:56
    |
308 |         writeln!(html, "<h1>DXCC Progress Report</h1>")?;
    |         -----------------------------------------------^ the trait `From<std::fmt::Error>` is not implemented for `DxError`
    |         |
    |         this can't be annotated with `?` because it has type `Result<_, std::fmt::Error>`
    |
note: `DxError` needs to implement `From<std::fmt::Error>`
   --> pancetta-dx/src/lib.rs:38:1
    |
38  | pub enum DxError {
    | ^^^^^^^^^^^^^^^^
    = note: the question mark operation (`?`) implicitly performs a conversion on the error value using the `From` trait
    = help: the following other types implement trait `From<T>`:
              `DxError` implements `From<reqwest::Error>`
              `DxError` implements `From<rusqlite::Error>`

error[E0277]: `?` couldn't convert the error to `DxError`
   --> pancetta-dx/src/reports.rs:309:87
    |
309 |         writeln!(html, "<p><strong>Station:</strong> {}</p>", report.station_callsign)?;
    |         ------------------------------------------------------------------------------^ the trait `From<std::fmt::Error>` is not implemented for `DxError`
    |         |
    |         this can't be annotated with `?` because it has type `Result<_, std::fmt::Error>`
    |
note: `DxError` needs to implement `From<std::fmt::Error>`
   --> pancetta-dx/src/lib.rs:38:1
    |
38  | pub enum DxError {
    | ^^^^^^^^^^^^^^^^
    = note: the question mark operation (`?`) implicitly performs a conversion on the error value using the `From` trait
    = help: the following other types implement trait `From<T>`:
              `DxError` implements `From<reqwest::Error>`
              `DxError` implements `From<rusqlite::Error>`

error[E0277]: `?` couldn't convert the error to `DxError`
   --> pancetta-dx/src/reports.rs:310:114
    |
310 |         writeln!(html, "<p><strong>Generated:</strong> {}</p>", report.generated_at.format("%Y-%m-%d %H:%M UTC"))?;
    |         ---------------------------------------------------------------------------------------------------------^ the trait `From<std::fmt::Error>` is not implemented for `DxError`
    |         |
    |         this can't be annotated with `?` because it has type `Result<_, std::fmt::Error>`
    |
note: `DxError` needs to implement `From<std::fmt::Error>`
   --> pancetta-dx/src/lib.rs:38:1
    |
38  | pub enum DxError {
    | ^^^^^^^^^^^^^^^^
    = note: the question mark operation (`?`) implicitly performs a conversion on the error value using the `From` trait
    = help: the following other types implement trait `From<T>`:
              `DxError` implements `From<reqwest::Error>`
              `DxError` implements `From<rusqlite::Error>`

error[E0277]: `?` couldn't convert the error to `DxError`
   --> pancetta-dx/src/reports.rs:313:55
    |
313 |         writeln!(html, "<h2>Overall DXCC Status</h2>")?;
    |         ----------------------------------------------^ the trait `From<std::fmt::Error>` is not implemented for `DxError`
    |         |
    |         this can't be annotated with `?` because it has type `Result<_, std::fmt::Error>`
    |
note: `DxError` needs to implement `From<std::fmt::Error>`
   --> pancetta-dx/src/lib.rs:38:1
    |
38  | pub enum DxError {
    | ^^^^^^^^^^^^^^^^
    = note: the question mark operation (`?`) implicitly performs a conversion on the error value using the `From` trait
    = help: the following other types implement trait `From<T>`:
              `DxError` implements `From<reqwest::Error>`
              `DxError` implements `From<rusqlite::Error>`

warning: unused variable: `report`
   --> pancetta-qso/src/auto_sequencer.rs:444:50
    |
444 |             SequenceAction::SendReport { qso_id, report } => {
    |                                                  ^^^^^^ help: try ignoring the field: `report: _`
    |
    = note: `#[warn(unused_variables)]` on by default

warning: unused variable: `reason`
   --> pancetta-qso/src/auto_sequencer.rs:449:49
    |
449 |             SequenceAction::CancelQso { qso_id, reason } => {
    |                                                 ^^^^^^ help: try ignoring the field: `reason: _`

error[E0277]: `?` couldn't convert the error to `DxError`
   --> pancetta-dx/src/reports.rs:317:48
    |
317 |         writeln!(html, "<h2>DXCC by Band</h2>")?;
    |         ---------------------------------------^ the trait `From<std::fmt::Error>` is not implemented for `DxError`
    |         |
    |         this can't be annotated with `?` because it has type `Result<_, std::fmt::Error>`
    |
note: `DxError` needs to implement `From<std::fmt::Error>`
   --> pancetta-dx/src/lib.rs:38:1
    |
38  | pub enum DxError {
    | ^^^^^^^^^^^^^^^^
    = note: the question mark operation (`?`) implicitly performs a conversion on the error value using the `From` trait
    = help: the following other types implement trait `From<T>`:
              `DxError` implements `From<reqwest::Error>`
              `DxError` implements `From<rusqlite::Error>`

error[E0277]: `?` couldn't convert the error to `DxError`
   --> pancetta-dx/src/reports.rs:318:34
    |
318 |         writeln!(html, "<table>")?;
    |         -------------------------^ the trait `From<std::fmt::Error>` is not implemented for `DxError`
    |         |
    |         this can't be annotated with `?` because it has type `Result<_, std::fmt::Error>`
    |
note: `DxError` needs to implement `From<std::fmt::Error>`
   --> pancetta-dx/src/lib.rs:38:1
    |
38  | pub enum DxError {
    | ^^^^^^^^^^^^^^^^
    = note: the question mark operation (`?`) implicitly performs a conversion on the error value using the `From` trait
    = help: the following other types implement trait `From<T>`:
              `DxError` implements `From<reqwest::Error>`
              `DxError` implements `From<rusqlite::Error>`

error[E0277]: `?` couldn't convert the error to `DxError`
   --> pancetta-dx/src/reports.rs:319:114
    |
319 |         writeln!(html, "<tr><th>Band</th><th>Worked</th><th>Confirmed</th><th>Progress</th><th>Status</th></tr>")?;
    |         ---------------------------------------------------------------------------------------------------------^ the trait `From<std::fmt::Error>` is not implemented for `DxError`
    |         |
    |         this can't be annotated with `?` because it has type `Result<_, std::fmt::Error>`
    |
note: `DxError` needs to implement `From<std::fmt::Error>`
   --> pancetta-dx/src/lib.rs:38:1
    |
38  | pub enum DxError {
    | ^^^^^^^^^^^^^^^^
    = note: the question mark operation (`?`) implicitly performs a conversion on the error value using the `From` trait
    = help: the following other types implement trait `From<T>`:
              `DxError` implements `From<reqwest::Error>`
              `DxError` implements `From<rusqlite::Error>`

error[E0277]: `?` couldn't convert the error to `DxError`
   --> pancetta-dx/src/reports.rs:325:35
    |
325 |             writeln!(html, "<tr>")?;
    |             ----------------------^ the trait `From<std::fmt::Error>` is not implemented for `DxError`
    |             |
    |             this can't be annotated with `?` because it has type `Result<_, std::fmt::Error>`
    |
note: `DxError` needs to implement `From<std::fmt::Error>`
   --> pancetta-dx/src/lib.rs:38:1
    |
38  | pub enum DxError {
    | ^^^^^^^^^^^^^^^^
    = note: the question mark operation (`?`) implicitly performs a conversion on the error value using the `From` trait
    = help: the following other types implement trait `From<T>`:
              `DxError` implements `From<reqwest::Error>`
              `DxError` implements `From<rusqlite::Error>`

error[E0277]: `?` couldn't convert the error to `DxError`
   --> pancetta-dx/src/reports.rs:326:48
    |
326 |             writeln!(html, "<td>{}</td>", band)?;
    |             -----------------------------------^ the trait `From<std::fmt::Error>` is not implemented for `DxError`
    |             |
    |             this can't be annotated with `?` because it has type `Result<_, std::fmt::Error>`
    |
note: `DxError` needs to implement `From<std::fmt::Error>`
   --> pancetta-dx/src/lib.rs:38:1
    |
38  | pub enum DxError {
    | ^^^^^^^^^^^^^^^^
    = note: the question mark operation (`?`) implicitly performs a conversion on the error value using the `From` trait
    = help: the following other types implement trait `From<T>`:
              `DxError` implements `From<reqwest::Error>`
              `DxError` implements `From<rusqlite::Error>`

error[E0277]: `?` couldn't convert the error to `DxError`
   --> pancetta-dx/src/reports.rs:327:57
    |
327 |             writeln!(html, "<td>{}</td>", status.worked)?;
    |             --------------------------------------------^ the trait `From<std::fmt::Error>` is not implemented for `DxError`
    |             |
    |             this can't be annotated with `?` because it has type `Result<_, std::fmt::Error>`
    |
note: `DxError` needs to implement `From<std::fmt::Error>`
   --> pancetta-dx/src/lib.rs:38:1
    |
38  | pub enum DxError {
    | ^^^^^^^^^^^^^^^^
    = note: the question mark operation (`?`) implicitly performs a conversion on the error value using the `From` trait
    = help: the following other types implement trait `From<T>`:
              `DxError` implements `From<reqwest::Error>`
              `DxError` implements `From<rusqlite::Error>`

error[E0277]: `?` couldn't convert the error to `DxError`
   --> pancetta-dx/src/reports.rs:328:60
    |
328 |             writeln!(html, "<td>{}</td>", status.confirmed)?;
    |             -----------------------------------------------^ the trait `From<std::fmt::Error>` is not implemented for `DxError`
    |             |
    |             this can't be annotated with `?` because it has type `Result<_, std::fmt::Error>`
    |
note: `DxError` needs to implement `From<std::fmt::Error>`
   --> pancetta-dx/src/lib.rs:38:1
    |
38  | pub enum DxError {
    | ^^^^^^^^^^^^^^^^
    = note: the question mark operation (`?`) implicitly performs a conversion on the error value using the `From` trait
    = help: the following other types implement trait `From<T>`:
              `DxError` implements `From<reqwest::Error>`
              `DxError` implements `From<rusqlite::Error>`

error[E0277]: `?` couldn't convert the error to `DxError`
   --> pancetta-dx/src/reports.rs:329:35
    |
329 |             writeln!(html, "<td>")?;
    |             ----------------------^ the trait `From<std::fmt::Error>` is not implemented for `DxError`
    |             |
    |             this can't be annotated with `?` because it has type `Result<_, std::fmt::Error>`
    |
note: `DxError` needs to implement `From<std::fmt::Error>`
   --> pancetta-dx/src/lib.rs:38:1
    |
38  | pub enum DxError {
    | ^^^^^^^^^^^^^^^^
    = note: the question mark operation (`?`) implicitly performs a conversion on the error value using the `From` trait
    = help: the following other types implement trait `From<T>`:
              `DxError` implements `From<reqwest::Error>`
              `DxError` implements `From<rusqlite::Error>`

error[E0277]: `?` couldn't convert the error to `DxError`
   --> pancetta-dx/src/reports.rs:330:59
    |
330 |             writeln!(html, "<div class=\"progress-bar\">")?;
    |             ----------------------------------------------^ the trait `From<std::fmt::Error>` is not implemented for `DxError`
    |             |
    |             this can't be annotated with `?` because it has type `Result<_, std::fmt::Error>`
    |
note: `DxError` needs to implement `From<std::fmt::Error>`
   --> pancetta-dx/src/lib.rs:38:1
    |
38  | pub enum DxError {
    | ^^^^^^^^^^^^^^^^
    = note: the question mark operation (`?`) implicitly performs a conversion on the error value using the `From` trait
    = help: the following other types implement trait `From<T>`:
              `DxError` implements `From<reqwest::Error>`
              `DxError` implements `From<rusqlite::Error>`

error[E0277]: `?` couldn't convert the error to `DxError`
   --> pancetta-dx/src/reports.rs:331:113
    |
331 |             writeln!(html, "<div class=\"progress-fill\" style=\"width: {}%;\"></div>", status.progress_percent)?;
    |             ----------------------------------------------------------------------------------------------------^ the trait `From<std::fmt::Error>` is not implemented for `DxError`
    |             |
    |             this can't be annotated with `?` because it has type `Result<_, std::fmt::Error>`
    |
note: `DxError` needs to implement `From<std::fmt::Error>`
   --> pancetta-dx/src/lib.rs:38:1
    |
38  | pub enum DxError {
    | ^^^^^^^^^^^^^^^^
    = note: the question mark operation (`?`) implicitly performs a conversion on the error value using the `From` trait
    = help: the following other types implement trait `From<T>`:
              `DxError` implements `From<reqwest::Error>`
              `DxError` implements `From<rusqlite::Error>`

error[E0277]: `?` couldn't convert the error to `DxError`
   --> pancetta-dx/src/reports.rs:332:37
    |
332 |             writeln!(html, "</div>")?;
    |             ------------------------^ the trait `From<std::fmt::Error>` is not implemented for `DxError`
    |             |
    |             this can't be annotated with `?` because it has type `Result<_, std::fmt::Error>`
    |
note: `DxError` needs to implement `From<std::fmt::Error>`
   --> pancetta-dx/src/lib.rs:38:1
    |
38  | pub enum DxError {
    | ^^^^^^^^^^^^^^^^
    = note: the question mark operation (`?`) implicitly performs a conversion on the error value using the `From` trait
    = help: the following other types implement trait `From<T>`:
              `DxError` implements `From<reqwest::Error>`
              `DxError` implements `From<rusqlite::Error>`

error[E0277]: `?` couldn't convert the error to `DxError`
   --> pancetta-dx/src/reports.rs:333:62
    |
333 |             writeln!(html, "{:.1}%", status.progress_percent)?;
    |             -------------------------------------------------^ the trait `From<std::fmt::Error>` is not implemented for `DxError`
    |             |
    |             this can't be annotated with `?` because it has type `Result<_, std::fmt::Error>`
    |
note: `DxError` needs to implement `From<std::fmt::Error>`
   --> pancetta-dx/src/lib.rs:38:1
    |
38  | pub enum DxError {
    | ^^^^^^^^^^^^^^^^
    = note: the question mark operation (`?`) implicitly performs a conversion on the error value using the `From` trait
    = help: the following other types implement trait `From<T>`:
              `DxError` implements `From<reqwest::Error>`
              `DxError` implements `From<rusqlite::Error>`

error[E0277]: `?` couldn't convert the error to `DxError`
   --> pancetta-dx/src/reports.rs:334:36
    |
334 |             writeln!(html, "</td>")?;
    |             -----------------------^ the trait `From<std::fmt::Error>` is not implemented for `DxError`
    |             |
    |             this can't be annotated with `?` because it has type `Result<_, std::fmt::Error>`
    |
note: `DxError` needs to implement `From<std::fmt::Error>`
   --> pancetta-dx/src/lib.rs:38:1
    |
38  | pub enum DxError {
    | ^^^^^^^^^^^^^^^^
    = note: the question mark operation (`?`) implicitly performs a conversion on the error value using the `From` trait
    = help: the following other types implement trait `From<T>`:
              `DxError` implements `From<reqwest::Error>`
              `DxError` implements `From<rusqlite::Error>`

error[E0277]: `?` couldn't convert the error to `DxError`
   --> pancetta-dx/src/reports.rs:335:82
    |
335 |             writeln!(html, "<td class=\"{}\">{}</td>", status_class, status_text)?;
    |             ---------------------------------------------------------------------^ the trait `From<std::fmt::Error>` is not implemented for `DxError`
    |             |
    |             this can't be annotated with `?` because it has type `Result<_, std::fmt::Error>`
    |
note: `DxError` needs to implement `From<std::fmt::Error>`
   --> pancetta-dx/src/lib.rs:38:1
    |
38  | pub enum DxError {
    | ^^^^^^^^^^^^^^^^
    = note: the question mark operation (`?`) implicitly performs a conversion on the error value using the `From` trait
    = help: the following other types implement trait `From<T>`:
              `DxError` implements `From<reqwest::Error>`
              `DxError` implements `From<rusqlite::Error>`

error[E0277]: `?` couldn't convert the error to `DxError`
   --> pancetta-dx/src/reports.rs:336:36
    |
336 |             writeln!(html, "</tr>")?;
    |             -----------------------^ the trait `From<std::fmt::Error>` is not implemented for `DxError`
    |             |
    |             this can't be annotated with `?` because it has type `Result<_, std::fmt::Error>`
    |
note: `DxError` needs to implement `From<std::fmt::Error>`
   --> pancetta-dx/src/lib.rs:38:1
    |
38  | pub enum DxError {
    | ^^^^^^^^^^^^^^^^
    = note: the question mark operation (`?`) implicitly performs a conversion on the error value using the `From` trait
    = help: the following other types implement trait `From<T>`:
              `DxError` implements `From<reqwest::Error>`
              `DxError` implements `From<rusqlite::Error>`

error[E0277]: `?` couldn't convert the error to `DxError`
   --> pancetta-dx/src/reports.rs:338:35
    |
338 |         writeln!(html, "</table>")?;
    |         --------------------------^ the trait `From<std::fmt::Error>` is not implemented for `DxError`
    |         |
    |         this can't be annotated with `?` because it has type `Result<_, std::fmt::Error>`
    |
note: `DxError` needs to implement `From<std::fmt::Error>`
   --> pancetta-dx/src/lib.rs:38:1
    |
38  | pub enum DxError {
    | ^^^^^^^^^^^^^^^^
    = note: the question mark operation (`?`) implicitly performs a conversion on the error value using the `From` trait
    = help: the following other types implement trait `From<T>`:
              `DxError` implements `From<reqwest::Error>`
              `DxError` implements `From<rusqlite::Error>`

error[E0277]: `?` couldn't convert the error to `DxError`
   --> pancetta-dx/src/reports.rs:341:57
    |
341 |         writeln!(html, "<h2>Entities Still Needed</h2>")?;
    |         ------------------------------------------------^ the trait `From<std::fmt::Error>` is not implemented for `DxError`
    |         |
    |         this can't be annotated with `?` because it has type `Result<_, std::fmt::Error>`
    |
note: `DxError` needs to implement `From<std::fmt::Error>`
   --> pancetta-dx/src/lib.rs:38:1
    |
38  | pub enum DxError {
    | ^^^^^^^^^^^^^^^^
    = note: the question mark operation (`?`) implicitly performs a conversion on the error value using the `From` trait
    = help: the following other types implement trait `From<T>`:
              `DxError` implements `From<reqwest::Error>`
              `DxError` implements `From<rusqlite::Error>`

error[E0277]: `?` couldn't convert the error to `DxError`
   --> pancetta-dx/src/reports.rs:342:34
    |
342 |         writeln!(html, "<table>")?;
    |         -------------------------^ the trait `From<std::fmt::Error>` is not implemented for `DxError`
    |         |
    |         this can't be annotated with `?` because it has type `Result<_, std::fmt::Error>`
    |
note: `DxError` needs to implement `From<std::fmt::Error>`
   --> pancetta-dx/src/lib.rs:38:1
    |
38  | pub enum DxError {
    | ^^^^^^^^^^^^^^^^
    = note: the question mark operation (`?`) implicitly performs a conversion on the error value using the `From` trait
    = help: the following other types implement trait `From<T>`:
              `DxError` implements `From<reqwest::Error>`
              `DxError` implements `From<rusqlite::Error>`

error[E0277]: `?` couldn't convert the error to `DxError`
   --> pancetta-dx/src/reports.rs:343:118
    |
343 |         writeln!(html, "<tr><th>Entity</th><th>Prefix</th><th>Continent</th><th>Priority</th><th>Activity</th></tr>")?;
    |         -------------------------------------------------------------------------------------------------------------^ the trait `From<std::fmt::Error>` is not implemented for `DxError`
    |         |
    |         this can't be annotated with `?` because it has type `Result<_, std::fmt::Error>`
    |
note: `DxError` needs to implement `From<std::fmt::Error>`
   --> pancetta-dx/src/lib.rs:38:1
    |
38  | pub enum DxError {
    | ^^^^^^^^^^^^^^^^
    = note: the question mark operation (`?`) implicitly performs a conversion on the error value using the `From` trait
    = help: the following other types implement trait `From<T>`:
              `DxError` implements `From<reqwest::Error>`
              `DxError` implements `From<rusqlite::Error>`

error[E0277]: `?` couldn't convert the error to `DxError`
   --> pancetta-dx/src/reports.rs:346:35
    |
346 |             writeln!(html, "<tr>")?;
    |             ----------------------^ the trait `From<std::fmt::Error>` is not implemented for `DxError`
    |             |
    |             this can't be annotated with `?` because it has type `Result<_, std::fmt::Error>`
    |
note: `DxError` needs to implement `From<std::fmt::Error>`
   --> pancetta-dx/src/lib.rs:38:1
    |
38  | pub enum DxError {
    | ^^^^^^^^^^^^^^^^
    = note: the question mark operation (`?`) implicitly performs a conversion on the error value using the `From` trait
    = help: the following other types implement trait `From<T>`:
              `DxError` implements `From<reqwest::Error>`
              `DxError` implements `From<rusqlite::Error>`

error[E0277]: `?` couldn't convert the error to `DxError`
   --> pancetta-dx/src/reports.rs:347:62
    |
347 |             writeln!(html, "<td>{}</td>", entity.entity_name)?;
    |             -------------------------------------------------^ the trait `From<std::fmt::Error>` is not implemented for `DxError`
    |             |
    |             this can't be annotated with `?` because it has type `Result<_, std::fmt::Error>`
    |
note: `DxError` needs to implement `From<std::fmt::Error>`
   --> pancetta-dx/src/lib.rs:38:1
    |
38  | pub enum DxError {
    | ^^^^^^^^^^^^^^^^
    = note: the question mark operation (`?`) implicitly performs a conversion on the error value using the `From` trait
    = help: the following other types implement trait `From<T>`:
              `DxError` implements `From<reqwest::Error>`
              `DxError` implements `From<rusqlite::Error>`

error[E0277]: `?` couldn't convert the error to `DxError`
   --> pancetta-dx/src/reports.rs:348:57
    |
348 |             writeln!(html, "<td>{}</td>", entity.prefix)?;
    |             --------------------------------------------^ the trait `From<std::fmt::Error>` is not implemented for `DxError`
    |             |
    |             this can't be annotated with `?` because it has type `Result<_, std::fmt::Error>`
    |
note: `DxError` needs to implement `From<std::fmt::Error>`
   --> pancetta-dx/src/lib.rs:38:1
    |
38  | pub enum DxError {
    | ^^^^^^^^^^^^^^^^
    = note: the question mark operation (`?`) implicitly performs a conversion on the error value using the `From` trait
    = help: the following other types implement trait `From<T>`:
              `DxError` implements `From<reqwest::Error>`
              `DxError` implements `From<rusqlite::Error>`

error[E0277]: `?` couldn't convert the error to `DxError`
   --> pancetta-dx/src/reports.rs:349:60
    |
349 |             writeln!(html, "<td>{}</td>", entity.continent)?;
    |             -----------------------------------------------^ the trait `From<std::fmt::Error>` is not implemented for `DxError`
    |             |
    |             this can't be annotated with `?` because it has type `Result<_, std::fmt::Error>`
    |
note: `DxError` needs to implement `From<std::fmt::Error>`
   --> pancetta-dx/src/lib.rs:38:1
    |
38  | pub enum DxError {
    | ^^^^^^^^^^^^^^^^
    = note: the question mark operation (`?`) implicitly performs a conversion on the error value using the `From` trait
    = help: the following other types implement trait `From<T>`:
              `DxError` implements `From<reqwest::Error>`
              `DxError` implements `From<rusqlite::Error>`

error[E0277]: `?` couldn't convert the error to `DxError`
   --> pancetta-dx/src/reports.rs:350:68
    |
350 |             writeln!(html, "<td>{:.2}</td>", entity.priority_score)?;
    |             -------------------------------------------------------^ the trait `From<std::fmt::Error>` is not implemented for `DxError`
    |             |
    |             this can't be annotated with `?` because it has type `Result<_, std::fmt::Error>`
    |
note: `DxError` needs to implement `From<std::fmt::Error>`
   --> pancetta-dx/src/lib.rs:38:1
    |
38  | pub enum DxError {
    | ^^^^^^^^^^^^^^^^
    = note: the question mark operation (`?`) implicitly performs a conversion on the error value using the `From` trait
    = help: the following other types implement trait `From<T>`:
              `DxError` implements `From<reqwest::Error>`
              `DxError` implements `From<rusqlite::Error>`

error[E0277]: `?` couldn't convert the error to `DxError`
   --> pancetta-dx/src/reports.rs:351:65
    |
351 |             writeln!(html, "<td>{}</td>", entity.activity_level)?;
    |             ----------------------------------------------------^ the trait `From<std::fmt::Error>` is not implemented for `DxError`
    |             |
    |             this can't be annotated with `?` because it has type `Result<_, std::fmt::Error>`
    |
note: `DxError` needs to implement `From<std::fmt::Error>`
   --> pancetta-dx/src/lib.rs:38:1
    |
38  | pub enum DxError {
    | ^^^^^^^^^^^^^^^^
    = note: the question mark operation (`?`) implicitly performs a conversion on the error value using the `From` trait
    = help: the following other types implement trait `From<T>`:
              `DxError` implements `From<reqwest::Error>`
              `DxError` implements `From<rusqlite::Error>`

error[E0277]: `?` couldn't convert the error to `DxError`
   --> pancetta-dx/src/reports.rs:352:36
    |
352 |             writeln!(html, "</tr>")?;
    |             -----------------------^ the trait `From<std::fmt::Error>` is not implemented for `DxError`
    |             |
    |             this can't be annotated with `?` because it has type `Result<_, std::fmt::Error>`
    |
note: `DxError` needs to implement `From<std::fmt::Error>`
   --> pancetta-dx/src/lib.rs:38:1
    |
38  | pub enum DxError {
    | ^^^^^^^^^^^^^^^^
    = note: the question mark operation (`?`) implicitly performs a conversion on the error value using the `From` trait
    = help: the following other types implement trait `From<T>`:
              `DxError` implements `From<reqwest::Error>`
              `DxError` implements `From<rusqlite::Error>`

error[E0277]: `?` couldn't convert the error to `DxError`
   --> pancetta-dx/src/reports.rs:354:35
    |
354 |         writeln!(html, "</table>")?;
    |         --------------------------^ the trait `From<std::fmt::Error>` is not implemented for `DxError`
    |         |
    |         this can't be annotated with `?` because it has type `Result<_, std::fmt::Error>`
    |
note: `DxError` needs to implement `From<std::fmt::Error>`
   --> pancetta-dx/src/lib.rs:38:1
    |
38  | pub enum DxError {
    | ^^^^^^^^^^^^^^^^
    = note: the question mark operation (`?`) implicitly performs a conversion on the error value using the `From` trait
    = help: the following other types implement trait `From<T>`:
              `DxError` implements `From<reqwest::Error>`
              `DxError` implements `From<rusqlite::Error>`

error[E0277]: `?` couldn't convert the error to `DxError`
   --> pancetta-dx/src/reports.rs:357:51
    |
357 |         writeln!(html, "<h2>Recent Activity</h2>")?;
    |         ------------------------------------------^ the trait `From<std::fmt::Error>` is not implemented for `DxError`
    |         |
    |         this can't be annotated with `?` because it has type `Result<_, std::fmt::Error>`
    |
note: `DxError` needs to implement `From<std::fmt::Error>`
   --> pancetta-dx/src/lib.rs:38:1
    |
38  | pub enum DxError {
    | ^^^^^^^^^^^^^^^^
    = note: the question mark operation (`?`) implicitly performs a conversion on the error value using the `From` trait
    = help: the following other types implement trait `From<T>`:
              `DxError` implements `From<reqwest::Error>`
              `DxError` implements `From<rusqlite::Error>`

error[E0277]: `?` couldn't convert the error to `DxError`
   --> pancetta-dx/src/reports.rs:358:34
    |
358 |         writeln!(html, "<table>")?;
    |         -------------------------^ the trait `From<std::fmt::Error>` is not implemented for `DxError`
    |         |
    |         this can't be annotated with `?` because it has type `Result<_, std::fmt::Error>`
    |
note: `DxError` needs to implement `From<std::fmt::Error>`
   --> pancetta-dx/src/lib.rs:38:1
    |
38  | pub enum DxError {
    | ^^^^^^^^^^^^^^^^
    = note: the question mark operation (`?`) implicitly performs a conversion on the error value using the `From` trait
    = help: the following other types implement trait `From<T>`:
              `DxError` implements `From<reqwest::Error>`
              `DxError` implements `From<rusqlite::Error>`

error[E0277]: `?` couldn't convert the error to `DxError`
   --> pancetta-dx/src/reports.rs:359:122
    |
359 |         writeln!(html, "<tr><th>Date</th><th>Callsign</th><th>Entity</th><th>Band</th><th>Mode</th><th>Status</th></tr>")?;
    |         -----------------------------------------------------------------------------------------------------------------^ the trait `From<std::fmt::Error>` is not implemented for `DxError`
    |         |
    |         this can't be annotated with `?` because it has type `Result<_, std::fmt::Error>`
    |
note: `DxError` needs to implement `From<std::fmt::Error>`
   --> pancetta-dx/src/lib.rs:38:1
    |
38  | pub enum DxError {
    | ^^^^^^^^^^^^^^^^
    = note: the question mark operation (`?`) implicitly performs a conversion on the error value using the `From` trait
    = help: the following other types implement trait `From<T>`:
              `DxError` implements `From<reqwest::Error>`
              `DxError` implements `From<rusqlite::Error>`

error[E0277]: `?` couldn't convert the error to `DxError`
   --> pancetta-dx/src/reports.rs:365:35
    |
365 |             writeln!(html, "<tr>")?;
    |             ----------------------^ the trait `From<std::fmt::Error>` is not implemented for `DxError`
    |             |
    |             this can't be annotated with `?` because it has type `Result<_, std::fmt::Error>`
    |
note: `DxError` needs to implement `From<std::fmt::Error>`
   --> pancetta-dx/src/lib.rs:38:1
    |
38  | pub enum DxError {
    | ^^^^^^^^^^^^^^^^
    = note: the question mark operation (`?`) implicitly performs a conversion on the error value using the `From` trait
    = help: the following other types implement trait `From<T>`:
              `DxError` implements `From<reqwest::Error>`
              `DxError` implements `From<rusqlite::Error>`

warning: variable does not need to be mutable
   --> pancetta-qso/src/auto_sequencer.rs:333:13
    |
333 |         let mut receiver = self.qso_manager.subscribe();
    |             ----^^^^^^^^
    |             |
    |             help: remove this `mut`

error[E0277]: `?` couldn't convert the error to `DxError`
   --> pancetta-dx/src/reports.rs:366:81
    |
366 |             writeln!(html, "<td>{}</td>", entity.date_worked.format("%Y-%m-%d"))?;
    |             --------------------------------------------------------------------^ the trait `From<std::fmt::Error>` is not implemented for `DxError`
    |             |
    |             this can't be annotated with `?` because it has type `Result<_, std::fmt::Error>`
    |
note: `DxError` needs to implement `From<std::fmt::Error>`
   --> pancetta-dx/src/lib.rs:38:1
    |
38  | pub enum DxError {
    | ^^^^^^^^^^^^^^^^
    = note: the question mark operation (`?`) implicitly performs a conversion on the error value using the `From` trait
    = help: the following other types implement trait `From<T>`:
              `DxError` implements `From<reqwest::Error>`
              `DxError` implements `From<rusqlite::Error>`

error[E0277]: `?` couldn't convert the error to `DxError`
   --> pancetta-dx/src/reports.rs:367:59
    |
367 |             writeln!(html, "<td>{}</td>", entity.callsign)?;
    |             ----------------------------------------------^ the trait `From<std::fmt::Error>` is not implemented for `DxError`
    |             |
    |             this can't be annotated with `?` because it has type `Result<_, std::fmt::Error>`
    |
note: `DxError` needs to implement `From<std::fmt::Error>`
   --> pancetta-dx/src/lib.rs:38:1
    |
38  | pub enum DxError {
    | ^^^^^^^^^^^^^^^^
    = note: the question mark operation (`?`) implicitly performs a conversion on the error value using the `From` trait
    = help: the following other types implement trait `From<T>`:
              `DxError` implements `From<reqwest::Error>`
              `DxError` implements `From<rusqlite::Error>`

error[E0277]: `?` couldn't convert the error to `DxError`
   --> pancetta-dx/src/reports.rs:368:62
    |
368 |             writeln!(html, "<td>{}</td>", entity.entity_name)?;
    |             -------------------------------------------------^ the trait `From<std::fmt::Error>` is not implemented for `DxError`
    |             |
    |             this can't be annotated with `?` because it has type `Result<_, std::fmt::Error>`
    |
note: `DxError` needs to implement `From<std::fmt::Error>`
   --> pancetta-dx/src/lib.rs:38:1
    |
38  | pub enum DxError {
    | ^^^^^^^^^^^^^^^^
    = note: the question mark operation (`?`) implicitly performs a conversion on the error value using the `From` trait
    = help: the following other types implement trait `From<T>`:
              `DxError` implements `From<reqwest::Error>`
              `DxError` implements `From<rusqlite::Error>`

error[E0277]: `?` couldn't convert the error to `DxError`
   --> pancetta-dx/src/reports.rs:369:55
    |
369 |             writeln!(html, "<td>{}</td>", entity.band)?;
    |             ------------------------------------------^ the trait `From<std::fmt::Error>` is not implemented for `DxError`
    |             |
    |             this can't be annotated with `?` because it has type `Result<_, std::fmt::Error>`
    |
note: `DxError` needs to implement `From<std::fmt::Error>`
   --> pancetta-dx/src/lib.rs:38:1
    |
38  | pub enum DxError {
    | ^^^^^^^^^^^^^^^^
    = note: the question mark operation (`?`) implicitly performs a conversion on the error value using the `From` trait
    = help: the following other types implement trait `From<T>`:
              `DxError` implements `From<reqwest::Error>`
              `DxError` implements `From<rusqlite::Error>`

error[E0277]: `?` couldn't convert the error to `DxError`
   --> pancetta-dx/src/reports.rs:370:55
    |
370 |             writeln!(html, "<td>{}</td>", entity.mode)?;
    |             ------------------------------------------^ the trait `From<std::fmt::Error>` is not implemented for `DxError`
    |             |
    |             this can't be annotated with `?` because it has type `Result<_, std::fmt::Error>`
    |
note: `DxError` needs to implement `From<std::fmt::Error>`
   --> pancetta-dx/src/lib.rs:38:1
    |
38  | pub enum DxError {
    | ^^^^^^^^^^^^^^^^
    = note: the question mark operation (`?`) implicitly performs a conversion on the error value using the `From` trait
    = help: the following other types implement trait `From<T>`:
              `DxError` implements `From<reqwest::Error>`
              `DxError` implements `From<rusqlite::Error>`

error[E0277]: `?` couldn't convert the error to `DxError`
   --> pancetta-dx/src/reports.rs:371:77
    |
371 |             writeln!(html, "<td class=\"{}\">{}</td>", status_class, status)?;
    |             ----------------------------------------------------------------^ the trait `From<std::fmt::Error>` is not implemented for `DxError`
    |             |
    |             this can't be annotated with `?` because it has type `Result<_, std::fmt::Error>`
    |
note: `DxError` needs to implement `From<std::fmt::Error>`
   --> pancetta-dx/src/lib.rs:38:1
    |
38  | pub enum DxError {
    | ^^^^^^^^^^^^^^^^
    = note: the question mark operation (`?`) implicitly performs a conversion on the error value using the `From` trait
    = help: the following other types implement trait `From<T>`:
              `DxError` implements `From<reqwest::Error>`
              `DxError` implements `From<rusqlite::Error>`

error[E0277]: `?` couldn't convert the error to `DxError`
   --> pancetta-dx/src/reports.rs:372:36
    |
372 |             writeln!(html, "</tr>")?;
    |             -----------------------^ the trait `From<std::fmt::Error>` is not implemented for `DxError`
    |             |
    |             this can't be annotated with `?` because it has type `Result<_, std::fmt::Error>`
    |
note: `DxError` needs to implement `From<std::fmt::Error>`
   --> pancetta-dx/src/lib.rs:38:1
    |
38  | pub enum DxError {
    | ^^^^^^^^^^^^^^^^
    = note: the question mark operation (`?`) implicitly performs a conversion on the error value using the `From` trait
    = help: the following other types implement trait `From<T>`:
              `DxError` implements `From<reqwest::Error>`
              `DxError` implements `From<rusqlite::Error>`

error[E0277]: `?` couldn't convert the error to `DxError`
   --> pancetta-dx/src/reports.rs:374:35
    |
374 |         writeln!(html, "</table>")?;
    |         --------------------------^ the trait `From<std::fmt::Error>` is not implemented for `DxError`
    |         |
    |         this can't be annotated with `?` because it has type `Result<_, std::fmt::Error>`
    |
note: `DxError` needs to implement `From<std::fmt::Error>`
   --> pancetta-dx/src/lib.rs:38:1
    |
38  | pub enum DxError {
    | ^^^^^^^^^^^^^^^^
    = note: the question mark operation (`?`) implicitly performs a conversion on the error value using the `From` trait
    = help: the following other types implement trait `From<T>`:
              `DxError` implements `From<reqwest::Error>`
              `DxError` implements `From<rusqlite::Error>`

error[E0277]: `?` couldn't convert the error to `DxError`
   --> pancetta-dx/src/reports.rs:378:55
    |
378 |             writeln!(html, "<h2>Recommendations</h2>")?;
    |             ------------------------------------------^ the trait `From<std::fmt::Error>` is not implemented for `DxError`
    |             |
    |             this can't be annotated with `?` because it has type `Result<_, std::fmt::Error>`
    |
note: `DxError` needs to implement `From<std::fmt::Error>`
   --> pancetta-dx/src/lib.rs:38:1
    |
38  | pub enum DxError {
    | ^^^^^^^^^^^^^^^^
    = note: the question mark operation (`?`) implicitly performs a conversion on the error value using the `From` trait
    = help: the following other types implement trait `From<T>`:
              `DxError` implements `From<reqwest::Error>`
              `DxError` implements `From<rusqlite::Error>`

error[E0277]: `?` couldn't convert the error to `DxError`
   --> pancetta-dx/src/reports.rs:379:35
    |
379 |             writeln!(html, "<ul>")?;
    |             ----------------------^ the trait `From<std::fmt::Error>` is not implemented for `DxError`
    |             |
    |             this can't be annotated with `?` because it has type `Result<_, std::fmt::Error>`
    |
note: `DxError` needs to implement `From<std::fmt::Error>`
   --> pancetta-dx/src/lib.rs:38:1
    |
38  | pub enum DxError {
    | ^^^^^^^^^^^^^^^^
    = note: the question mark operation (`?`) implicitly performs a conversion on the error value using the `From` trait
    = help: the following other types implement trait `From<T>`:
              `DxError` implements `From<reqwest::Error>`
              `DxError` implements `From<rusqlite::Error>`

error[E0277]: `?` couldn't convert the error to `DxError`
   --> pancetta-dx/src/reports.rs:381:51
    |
381 |                 writeln!(html, "<li>{}</li>", rec)?;
    |                 ----------------------------------^ the trait `From<std::fmt::Error>` is not implemented for `DxError`
    |                 |
    |                 this can't be annotated with `?` because it has type `Result<_, std::fmt::Error>`
    |
note: `DxError` needs to implement `From<std::fmt::Error>`
   --> pancetta-dx/src/lib.rs:38:1
    |
38  | pub enum DxError {
    | ^^^^^^^^^^^^^^^^
    = note: the question mark operation (`?`) implicitly performs a conversion on the error value using the `From` trait
    = help: the following other types implement trait `From<T>`:
              `DxError` implements `From<reqwest::Error>`
              `DxError` implements `From<rusqlite::Error>`

error[E0277]: `?` couldn't convert the error to `DxError`
   --> pancetta-dx/src/reports.rs:383:36
    |
383 |             writeln!(html, "</ul>")?;
    |             -----------------------^ the trait `From<std::fmt::Error>` is not implemented for `DxError`
    |             |
    |             this can't be annotated with `?` because it has type `Result<_, std::fmt::Error>`
    |
note: `DxError` needs to implement `From<std::fmt::Error>`
   --> pancetta-dx/src/lib.rs:38:1
    |
38  | pub enum DxError {
    | ^^^^^^^^^^^^^^^^
    = note: the question mark operation (`?`) implicitly performs a conversion on the error value using the `From` trait
    = help: the following other types implement trait `From<T>`:
              `DxError` implements `From<reqwest::Error>`
              `DxError` implements `From<rusqlite::Error>`

error[E0277]: `?` couldn't convert the error to `DxError`
   --> pancetta-dx/src/reports.rs:386:34
    |
386 |         writeln!(html, "</body>")?;
    |         -------------------------^ the trait `From<std::fmt::Error>` is not implemented for `DxError`
    |         |
    |         this can't be annotated with `?` because it has type `Result<_, std::fmt::Error>`
    |
note: `DxError` needs to implement `From<std::fmt::Error>`
   --> pancetta-dx/src/lib.rs:38:1
    |
38  | pub enum DxError {
    | ^^^^^^^^^^^^^^^^
    = note: the question mark operation (`?`) implicitly performs a conversion on the error value using the `From` trait
    = help: the following other types implement trait `From<T>`:
              `DxError` implements `From<reqwest::Error>`
              `DxError` implements `From<rusqlite::Error>`

error[E0277]: `?` couldn't convert the error to `DxError`
   --> pancetta-dx/src/reports.rs:387:34
    |
387 |         writeln!(html, "</html>")?;
    |         -------------------------^ the trait `From<std::fmt::Error>` is not implemented for `DxError`
    |         |
    |         this can't be annotated with `?` because it has type `Result<_, std::fmt::Error>`
    |
note: `DxError` needs to implement `From<std::fmt::Error>`
   --> pancetta-dx/src/lib.rs:38:1
    |
38  | pub enum DxError {
    | ^^^^^^^^^^^^^^^^
    = note: the question mark operation (`?`) implicitly performs a conversion on the error value using the `From` trait
    = help: the following other types implement trait `From<T>`:
              `DxError` implements `From<reqwest::Error>`
              `DxError` implements `From<rusqlite::Error>`

error[E0277]: `?` couldn't convert the error to `DxError`
   --> pancetta-dx/src/reports.rs:397:46
    |
397 |         writeln!(csv, "DXCC Progress Report")?;
    |         -------------------------------------^ the trait `From<std::fmt::Error>` is not implemented for `DxError`
    |         |
    |         this can't be annotated with `?` because it has type `Result<_, std::fmt::Error>`
    |
note: `DxError` needs to implement `From<std::fmt::Error>`
   --> pancetta-dx/src/lib.rs:38:1
    |
38  | pub enum DxError {
    | ^^^^^^^^^^^^^^^^
    = note: the question mark operation (`?`) implicitly performs a conversion on the error value using the `From` trait
    = help: the following other types implement trait `From<T>`:
              `DxError` implements `From<reqwest::Error>`
              `DxError` implements `From<rusqlite::Error>`

error[E0277]: `?` couldn't convert the error to `DxError`
   --> pancetta-dx/src/reports.rs:398:62
    |
398 |         writeln!(csv, "Station: {}", report.station_callsign)?;
    |         -----------------------------------------------------^ the trait `From<std::fmt::Error>` is not implemented for `DxError`
    |         |
    |         this can't be annotated with `?` because it has type `Result<_, std::fmt::Error>`
    |
note: `DxError` needs to implement `From<std::fmt::Error>`
   --> pancetta-dx/src/lib.rs:38:1
    |
38  | pub enum DxError {
    | ^^^^^^^^^^^^^^^^
    = note: the question mark operation (`?`) implicitly performs a conversion on the error value using the `From` trait
    = help: the following other types implement trait `From<T>`:
              `DxError` implements `From<reqwest::Error>`
              `DxError` implements `From<rusqlite::Error>`

error[E0277]: `?` couldn't convert the error to `DxError`
   --> pancetta-dx/src/reports.rs:399:89
    |
399 |         writeln!(csv, "Generated: {}", report.generated_at.format("%Y-%m-%d %H:%M UTC"))?;
    |         --------------------------------------------------------------------------------^ the trait `From<std::fmt::Error>` is not implemented for `DxError`
    |         |
    |         this can't be annotated with `?` because it has type `Result<_, std::fmt::Error>`
    |
note: `DxError` needs to implement `From<std::fmt::Error>`
   --> pancetta-dx/src/lib.rs:38:1
    |
38  | pub enum DxError {
    | ^^^^^^^^^^^^^^^^
    = note: the question mark operation (`?`) implicitly performs a conversion on the error value using the `From` trait
    = help: the following other types implement trait `From<T>`:
              `DxError` implements `From<reqwest::Error>`
              `DxError` implements `From<rusqlite::Error>`

error[E0277]: `?` couldn't convert the error to `DxError`
   --> pancetta-dx/src/reports.rs:400:22
    |
400 |         writeln!(csv)?;
    |         -------------^ the trait `From<std::fmt::Error>` is not implemented for `DxError`
    |         |
    |         this can't be annotated with `?` because it has type `Result<_, std::fmt::Error>`
    |
note: `DxError` needs to implement `From<std::fmt::Error>`
   --> pancetta-dx/src/lib.rs:38:1
    |
38  | pub enum DxError {
    | ^^^^^^^^^^^^^^^^
    = note: the question mark operation (`?`) implicitly performs a conversion on the error value using the `From` trait
    = help: the following other types implement trait `From<T>`:
              `DxError` implements `From<reqwest::Error>`
              `DxError` implements `From<rusqlite::Error>`

error[E0277]: `?` couldn't convert the error to `DxError`
   --> pancetta-dx/src/reports.rs:403:45
    |
403 |         writeln!(csv, "Overall DXCC Status")?;
    |         ------------------------------------^ the trait `From<std::fmt::Error>` is not implemented for `DxError`
    |         |
    |         this can't be annotated with `?` because it has type `Result<_, std::fmt::Error>`
    |
note: `DxError` needs to implement `From<std::fmt::Error>`
   --> pancetta-dx/src/lib.rs:38:1
    |
38  | pub enum DxError {
    | ^^^^^^^^^^^^^^^^
    = note: the question mark operation (`?`) implicitly performs a conversion on the error value using the `From` trait
    = help: the following other types implement trait `From<T>`:
              `DxError` implements `From<reqwest::Error>`
              `DxError` implements `From<rusqlite::Error>`

error[E0277]: `?` couldn't convert the error to `DxError`
   --> pancetta-dx/src/reports.rs:404:77
    |
404 |         writeln!(csv, "Category,Total,Worked,Confirmed,Progress %,Achieved")?;
    |         --------------------------------------------------------------------^ the trait `From<std::fmt::Error>` is not implemented for `DxError`
    |         |
    |         this can't be annotated with `?` because it has type `Result<_, std::fmt::Error>`
    |
note: `DxError` needs to implement `From<std::fmt::Error>`
   --> pancetta-dx/src/lib.rs:38:1
    |
38  | pub enum DxError {
    | ^^^^^^^^^^^^^^^^
    = note: the question mark operation (`?`) implicitly performs a conversion on the error value using the `From` trait
    = help: the following other types implement trait `From<T>`:
              `DxError` implements `From<reqwest::Error>`
              `DxError` implements `From<rusqlite::Error>`

error[E0277]: `?` couldn't convert the error to `DxError`
   --> pancetta-dx/src/reports.rs:410:54
    |
405 | /         writeln!(csv, "Mixed,{},{},{},{:.1},{}", 
406 | |                 report.overall_status.total_entities,
407 | |                 report.overall_status.worked,
408 | |                 report.overall_status.confirmed,
409 | |                 report.overall_status.progress_percent,
410 | |                 report.overall_status.award_achieved)?;
    | |                                                     -^ the trait `From<std::fmt::Error>` is not implemented for `DxError`
    | |_____________________________________________________|
    |                                                       this can't be annotated with `?` because it has type `Result<_, std::fmt::Error>`
    |
note: `DxError` needs to implement `From<std::fmt::Error>`
   --> pancetta-dx/src/lib.rs:38:1
    |
38  | pub enum DxError {
    | ^^^^^^^^^^^^^^^^
    = note: the question mark operation (`?`) implicitly performs a conversion on the error value using the `From` trait
    = help: the following other types implement trait `From<T>`:
              `DxError` implements `From<reqwest::Error>`
              `DxError` implements `From<rusqlite::Error>`

error[E0277]: `?` couldn't convert the error to `DxError`
   --> pancetta-dx/src/reports.rs:411:22
    |
411 |         writeln!(csv)?;
    |         -------------^ the trait `From<std::fmt::Error>` is not implemented for `DxError`
    |         |
    |         this can't be annotated with `?` because it has type `Result<_, std::fmt::Error>`
    |
note: `DxError` needs to implement `From<std::fmt::Error>`
   --> pancetta-dx/src/lib.rs:38:1
    |
38  | pub enum DxError {
    | ^^^^^^^^^^^^^^^^
    = note: the question mark operation (`?`) implicitly performs a conversion on the error value using the `From` trait
    = help: the following other types implement trait `From<T>`:
              `DxError` implements `From<reqwest::Error>`
              `DxError` implements `From<rusqlite::Error>`

error[E0277]: `?` couldn't convert the error to `DxError`
   --> pancetta-dx/src/reports.rs:414:38
    |
414 |         writeln!(csv, "DXCC by Band")?;
    |         -----------------------------^ the trait `From<std::fmt::Error>` is not implemented for `DxError`
    |         |
    |         this can't be annotated with `?` because it has type `Result<_, std::fmt::Error>`
    |
note: `DxError` needs to implement `From<std::fmt::Error>`
   --> pancetta-dx/src/lib.rs:38:1
    |
38  | pub enum DxError {
    | ^^^^^^^^^^^^^^^^
    = note: the question mark operation (`?`) implicitly performs a conversion on the error value using the `From` trait
    = help: the following other types implement trait `From<T>`:
              `DxError` implements `From<reqwest::Error>`
              `DxError` implements `From<rusqlite::Error>`

error[E0277]: `?` couldn't convert the error to `DxError`
   --> pancetta-dx/src/reports.rs:415:67
    |
415 |         writeln!(csv, "Band,Worked,Confirmed,Progress %,Achieved")?;
    |         ----------------------------------------------------------^ the trait `From<std::fmt::Error>` is not implemented for `DxError`
    |         |
    |         this can't be annotated with `?` because it has type `Result<_, std::fmt::Error>`
    |
note: `DxError` needs to implement `From<std::fmt::Error>`
   --> pancetta-dx/src/lib.rs:38:1
    |
38  | pub enum DxError {
    | ^^^^^^^^^^^^^^^^
    = note: the question mark operation (`?`) implicitly performs a conversion on the error value using the `From` trait
    = help: the following other types implement trait `From<T>`:
              `DxError` implements `From<reqwest::Error>`
              `DxError` implements `From<rusqlite::Error>`

error[E0277]: `?` couldn't convert the error to `DxError`
   --> pancetta-dx/src/reports.rs:419:68
    |
417 | /             writeln!(csv, "{},{},{},{:.1},{}", 
418 | |                     band, status.worked, status.confirmed, 
419 | |                     status.progress_percent, status.award_achieved)?;
    | |                                                                   -^ the trait `From<std::fmt::Error>` is not implemented for `DxError`
    | |___________________________________________________________________|
    |                                                                     this can't be annotated with `?` because it has type `Result<_, std::fmt::Error>`
    |
note: `DxError` needs to implement `From<std::fmt::Error>`
   --> pancetta-dx/src/lib.rs:38:1
    |
38  | pub enum DxError {
    | ^^^^^^^^^^^^^^^^
    = note: the question mark operation (`?`) implicitly performs a conversion on the error value using the `From` trait
    = help: the following other types implement trait `From<T>`:
              `DxError` implements `From<reqwest::Error>`
              `DxError` implements `From<rusqlite::Error>`

error[E0277]: `?` couldn't convert the error to `DxError`
   --> pancetta-dx/src/reports.rs:421:22
    |
421 |         writeln!(csv)?;
    |         -------------^ the trait `From<std::fmt::Error>` is not implemented for `DxError`
    |         |
    |         this can't be annotated with `?` because it has type `Result<_, std::fmt::Error>`
    |
note: `DxError` needs to implement `From<std::fmt::Error>`
   --> pancetta-dx/src/lib.rs:38:1
    |
38  | pub enum DxError {
    | ^^^^^^^^^^^^^^^^
    = note: the question mark operation (`?`) implicitly performs a conversion on the error value using the `From` trait
    = help: the following other types implement trait `From<T>`:
              `DxError` implements `From<reqwest::Error>`
              `DxError` implements `From<rusqlite::Error>`

error[E0277]: `?` couldn't convert the error to `DxError`
   --> pancetta-dx/src/reports.rs:424:47
    |
424 |         writeln!(csv, "Entities Still Needed")?;
    |         --------------------------------------^ the trait `From<std::fmt::Error>` is not implemented for `DxError`
    |         |
    |         this can't be annotated with `?` because it has type `Result<_, std::fmt::Error>`
    |
note: `DxError` needs to implement `From<std::fmt::Error>`
   --> pancetta-dx/src/lib.rs:38:1
    |
38  | pub enum DxError {
    | ^^^^^^^^^^^^^^^^
    = note: the question mark operation (`?`) implicitly performs a conversion on the error value using the `From` trait
    = help: the following other types implement trait `From<T>`:
              `DxError` implements `From<reqwest::Error>`
              `DxError` implements `From<rusqlite::Error>`

error[E0277]: `?` couldn't convert the error to `DxError`
   --> pancetta-dx/src/reports.rs:425:90
    |
425 |         writeln!(csv, "Entity Code,Entity Name,Prefix,Continent,Priority,Activity Level")?;
    |         ---------------------------------------------------------------------------------^ the trait `From<std::fmt::Error>` is not implemented for `DxError`
    |         |
    |         this can't be annotated with `?` because it has type `Result<_, std::fmt::Error>`
    |
note: `DxError` needs to implement `From<std::fmt::Error>`
   --> pancetta-dx/src/lib.rs:38:1
    |
38  | pub enum DxError {
    | ^^^^^^^^^^^^^^^^
    = note: the question mark operation (`?`) implicitly performs a conversion on the error value using the `From` trait
    = help: the following other types implement trait `From<T>`:
              `DxError` implements `From<reqwest::Error>`
              `DxError` implements `From<rusqlite::Error>`

error[E0277]: `?` couldn't convert the error to `DxError`
   --> pancetta-dx/src/reports.rs:429:84
    |
427 | /             writeln!(csv, "{},{},{},{},{:.2},{}", 
428 | |                     entity.entity_code, entity.entity_name, entity.prefix,
429 | |                     entity.continent, entity.priority_score, entity.activity_level)?;
    | |                                                                                   -^ the trait `From<std::fmt::Error>` is not implemented for `DxError`
    | |___________________________________________________________________________________|
    |                                                                                     this can't be annotated with `?` because it has type `Result<_, std::fmt::Error>`
    |
note: `DxError` needs to implement `From<std::fmt::Error>`
   --> pancetta-dx/src/lib.rs:38:1
    |
38  | pub enum DxError {
    | ^^^^^^^^^^^^^^^^
    = note: the question mark operation (`?`) implicitly performs a conversion on the error value using the `From` trait
    = help: the following other types implement trait `From<T>`:
              `DxError` implements `From<reqwest::Error>`
              `DxError` implements `From<rusqlite::Error>`

warning: unused variable: `their_callsign`
   --> pancetta-qso/src/auto_sequencer.rs:589:42
    |
589 |             QsoState::WaitingForReport { their_callsign, .. } 
    |                                          ^^^^^^^^^^^^^^-
    |                                          |
    |                                          help: try removing the field

error[E0308]: mismatched types
   --> pancetta-dx/src/reports.rs:595:17
    |
595 |                 entities_worked,
    |                 ^^^^^^^^^^^^^^^ expected `u32`, found `i64`
    |
help: you can convert an `i64` to a `u32` and panic if the converted value doesn't fit
    |
595 |                 entities_worked: entities_worked.try_into().unwrap(),
    |                 ++++++++++++++++                ++++++++++++++++++++

error[E0609]: no field `confirmation_rate` on type `&reports::DxccStatus`
   --> pancetta-dx/src/reports.rs:667:19
    |
667 |         if status.confirmation_rate < 70.0 {
    |                   ^^^^^^^^^^^^^^^^^ unknown field
    |
    = note: available fields are: `total_entities`, `worked`, `confirmed`, `needed_for_award`, `progress_percent` ... and 3 others

error[E0599]: no method named `with_ymd_and_hms` found for struct `Utc` in the current scope
   --> pancetta-dx/src/reports.rs:779:40
    |
779 |             deadline: Some(chrono::Utc.with_ymd_and_hms(2024, 12, 31, 23, 59, 59).unwrap()),
    |                                        ^^^^^^^^^^^^^^^^ method not found in `Utc`
    |
   ::: /Users/thagale/.cargo/registry/src/index.crates.io-1949cf8c6b5b557f/chrono-0.4.41/src/offset/mod.rs:290:8
    |
290 |     fn with_ymd_and_hms(
    |        ---------------- the method is available for `Utc` here
    |
    = help: items from traits can only be used if the trait is in scope
help: trait `TimeZone` which provides `with_ymd_and_hms` is implemented but not in scope; perhaps you want to import it
    |
6   + use chrono::TimeZone;
    |

error[E0505]: cannot move out of `receiver_guard` because it is borrowed
   --> pancetta-qso/src/logger.rs:685:18
    |
683 |         let mut receiver_guard = self.event_receiver.write().await;
    |             ------------------ binding `receiver_guard` declared here
684 |         if let Some(ref mut receiver) = *receiver_guard {
    |                                          -------------- borrow of `receiver_guard` occurs here
685 |             drop(receiver_guard);
    |                  ^^^^^^^^^^^^^^ move out of `receiver_guard` occurs here
...
693 |                     event = receiver.recv() => {
    |                             -------- borrow later used here

warning: unused variable: `days`
   --> pancetta-dx/src/statistics.rs:456:47
    |
456 |     pub async fn get_activity_timeline(&self, days: i64) -> Result<Vec<ActivityTimelineEntry>> {
    |                                               ^^^^ help: if this is intentional, prefix it with an underscore: `_days`
    |
    = note: `#[warn(unused_variables)]` on by default

Some errors have detailed explanations: E0277, E0308, E0412.
For more information about an error, try `rustc --explain E0277`.
warning: `pancetta-hamlib` (lib) generated 1 warning
warning: pancetta-hamlib@0.1.0: hamlib not found via pkg-config, trying fallback
error: could not compile `pancetta-hamlib` (lib) due to 19 previous errors; 1 warning emitted
warning: build failed, waiting for other jobs to finish...
error[E0716]: temporary value dropped while borrowed
   --> pancetta-qso/src/logger.rs:452:40
    |
452 |         let filter = filter.unwrap_or(&QsoFilter::default());
    |                                        ^^^^^^^^^^^^^^^^^^^^ - temporary value is freed at the end of this statement
    |                                        |
    |                                        creates a temporary value which is freed while still in use
453 |         let options = QueryOptions::default();
454 |         let records = db.search_qsos(filter, &options)
    |                                      ------ borrow later used here
    |
    = note: consider using a `let` binding to create a longer lived value

error[E0308]: mismatched types
   --> pancetta-dx/src/statistics.rs:582:12
    |
579 |             breakdown.insert(month_key, count);
    |             ---------                   ----- this argument has type `i64`...
    |             |
    |             ... which causes `breakdown` to have type `HashMap<std::string::String, i64>`
...
582 |         Ok(breakdown)
    |         -- ^^^^^^^^^ expected `HashMap<String, u32>`, found `HashMap<String, i64>`
    |         |
    |         arguments to this enum variant are incorrect
    |
    = note: expected struct `HashMap<_, u32>`
               found struct `HashMap<_, i64>`
help: the type constructed contains `HashMap<std::string::String, i64>` due to the type of the argument passed
   --> pancetta-dx/src/statistics.rs:582:9
    |
582 |         Ok(breakdown)
    |         ^^^---------^
    |            |
    |            this argument influences the type of `Ok`
note: tuple variant defined here
   --> /rustc/29483883eed69d5fb4db01964cdf2af4d86e9cb2/library/core/src/result.rs:552:5
help: you can convert an `i64` to a `u32` and panic if the converted value doesn't fit
    |
579 |             breakdown.insert(month_key, count.try_into().unwrap());
    |                                              ++++++++++++++++++++

error[E0277]: `?` couldn't convert the error to `DxError`
   --> pancetta-dx/src/tracker.rs:218:64
    |
218 |                 serde_json::to_string(&qso.confirmation_status)?,
    |                 -----------------------------------------------^ the trait `From<serde_json::Error>` is not implemented for `DxError`
    |                 |
    |                 this can't be annotated with `?` because it has type `Result<_, serde_json::Error>`
    |
note: `DxError` needs to implement `From<serde_json::Error>`
   --> pancetta-dx/src/lib.rs:38:1
    |
38  | pub enum DxError {
    | ^^^^^^^^^^^^^^^^
    = note: the question mark operation (`?`) implicitly performs a conversion on the error value using the `From` trait
    = help: the following other types implement trait `From<T>`:
              `DxError` implements `From<reqwest::Error>`
              `DxError` implements `From<rusqlite::Error>`

error[E0716]: temporary value dropped while borrowed
   --> pancetta-qso/src/logger.rs:575:40
    |
575 |         let filter = filter.unwrap_or(&QsoFilter::default());
    |                                        ^^^^^^^^^^^^^^^^^^^^ - temporary value is freed at the end of this statement
    |                                        |
    |                                        creates a temporary value which is freed while still in use
576 |         let options = QueryOptions::default();
577 |         let records = db.search_qsos(filter, &options)
    |                                      ------ borrow later used here
    |
    = note: consider using a `let` binding to create a longer lived value

error[E0277]: `?` couldn't convert the error to `DxError`
   --> pancetta-dx/src/tracker.rs:260:64
    |
260 |                 serde_json::to_string(&qso.confirmation_status)?,
    |                 -----------------------------------------------^ the trait `From<serde_json::Error>` is not implemented for `DxError`
    |                 |
    |                 this can't be annotated with `?` because it has type `Result<_, serde_json::Error>`
    |
note: `DxError` needs to implement `From<serde_json::Error>`
   --> pancetta-dx/src/lib.rs:38:1
    |
38  | pub enum DxError {
    | ^^^^^^^^^^^^^^^^
    = note: the question mark operation (`?`) implicitly performs a conversion on the error value using the `From` trait
    = help: the following other types implement trait `From<T>`:
              `DxError` implements `From<reqwest::Error>`
              `DxError` implements `From<rusqlite::Error>`

warning: variable does not need to be mutable
   --> pancetta-dx/src/tracker.rs:296:18
    |
296 |             Some(mut entry) => {
    |                  ----^^^^^
    |                  |
    |                  help: remove this `mut`
    |
    = note: `#[warn(unused_mut)]` on by default

error[E0277]: `?` couldn't convert the error to `DxError`
   --> pancetta-dx/src/tracker.rs:335:47
    |
335 |                 serde_json::to_string(&status)?,
    |                 ------------------------------^ the trait `From<serde_json::Error>` is not implemented for `DxError`
    |                 |
    |                 this can't be annotated with `?` because it has type `Result<_, serde_json::Error>`
    |
note: `DxError` needs to implement `From<serde_json::Error>`
   --> pancetta-dx/src/lib.rs:38:1
    |
38  | pub enum DxError {
    | ^^^^^^^^^^^^^^^^
    = note: the question mark operation (`?`) implicitly performs a conversion on the error value using the `From` trait
    = help: the following other types implement trait `From<T>`:
              `DxError` implements `From<reqwest::Error>`
              `DxError` implements `From<rusqlite::Error>`

error[E0277]: `?` couldn't convert the error to `DxError`
   --> pancetta-dx/src/tracker.rs:340:87
    |
340 |                 if is_confirmed { Some(serde_json::to_string(&qso.confirmation_status)?) } else { None },
    |                                        -----------------------------------------------^ the trait `From<serde_json::Error>` is not implemented for `DxError`
    |                                        |
    |                                        this can't be annotated with `?` because it has type `Result<_, serde_json::Error>`
    |
note: `DxError` needs to implement `From<serde_json::Error>`
   --> pancetta-dx/src/lib.rs:38:1
    |
38  | pub enum DxError {
    | ^^^^^^^^^^^^^^^^
    = note: the question mark operation (`?`) implicitly performs a conversion on the error value using the `From` trait
    = help: the following other types implement trait `From<T>`:
              `DxError` implements `From<reqwest::Error>`
              `DxError` implements `From<rusqlite::Error>`

warning: unused variable: `metadata`
   --> pancetta-qso/src/logger.rs:725:57
    |
725 |     async fn handle_qso_completed(&self, qso_id: QsoId, metadata: QsoMetadata) -> Result<(), LoggerError> {
    |                                                         ^^^^^^^^ help: if this is intentional, prefix it with an underscore: `_metadata`

error[E0277]: `?` couldn't convert the error to `DxError`
   --> pancetta-dx/src/tracker.rs:363:51
    |
363 |                 serde_json::to_string(&new_status)?,
    |                 ----------------------------------^ the trait `From<serde_json::Error>` is not implemented for `DxError`
    |                 |
    |                 this can't be annotated with `?` because it has type `Result<_, serde_json::Error>`
    |
note: `DxError` needs to implement `From<serde_json::Error>`
   --> pancetta-dx/src/lib.rs:38:1
    |
38  | pub enum DxError {
    | ^^^^^^^^^^^^^^^^
    = note: the question mark operation (`?`) implicitly performs a conversion on the error value using the `From` trait
    = help: the following other types implement trait `From<T>`:
              `DxError` implements `From<reqwest::Error>`
              `DxError` implements `From<rusqlite::Error>`

error[E0277]: the size for values of type `str` cannot be known at compilation time
   --> pancetta-qso/src/logger.rs:776:20
    |
776 |             if let Some(ref callsign) = progress.metadata.their_callsign {
    |                    ^^^^^^^^^^^^^^^^^^ doesn't have a size known at compile-time
    |
    = help: the trait `Sized` is not implemented for `str`
note: required by a bound in `std::prelude::v1::Some`
   --> /rustc/29483883eed69d5fb4db01964cdf2af4d86e9cb2/library/core/src/option.rs:599:5

error[E0277]: the size for values of type `str` cannot be known at compilation time
   --> pancetta-qso/src/logger.rs:787:20
    |
787 |             if let Some(ref callsign) = progress.metadata.their_callsign {
    |                    ^^^^^^^^^^^^^^^^^^ doesn't have a size known at compile-time
    |
    = help: the trait `Sized` is not implemented for `str`
note: required by a bound in `std::prelude::v1::Some`
   --> /rustc/29483883eed69d5fb4db01964cdf2af4d86e9cb2/library/core/src/option.rs:599:5

error[E0277]: `?` couldn't convert the error to `DxError`
   --> pancetta-dx/src/tracker.rs:366:87
    |
366 | ...            if is_confirmed { Some(serde_json::to_string(&qso.confirmation_status)?) } else { entry.confirmation_method.as_ref().map(|...
    |                                       -----------------------------------------------^ the trait `From<serde_json::Error>` is not implemented for `DxError`
    |                                       |
    |                                       this can't be annotated with `?` because it has type `Result<_, serde_json::Error>`
    |
note: `DxError` needs to implement `From<serde_json::Error>`
   --> pancetta-dx/src/lib.rs:38:1
    |
38  | pub enum DxError {
    | ^^^^^^^^^^^^^^^^
    = note: the question mark operation (`?`) implicitly performs a conversion on the error value using the `From` trait
    = help: the following other types implement trait `From<T>`:
              `DxError` implements `From<reqwest::Error>`
              `DxError` implements `From<rusqlite::Error>`

error[E0277]: can't compare `ExportFormat` with `ExportFormat`
   --> pancetta-qso/src/logger.rs:812:53
    |
812 |         if self.config.export_import.export_formats.contains(&ExportFormat::Adif) {
    |                                                     ^^^^^^^^ no implementation for `ExportFormat == ExportFormat`
    |
    = help: the trait `PartialEq` is not implemented for `ExportFormat`
note: required by a bound in `core::slice::<impl [T]>::contains`
   --> /rustc/29483883eed69d5fb4db01964cdf2af4d86e9cb2/library/core/src/slice/mod.rs:2622:5
help: consider annotating `ExportFormat` with `#[derive(PartialEq)]`
    |
124 + #[derive(PartialEq)]
125 | pub enum ExportFormat {
    |

error[E0277]: `?` couldn't convert the error to `DxError`
   --> pancetta-dx/src/tracker.rs:366:179
    |
366 | ...son::to_string(c)).transpose()? },
    |                       -----------^ the trait `From<serde_json::Error>` is not implemented for `DxError`
    |                       |
    |                       this can't be annotated with `?` because it has type `Result<_, serde_json::Error>`
    |
note: `DxError` needs to implement `From<serde_json::Error>`
   --> pancetta-dx/src/lib.rs:38:1
    |
38  | pub enum DxError {
    | ^^^^^^^^^^^^^^^^
    = note: the question mark operation (`?`) implicitly performs a conversion on the error value using the `From` trait
    = help: the following other types implement trait `From<T>`:
              `DxError` implements `From<reqwest::Error>`
              `DxError` implements `From<rusqlite::Error>`

error[E0277]: the size for values of type `str` cannot be known at compilation time
   --> pancetta-qso/src/logger.rs:839:16
    |
839 |         if let Some(ref callsign) = metadata.their_callsign {
    |                ^^^^^^^^^^^^^^^^^^ doesn't have a size known at compile-time
    |
    = help: the trait `Sized` is not implemented for `str`
note: required by a bound in `std::prelude::v1::Some`
   --> /rustc/29483883eed69d5fb4db01964cdf2af4d86e9cb2/library/core/src/option.rs:599:5

warning: unused variable: `callsign`
   --> pancetta-dx/src/tracker.rs:484:35
    |
484 |     pub async fn is_needed(&self, callsign: &str, band: Band, mode: &Mode) -> Result<bool> {
    |                                   ^^^^^^^^ help: if this is intentional, prefix it with an underscore: `_callsign`

warning: unused variable: `band`
   --> pancetta-dx/src/tracker.rs:484:51
    |
484 |     pub async fn is_needed(&self, callsign: &str, band: Band, mode: &Mode) -> Result<bool> {
    |                                                   ^^^^ help: if this is intentional, prefix it with an underscore: `_band`

warning: unused variable: `mode`
   --> pancetta-dx/src/tracker.rs:484:63
    |
484 |     pub async fn is_needed(&self, callsign: &str, band: Band, mode: &Mode) -> Result<bool> {
    |                                                               ^^^^ help: if this is intentional, prefix it with an underscore: `_mode`

error[E0716]: temporary value dropped while borrowed
   --> pancetta-qso/src/statistics.rs:956:40
    |
956 |         let filter = filter.unwrap_or(&QsoFilter::default());
    |                                        ^^^^^^^^^^^^^^^^^^^^ - temporary value is freed at the end of this statement
    |                                        |
    |                                        creates a temporary value which is freed while still in use
...
960 |         let records = self.database.search_qsos(filter, &options)
    |                                                 ------ borrow later used here
    |
    = note: consider using a `let` binding to create a longer lived value

error[E0599]: no method named `get_raw` found for reference `&Row<'_>` in the current scope
   --> pancetta-dx/src/tracker.rs:552:25
    |
552 |                     row.get_raw("band").column(),
    |                         ^^^^^^^
    |
help: there is a method `get_ref` with a similar name
    |
552 -                     row.get_raw("band").column(),
552 +                     row.get_ref("band").column(),
    |

error[E0599]: no method named `with_ymd_and_hms` found for struct `Utc` in the current scope
    --> pancetta-qso/src/statistics.rs:1018:34
     |
1018 |         let start1 = chrono::Utc.with_ymd_and_hms(year1 as i32, 1, 1, 0, 0, 0).unwrap();
     |                                  ^^^^^^^^^^^^^^^^ method not found in `Utc`
     |
    ::: /Users/thagale/.cargo/registry/src/index.crates.io-1949cf8c6b5b557f/chrono-0.4.41/src/offset/mod.rs:290:8
     |
290  |     fn with_ymd_and_hms(
     |        ---------------- the method is available for `Utc` here
     |
     = help: items from traits can only be used if the trait is in scope
help: trait `TimeZone` which provides `with_ymd_and_hms` is implemented but not in scope; perhaps you want to import it
     |
6    + use chrono::TimeZone;
     |

error[E0599]: no method named `with_ymd_and_hms` found for struct `Utc` in the current scope
    --> pancetta-qso/src/statistics.rs:1019:32
     |
1019 |         let end1 = chrono::Utc.with_ymd_and_hms(year1 as i32, 12, 31, 23, 59, 59).unwrap();
     |                                ^^^^^^^^^^^^^^^^ method not found in `Utc`
     |
    ::: /Users/thagale/.cargo/registry/src/index.crates.io-1949cf8c6b5b557f/chrono-0.4.41/src/offset/mod.rs:290:8
     |
290  |     fn with_ymd_and_hms(
     |        ---------------- the method is available for `Utc` here
     |
     = help: items from traits can only be used if the trait is in scope
help: trait `TimeZone` which provides `with_ymd_and_hms` is implemented but not in scope; perhaps you want to import it
     |
6    + use chrono::TimeZone;
     |

error[E0599]: no method named `with_ymd_and_hms` found for struct `Utc` in the current scope
    --> pancetta-qso/src/statistics.rs:1021:34
     |
1021 |         let start2 = chrono::Utc.with_ymd_and_hms(year2 as i32, 1, 1, 0, 0, 0).unwrap();
     |                                  ^^^^^^^^^^^^^^^^ method not found in `Utc`
     |
    ::: /Users/thagale/.cargo/registry/src/index.crates.io-1949cf8c6b5b557f/chrono-0.4.41/src/offset/mod.rs:290:8
     |
290  |     fn with_ymd_and_hms(
     |        ---------------- the method is available for `Utc` here
     |
     = help: items from traits can only be used if the trait is in scope
help: trait `TimeZone` which provides `with_ymd_and_hms` is implemented but not in scope; perhaps you want to import it
     |
6    + use chrono::TimeZone;
     |

error[E0599]: no method named `get_raw` found for reference `&Row<'_>` in the current scope
   --> pancetta-dx/src/tracker.rs:582:25
    |
582 |                     row.get_raw("mode").column(),
    |                         ^^^^^^^
    |
help: there is a method `get_ref` with a similar name
    |
582 -                     row.get_raw("mode").column(),
582 +                     row.get_ref("mode").column(),
    |

error[E0599]: no method named `with_ymd_and_hms` found for struct `Utc` in the current scope
    --> pancetta-qso/src/statistics.rs:1022:32
     |
1022 |         let end2 = chrono::Utc.with_ymd_and_hms(year2 as i32, 12, 31, 23, 59, 59).unwrap();
     |                                ^^^^^^^^^^^^^^^^ method not found in `Utc`
     |
    ::: /Users/thagale/.cargo/registry/src/index.crates.io-1949cf8c6b5b557f/chrono-0.4.41/src/offset/mod.rs:290:8
     |
290  |     fn with_ymd_and_hms(
     |        ---------------- the method is available for `Utc` here
     |
     = help: items from traits can only be used if the trait is in scope
help: trait `TimeZone` which provides `with_ymd_and_hms` is implemented but not in scope; perhaps you want to import it
     |
6    + use chrono::TimeZone;
     |

error[E0277]: the trait bound `Mode: Deserialize<'_>` is not satisfied
    --> pancetta-dx/src/tracker.rs:580:30
     |
580  |             let mode: Mode = serde_json::from_str(&format!("\"{}\"", mode_str))
     |                              ^^^^^^^^^^^^^^^^^^^^^^^^^^^^^^^^^^^^^^^^^^^^^^^^^^ the trait `Deserialize<'_>` is not implemented for `Mode`
     |
     = note: for local types consider adding `#[derive(serde::Deserialize)]` to your `Mode` type
     = note: for types from other crates check whether the crate offers a `serde` feature flag
     = help: the following other types implement trait `Deserialize<'de>`:
               &'a Path
               &'a [u8]
               &'a serde_json::value::RawValue
               &'a str
               ()
               (T,)
               (T0, T1)
               (T0, T1, T2)
             and 226 others
note: required by a bound in `serde_json::from_str`
    --> /Users/thagale/.cargo/registry/src/index.crates.io-1949cf8c6b5b557f/serde_json-1.0.142/src/de.rs:2699:8
     |
2697 | pub fn from_str<'a, T>(s: &'a str) -> Result<T>
     |        -------- required by a bound in this function
2698 | where
2699 |     T: de::Deserialize<'a>,
     |        ^^^^^^^^^^^^^^^^^^^ required by this bound in `from_str`

error[E0382]: use of partially moved value: `mode`
   --> pancetta-dx/src/tracker.rs:667:39
    |
632 |         if let Some(mode) = mode {
    |                     ---- value partially moved here
...
667 |         let award_name = match (band, mode) {
    |                                       ^^^^ value used here after partial move
    |
    = note: partial move occurs because value has type `Mode`, which does not implement the `Copy` trait
help: borrow this binding in the pattern to avoid moving the value
    |
632 |         if let Some(ref mode) = mode {
    |                     +++

error[E0382]: use of moved value: `mode`
   --> pancetta-dx/src/tracker.rs:677:13
    |
623 |     pub async fn get_dxcc_summary(&self, band: Option<Band>, mode: Option<Mode>) -> Result<AwardSummary> {
    |                                                              ---- move occurs because `mode` has type `std::option::Option<Mode>`, which does not implement the `Copy` trait
...
667 |         let award_name = match (band, mode) {
    |                                       ---- value moved here
...
677 |             mode,
    |             ^^^^ value used here after move
    |
help: consider cloning the value if the performance cost is acceptable
    |
667 |         let award_name = match (band, mode.clone()) {
    |                                           ++++++++

warning: unused variable: `limit`
   --> pancetta-dx/src/lib.rs:552:44
    |
552 |     pub async fn get_priority_spots(&self, limit: usize) -> Result<Vec<DxSpot>> {
    |                                            ^^^^^ help: if this is intentional, prefix it with an underscore: `_limit`

error[E0277]: the trait bound `Mode: Serialize` is not satisfied
    --> pancetta-dx/src/cluster.rs:44:24
     |
44   | #[derive(Debug, Clone, Serialize, Deserialize)]
     |                        ^^^^^^^^^ the trait `Serialize` is not implemented for `Mode`
...
48   |     /// Modes to monitor
     |     -------------------- required by a bound introduced by this call
     |
     = note: for local types consider adding `#[derive(serde::Serialize)]` to your `Mode` type
     = note: for types from other crates check whether the crate offers a `serde` feature flag
     = help: the following other types implement trait `Serialize`:
               &'a T
               &'a mut T
               ()
               (T,)
               (T0, T1)
               (T0, T1, T2)
               (T0, T1, T2, T3)
               (T0, T1, T2, T3, T4)
             and 207 others
     = note: required for `Vec<Mode>` to implement `Serialize`
note: required by a bound in `_::_serde::ser::SerializeStruct::serialize_field`
    --> /Users/thagale/.cargo/registry/src/index.crates.io-1949cf8c6b5b557f/serde-1.0.219/src/ser/mod.rs:1866:21
     |
1864 |     fn serialize_field<T>(&mut self, key: &'static str, value: &T) -> Result<(), Self::Error>
     |        --------------- required by a bound in this associated function
1865 |     where
1866 |         T: ?Sized + Serialize;
     |                     ^^^^^^^^^ required by this bound in `SerializeStruct::serialize_field`
     = note: this error originates in the derive macro `Serialize` (in Nightly builds, run with -Z macro-backtrace for more info)

error[E0277]: the trait bound `Mode: Deserialize<'_>` is not satisfied
    --> pancetta-dx/src/cluster.rs:49:16
     |
49   |     pub modes: Vec<Mode>,
     |                ^^^^^^^^^ the trait `Deserialize<'_>` is not implemented for `Mode`
     |
     = note: for local types consider adding `#[derive(serde::Deserialize)]` to your `Mode` type
     = note: for types from other crates check whether the crate offers a `serde` feature flag
     = help: the following other types implement trait `Deserialize<'de>`:
               &'a Path
               &'a [u8]
               &'a serde_json::value::RawValue
               &'a str
               ()
               (T,)
               (T0, T1)
               (T0, T1, T2)
             and 224 others
     = note: required for `Vec<Mode>` to implement `Deserialize<'_>`
note: required by a bound in `next_element`
    --> /Users/thagale/.cargo/registry/src/index.crates.io-1949cf8c6b5b557f/serde-1.0.219/src/de/mod.rs:1732:12
     |
1730 |     fn next_element<T>(&mut self) -> Result<Option<T>, Self::Error>
     |        ------------ required by a bound in this associated function
1731 |     where
1732 |         T: Deserialize<'de>,
     |            ^^^^^^^^^^^^^^^^ required by this bound in `SeqAccess::next_element`

error[E0277]: the trait bound `Mode: Deserialize<'_>` is not satisfied
    --> pancetta-dx/src/cluster.rs:49:16
     |
49   |     pub modes: Vec<Mode>,
     |                ^^^^^^^^^ the trait `Deserialize<'_>` is not implemented for `Mode`
     |
     = note: for local types consider adding `#[derive(serde::Deserialize)]` to your `Mode` type
     = note: for types from other crates check whether the crate offers a `serde` feature flag
     = help: the following other types implement trait `Deserialize<'de>`:
               &'a Path
               &'a [u8]
               &'a serde_json::value::RawValue
               &'a str
               ()
               (T,)
               (T0, T1)
               (T0, T1, T2)
             and 224 others
     = note: required for `Vec<Mode>` to implement `Deserialize<'_>`
note: required by a bound in `next_value`
    --> /Users/thagale/.cargo/registry/src/index.crates.io-1949cf8c6b5b557f/serde-1.0.219/src/de/mod.rs:1871:12
     |
1869 |     fn next_value<V>(&mut self) -> Result<V, Self::Error>
     |        ---------- required by a bound in this associated function
1870 |     where
1871 |         V: Deserialize<'de>,
     |            ^^^^^^^^^^^^^^^^ required by this bound in `MapAccess::next_value`

error[E0277]: the trait bound `Mode: Deserialize<'_>` is not satisfied
  --> pancetta-dx/src/cluster.rs:44:35
   |
44 | #[derive(Debug, Clone, Serialize, Deserialize)]
   |                                   ^^^^^^^^^^^ the trait `Deserialize<'_>` is not implemented for `Mode`
   |
   = note: for local types consider adding `#[derive(serde::Deserialize)]` to your `Mode` type
   = note: for types from other crates check whether the crate offers a `serde` feature flag
   = help: the following other types implement trait `Deserialize<'de>`:
             &'a Path
             &'a [u8]
             &'a serde_json::value::RawValue
             &'a str
             ()
             (T,)
             (T0, T1)
             (T0, T1, T2)
           and 224 others
   = note: required for `Vec<Mode>` to implement `Deserialize<'_>`
note: required by a bound in `_::_serde::__private::de::missing_field`
  --> /Users/thagale/.cargo/registry/src/index.crates.io-1949cf8c6b5b557f/serde-1.0.219/src/private/de.rs:25:8
   |
23 | pub fn missing_field<'de, V, E>(field: &'static str) -> Result<V, E>
   |        ------------- required by a bound in this function
24 | where
25 |     V: Deserialize<'de>,
   |        ^^^^^^^^^^^^^^^^ required by this bound in `missing_field`
   = note: this error originates in the derive macro `Deserialize` (in Nightly builds, run with -Z macro-backtrace for more info)

error[E0277]: the trait bound `std::string::String: Pattern` is not satisfied
   --> pancetta-dx/src/cluster.rs:526:39
    |
526 |         let comment_start = line.find(callsign)? + callsign.len();
    |                                  ---- ^^^^^^^^ the trait `Pattern` is not implemented for `std::string::String`
    |                                  |
    |                                  required by a bound introduced by this call
    |
    = note: required for `std::string::String` to implement `Pattern`
note: required by a bound in `core::str::<impl str>::find`
   --> /rustc/29483883eed69d5fb4db01964cdf2af4d86e9cb2/library/core/src/str/mod.rs:1439:5
help: consider borrowing here
    |
526 |         let comment_start = line.find(&callsign)? + callsign.len();
    |                                       +

error[E0599]: no method named `from_utc_datetime` found for struct `Utc` in the current scope
    --> pancetta-qso/src/statistics.rs:1134:42
     |
1134 |             .map(|(date, _)| chrono::Utc.from_utc_datetime(&date.and_hms_opt(0, 0, 0).unwrap()));
     |                                          ^^^^^^^^^^^^^^^^^
     |
    ::: /Users/thagale/.cargo/registry/src/index.crates.io-1949cf8c6b5b557f/chrono-0.4.41/src/offset/mod.rs:593:8
     |
593  |     fn from_utc_datetime(&self, utc: &NaiveDateTime) -> DateTime<Self> {
     |        ----------------- the method is available for `Utc` here
     |
     = help: items from traits can only be used if the trait is in scope
help: trait `TimeZone` which provides `from_utc_datetime` is implemented but not in scope; perhaps you want to import it
     |
6    + use chrono::TimeZone;
     |
help: there is a method `from_utc_date` with a similar name
     |
1134 -             .map(|(date, _)| chrono::Utc.from_utc_datetime(&date.and_hms_opt(0, 0, 0).unwrap()));
1134 +             .map(|(date, _)| chrono::Utc.from_utc_date(&date.and_hms_opt(0, 0, 0).unwrap()));
     |

warning: field `mode` is never read
  --> pancetta-tui/src/app.rs:56:9
   |
52 | pub struct DxStation {
   |            --------- field in this struct
...
56 |     pub mode: String,
   |         ^^^^
   |
   = note: `DxStation` has derived impls for the traits `Clone` and `Debug`, but these are intentionally ignored during dead code analysis
   = note: `#[warn(dead_code)]` on by default

warning: method `get_band` is never used
   --> pancetta-tui/src/config.rs:241:12
    |
181 | impl Config {
    | ----------- method in this implementation
...
241 |     pub fn get_band(&self, name: &str) -> Option<&Band> {
    |            ^^^^^^^^

warning: variants `AudioData` and `DecodedMessage` are never constructed
  --> pancetta-tui/src/events.rs:16:5
   |
11 | pub enum Event {
   |          ----- variants in this enum
...
16 |     AudioData(Vec<f32>),
   |     ^^^^^^^^^
17 |     DecodedMessage(DecodedMessage),
   |     ^^^^^^^^^^^^^^
   |
   = note: `Event` has derived impls for the traits `Clone` and `Debug`, but these are intentionally ignored during dead code analysis

warning: method `sender` is never used
   --> pancetta-tui/src/events.rs:109:12
    |
27  | impl EventHandler {
    | ----------------- method in this implementation
...
109 |     pub fn sender(&self) -> mpsc::UnboundedSender<Event> {
    |            ^^^^^^

warning: struct `AudioEventHandler` is never constructed
   --> pancetta-tui/src/events.rs:115:12
    |
115 | pub struct AudioEventHandler {
    |            ^^^^^^^^^^^^^^^^^

warning: associated items `new`, `start_audio_processing`, and `stop_audio_processing` are never used
   --> pancetta-tui/src/events.rs:121:12
    |
120 | impl AudioEventHandler {
    | ---------------------- associated items in this implementation
121 |     pub fn new(event_tx: mpsc::UnboundedSender<Event>) -> Self {
    |            ^^^
...
128 |     pub async fn start_audio_processing(&mut self, device_name: Option<&str>) -> Result<()> {
    |                  ^^^^^^^^^^^^^^^^^^^^^^
...
164 |     pub fn stop_audio_processing(&mut self) {
    |            ^^^^^^^^^^^^^^^^^^^^^

warning: struct `DecoderEventHandler` is never constructed
   --> pancetta-tui/src/events.rs:171:12
    |
171 | pub struct DecoderEventHandler {
    |            ^^^^^^^^^^^^^^^^^^^

warning: associated items `new`, `set_decoder_receiver`, and `start_message_processing` are never used
   --> pancetta-tui/src/events.rs:177:12
    |
176 | impl DecoderEventHandler {
    | ------------------------ associated items in this implementation
177 |     pub fn new(event_tx: mpsc::UnboundedSender<Event>) -> Self {
    |            ^^^
...
184 |     pub fn set_decoder_receiver(&mut self, rx: mpsc::UnboundedReceiver<DecodedMessage>) {
    |            ^^^^^^^^^^^^^^^^^^^^
...
188 |     pub async fn start_message_processing(&mut self) -> Result<()> {
    |                  ^^^^^^^^^^^^^^^^^^^^^^^^

warning: function `is_interesting_message` is never used
   --> pancetta-tui/src/ui/band_activity.rs:160:8
    |
160 | pub fn is_interesting_message(msg: &DecodedMessage, our_call: &str) -> bool {
    |        ^^^^^^^^^^^^^^^^^^^^^^

warning: function `extract_callsign_from_message` is never used
   --> pancetta-tui/src/ui/band_activity.rs:184:8
    |
184 | pub fn extract_callsign_from_message(message: &str) -> Option<String> {
    |        ^^^^^^^^^^^^^^^^^^^^^^^^^^^^^

warning: function `is_valid_callsign` is never used
   --> pancetta-tui/src/ui/band_activity.rs:212:4
    |
212 | fn is_valid_callsign(s: &str) -> bool {
    |    ^^^^^^^^^^^^^^^^^

warning: function `is_new_dxcc` is never used
   --> pancetta-tui/src/ui/dx_hunter.rs:168:8
    |
168 | pub fn is_new_dxcc(call_sign: &str, worked_dxcc: &std::collections::HashSet<String>) -> bool {
    |        ^^^^^^^^^^^

warning: function `extract_dxcc_prefix` is never used
   --> pancetta-tui/src/ui/dx_hunter.rs:174:4
    |
174 | fn extract_dxcc_prefix(call_sign: &str) -> String {
    |    ^^^^^^^^^^^^^^^^^^^

warning: function `extract_base_prefix` is never used
   --> pancetta-tui/src/ui/dx_hunter.rs:199:4
    |
199 | fn extract_base_prefix(call_sign: &str) -> String {
    |    ^^^^^^^^^^^^^^^^^^^

warning: function `calculate_dx_priority` is never used
   --> pancetta-tui/src/ui/dx_hunter.rs:216:8
    |
216 | pub fn calculate_dx_priority(
    |        ^^^^^^^^^^^^^^^^^^^^^

warning: function `update_qso_from_message` is never used
   --> pancetta-tui/src/ui/qso_status.rs:240:8
    |
240 | pub fn update_qso_from_message(app: &mut App, message: &crate::app::DecodedMessage) {
    |        ^^^^^^^^^^^^^^^^^^^^^^^

warning: function `extract_other_callsign` is never used
   --> pancetta-tui/src/ui/qso_status.rs:268:4
    |
268 | fn extract_other_callsign(message: &str, our_call: &str) -> Option<String> {
    |    ^^^^^^^^^^^^^^^^^^^^^^

warning: function `is_valid_callsign` is never used
   --> pancetta-tui/src/ui/qso_status.rs:280:4
    |
280 | fn is_valid_callsign(s: &str) -> bool {
    |    ^^^^^^^^^^^^^^^^^

warning: function `calculate_distance` is never used
   --> pancetta-tui/src/ui/station_info.rs:252:8
    |
252 | pub fn calculate_distance(grid1: &str, grid2: &str) -> Option<f64> {
    |        ^^^^^^^^^^^^^^^^^^

warning: function `calculate_bearing` is never used
   --> pancetta-tui/src/ui/station_info.rs:275:8
    |
275 | pub fn calculate_bearing(grid1: &str, grid2: &str) -> Option<f64> {
    |        ^^^^^^^^^^^^^^^^^

warning: struct `Waterfall` is never constructed
 --> pancetta-tui/src/widgets/mod.rs:9:12
  |
9 | pub struct Waterfall<'a> {
  |            ^^^^^^^^^

warning: enum `WaterfallColorScheme` is never used
  --> pancetta-tui/src/widgets/mod.rs:16:10
   |
16 | pub enum WaterfallColorScheme {
   |          ^^^^^^^^^^^^^^^^^^^^

warning: associated items `new`, `block`, `color_scheme`, and `get_color_for_intensity` are never used
  --> pancetta-tui/src/widgets/mod.rs:23:12
   |
22 | impl<'a> Waterfall<'a> {
   | ---------------------- associated items in this implementation
23 |     pub fn new(data: &'a [Vec<f32>]) -> Self {
   |            ^^^
...
31 |     pub fn block(mut self, block: Block<'a>) -> Self {
   |            ^^^^^
...
36 |     pub fn color_scheme(mut self, scheme: WaterfallColorScheme) -> Self {
   |            ^^^^^^^^^^^^
...
41 |     fn get_color_for_intensity(&self, intensity: f32) -> Color {
   |        ^^^^^^^^^^^^^^^^^^^^^^^

warning: struct `SignalMeter` is never constructed
   --> pancetta-tui/src/widgets/mod.rs:128:12
    |
128 | pub struct SignalMeter<'a> {
    |            ^^^^^^^^^^^

warning: associated items `new`, `block`, `label`, `style`, `thresholds`, and `get_meter_color` are never used
   --> pancetta-tui/src/widgets/mod.rs:138:12
    |
137 | impl<'a> SignalMeter<'a> {
    | ------------------------ associated items in this implementation
138 |     pub fn new(level: f32) -> Self {
    |            ^^^
...
149 |     pub fn block(mut self, block: Block<'a>) -> Self {
    |            ^^^^^
...
154 |     pub fn label(mut self, label: &'a str) -> Self {
    |            ^^^^^
...
159 |     pub fn style(mut self, style: Style) -> Self {
    |            ^^^^^
...
164 |     pub fn thresholds(mut self, low: f32, high: f32) -> Self {
    |            ^^^^^^^^^^
...
170 |     fn get_meter_color(&self) -> Color {
    |        ^^^^^^^^^^^^^^^

warning: struct `Modal` is never constructed
   --> pancetta-tui/src/widgets/mod.rs:240:12
    |
240 | pub struct Modal<'a> {
    |            ^^^^^

warning: associated items `new`, `content`, `buttons`, `selected_button`, and `style` are never used
   --> pancetta-tui/src/widgets/mod.rs:249:12
    |
248 | impl<'a> Modal<'a> {
    | ------------------ associated items in this implementation
249 |     pub fn new(title: &'a str) -> Self {
    |            ^^^
...
259 |     pub fn content(mut self, content: Vec<Line<'a>>) -> Self {
    |            ^^^^^^^
...
264 |     pub fn buttons(mut self, buttons: Vec<&'a str>) -> Self {
    |            ^^^^^^^
...
269 |     pub fn selected_button(mut self, index: usize) -> Self {
    |            ^^^^^^^^^^^^^^^
...
274 |     pub fn style(mut self, style: Style) -> Self {
    |            ^^^^^

warning: struct `SpectrumDisplay` is never constructed
   --> pancetta-tui/src/widgets/mod.rs:349:12
    |
349 | pub struct SpectrumDisplay<'a> {
    |            ^^^^^^^^^^^^^^^

warning: associated items `new`, `block`, `style`, and `show_grid` are never used
   --> pancetta-tui/src/widgets/mod.rs:358:12
    |
357 | impl<'a> SpectrumDisplay<'a> {
    | ---------------------------- associated items in this implementation
358 |     pub fn new(data: &'a [f32], frequency_range: (f64, f64)) -> Self {
    |            ^^^
...
368 |     pub fn block(mut self, block: Block<'a>) -> Self {
    |            ^^^^^
...
373 |     pub fn style(mut self, style: Style) -> Self {
    |            ^^^^^
...
378 |     pub fn show_grid(mut self, show: bool) -> Self {
    |            ^^^^^^^^^

error[E0624]: method `ordinal` is private
    --> pancetta-dx/src/geography.rs:403:27
     |
403  |     let julian_day = date.ordinal() as f64;
     |                           ^^^^^^^ private method
     |
    ::: /Users/thagale/.cargo/registry/src/index.crates.io-1949cf8c6b5b557f/chrono-0.4.41/src/naive/date/mod.rs:1358:5
     |
1358 |     const fn ordinal(&self) -> u32 {
     |     ------------------------------ private method defined here
     |
     = help: items from traits can only be used if the trait is in scope
help: trait `Datelike` which provides `ordinal` is implemented but not in scope; perhaps you want to import it
     |
6    + use chrono::Datelike;
     |

error[E0689]: can't call method `to_radians` on ambiguous numeric type `{float}`
   --> pancetta-dx/src/geography.rs:407:70
    |
407 |     let declination = 23.45 * (360.0 * (284.0 + julian_day) / 365.0).to_radians().sin();
    |                                                                      ^^^^^^^^^^

error[E0689]: can't call method `to_radians` on ambiguous numeric type `{float}`
   --> pancetta-dx/src/geography.rs:408:39
    |
408 |     let declination_rad = declination.to_radians();
    |                                       ^^^^^^^^^^
    |
help: you must specify a type for this binding, like `f32`
    |
407 |     let declination: f32 = 23.45 * (360.0 * (284.0 + julian_day) / 365.0).to_radians().sin();
    |                    +++++

error[E0277]: the trait bound `GridPrecision: Hash` is not satisfied
  --> pancetta-dx/src/gridsquare.rs:61:5
   |
56 | #[derive(Debug, Clone, PartialEq, Eq, Hash, Serialize, Deserialize)]
   |                                       ---- in this derive macro expansion
...
61 |     precision: GridPrecision,
   |     ^^^^^^^^^^^^^^^^^^^^^^^^ the trait `Hash` is not implemented for `GridPrecision`
   |
help: consider annotating `GridPrecision` with `#[derive(Hash)]`
   |
12 + #[derive(Hash)]
13 | pub enum GridPrecision {
   |

error[E0599]: no method named `cookie_store` found for struct `ClientBuilder` in the current scope
   --> pancetta-dx/src/lotw.rs:153:14
    |
151 |           let client = Client::builder()
    |  ______________________-
152 | |             .timeout(std::time::Duration::from_secs(config.timeout_seconds))
153 | |             .cookie_store(true)
    | |             -^^^^^^^^^^^^ method not found in `ClientBuilder`
    | |_____________|
    |

error[E0599]: no method named `cookie_store` found for struct `ClientBuilder` in the current scope
   --> pancetta-dx/src/lotw.rs:168:14
    |
166 |           let client = Client::builder()
    |  ______________________-
167 | |             .timeout(std::time::Duration::from_secs(config.timeout_seconds))
168 | |             .cookie_store(true)
    | |             -^^^^^^^^^^^^ method not found in `ClientBuilder`
    | |_____________|
    |

error[E0277]: the trait bound `Mode: Serialize` is not satisfied
    --> pancetta-dx/src/priorities.rs:68:24
     |
68   | #[derive(Debug, Clone, Serialize, Deserialize)]
     |                        ^^^^^^^^^ the trait `Serialize` is not implemented for `Mode`
...
82   |     /// Modes to match
     |     ------------------ required by a bound introduced by this call
     |
     = note: for local types consider adding `#[derive(serde::Serialize)]` to your `Mode` type
     = note: for types from other crates check whether the crate offers a `serde` feature flag
     = help: the following other types implement trait `Serialize`:
               &'a T
               &'a mut T
               ()
               (T,)
               (T0, T1)
               (T0, T1, T2)
               (T0, T1, T2, T3)
               (T0, T1, T2, T3, T4)
             and 207 others
     = note: required for `HashSet<Mode>` to implement `Serialize`
     = note: 1 redundant requirement hidden
     = note: required for `std::option::Option<HashSet<Mode>>` to implement `Serialize`
note: required by a bound in `_::_serde::ser::SerializeStruct::serialize_field`
    --> /Users/thagale/.cargo/registry/src/index.crates.io-1949cf8c6b5b557f/serde-1.0.219/src/ser/mod.rs:1866:21
     |
1864 |     fn serialize_field<T>(&mut self, key: &'static str, value: &T) -> Result<(), Self::Error>
     |        --------------- required by a bound in this associated function
1865 |     where
1866 |         T: ?Sized + Serialize;
     |                     ^^^^^^^^^ required by this bound in `SerializeStruct::serialize_field`
     = note: this error originates in the derive macro `Serialize` (in Nightly builds, run with -Z macro-backtrace for more info)

warning: type `ManagerState` is more private than the item `ConfigManager::get_state`
   --> pancetta-config/src/loader.rs:687:5
    |
687 |     pub fn get_state(&self) -> ManagerState {
    |     ^^^^^^^^^^^^^^^^^^^^^^^^^^^^^^^^^^^^^^^ method `ConfigManager::get_state` is reachable at visibility `pub`
    |
note: but type `ManagerState` is only usable at visibility `pub(self)`
   --> pancetta-config/src/loader.rs:92:1
    |
92  | struct ManagerState {
    | ^^^^^^^^^^^^^^^^^^^
    = note: `#[warn(private_interfaces)]` on by default

error[E0277]: the trait bound `Mode: Deserialize<'_>` is not satisfied
    --> pancetta-dx/src/priorities.rs:83:16
     |
83   |     pub modes: Option<HashSet<Mode>>,
     |                ^^^^^^^^^^^^^^^^^^^^^ the trait `Deserialize<'_>` is not implemented for `Mode`
     |
     = note: for local types consider adding `#[derive(serde::Deserialize)]` to your `Mode` type
     = note: for types from other crates check whether the crate offers a `serde` feature flag
     = help: the following other types implement trait `Deserialize<'de>`:
               &'a Path
               &'a [u8]
               &'a serde_json::value::RawValue
               &'a str
               ()
               (T,)
               (T0, T1)
               (T0, T1, T2)
             and 227 others
     = note: required for `HashSet<Mode>` to implement `Deserialize<'_>`
     = note: 1 redundant requirement hidden
     = note: required for `std::option::Option<HashSet<Mode>>` to implement `Deserialize<'_>`
note: required by a bound in `next_element`
    --> /Users/thagale/.cargo/registry/src/index.crates.io-1949cf8c6b5b557f/serde-1.0.219/src/de/mod.rs:1732:12
     |
1730 |     fn next_element<T>(&mut self) -> Result<Option<T>, Self::Error>
     |        ------------ required by a bound in this associated function
1731 |     where
1732 |         T: Deserialize<'de>,
     |            ^^^^^^^^^^^^^^^^ required by this bound in `SeqAccess::next_element`

warning: unused variable: `records`
    --> pancetta-qso/src/statistics.rs:1292:53
     |
1292 |     async fn calculate_geographic_statistics(&self, records: &[QsoDatabaseRecord]) -> Result<GeographicStatistics, StatisticsError> {
     |                                                     ^^^^^^^ help: if this is intentional, prefix it with an underscore: `_records`

error[E0277]: the trait bound `Mode: Deserialize<'_>` is not satisfied
    --> pancetta-dx/src/priorities.rs:83:16
     |
83   |     pub modes: Option<HashSet<Mode>>,
     |                ^^^^^^^^^^^^^^^^^^^^^ the trait `Deserialize<'_>` is not implemented for `Mode`
     |
     = note: for local types consider adding `#[derive(serde::Deserialize)]` to your `Mode` type
     = note: for types from other crates check whether the crate offers a `serde` feature flag
     = help: the following other types implement trait `Deserialize<'de>`:
               &'a Path
               &'a [u8]
               &'a serde_json::value::RawValue
               &'a str
               ()
               (T,)
               (T0, T1)
               (T0, T1, T2)
             and 227 others
     = note: required for `HashSet<Mode>` to implement `Deserialize<'_>`
     = note: 1 redundant requirement hidden
     = note: required for `std::option::Option<HashSet<Mode>>` to implement `Deserialize<'_>`
note: required by a bound in `next_value`
    --> /Users/thagale/.cargo/registry/src/index.crates.io-1949cf8c6b5b557f/serde-1.0.219/src/de/mod.rs:1871:12
     |
1869 |     fn next_value<V>(&mut self) -> Result<V, Self::Error>
     |        ---------- required by a bound in this associated function
1870 |     where
1871 |         V: Deserialize<'de>,
     |            ^^^^^^^^^^^^^^^^ required by this bound in `MapAccess::next_value`

error[E0277]: the trait bound `Mode: Deserialize<'_>` is not satisfied
  --> pancetta-dx/src/priorities.rs:68:35
   |
68 | #[derive(Debug, Clone, Serialize, Deserialize)]
   |                                   ^^^^^^^^^^^ the trait `Deserialize<'_>` is not implemented for `Mode`
   |
   = note: for local types consider adding `#[derive(serde::Deserialize)]` to your `Mode` type
   = note: for types from other crates check whether the crate offers a `serde` feature flag
   = help: the following other types implement trait `Deserialize<'de>`:
             &'a Path
             &'a [u8]
             &'a serde_json::value::RawValue
             &'a str
             ()
             (T,)
             (T0, T1)
             (T0, T1, T2)
           and 227 others
   = note: required for `HashSet<Mode>` to implement `Deserialize<'_>`
   = note: 1 redundant requirement hidden
   = note: required for `std::option::Option<HashSet<Mode>>` to implement `Deserialize<'_>`
note: required by a bound in `_::_serde::__private::de::missing_field`
  --> /Users/thagale/.cargo/registry/src/index.crates.io-1949cf8c6b5b557f/serde-1.0.219/src/private/de.rs:25:8
   |
23 | pub fn missing_field<'de, V, E>(field: &'static str) -> Result<V, E>
   |        ------------- required by a bound in this function
24 | where
25 |     V: Deserialize<'de>,
   |        ^^^^^^^^^^^^^^^^ required by this bound in `missing_field`
   = note: this error originates in the derive macro `Deserialize` (in Nightly builds, run with -Z macro-backtrace for more info)

error[E0277]: the trait bound `Mode: Serialize` is not satisfied
    --> pancetta-dx/src/priorities.rs:117:24
     |
117  | #[derive(Debug, Clone, Serialize, Deserialize)]
     |                        ^^^^^^^^^ the trait `Serialize` is not implemented for `Mode`
...
125  |     /// Target mode (None for mixed)
     |     -------------------------------- required by a bound introduced by this call
     |
     = note: for local types consider adding `#[derive(serde::Serialize)]` to your `Mode` type
     = note: for types from other crates check whether the crate offers a `serde` feature flag
     = help: the following other types implement trait `Serialize`:
               &'a T
               &'a mut T
               ()
               (T,)
               (T0, T1)
               (T0, T1, T2)
               (T0, T1, T2, T3)
               (T0, T1, T2, T3, T4)
             and 207 others
     = note: required for `std::option::Option<Mode>` to implement `Serialize`
note: required by a bound in `_::_serde::ser::SerializeStruct::serialize_field`
    --> /Users/thagale/.cargo/registry/src/index.crates.io-1949cf8c6b5b557f/serde-1.0.219/src/ser/mod.rs:1866:21
     |
1864 |     fn serialize_field<T>(&mut self, key: &'static str, value: &T) -> Result<(), Self::Error>
     |        --------------- required by a bound in this associated function
1865 |     where
1866 |         T: ?Sized + Serialize;
     |                     ^^^^^^^^^ required by this bound in `SerializeStruct::serialize_field`
     = note: this error originates in the derive macro `Serialize` (in Nightly builds, run with -Z macro-backtrace for more info)

error[E0277]: the trait bound `Mode: Deserialize<'_>` is not satisfied
    --> pancetta-dx/src/priorities.rs:126:15
     |
126  |     pub mode: Option<Mode>,
     |               ^^^^^^^^^^^^ the trait `Deserialize<'_>` is not implemented for `Mode`
     |
     = note: for local types consider adding `#[derive(serde::Deserialize)]` to your `Mode` type
     = note: for types from other crates check whether the crate offers a `serde` feature flag
     = help: the following other types implement trait `Deserialize<'de>`:
               &'a Path
               &'a [u8]
               &'a serde_json::value::RawValue
               &'a str
               ()
               (T,)
               (T0, T1)
               (T0, T1, T2)
             and 227 others
     = note: required for `std::option::Option<Mode>` to implement `Deserialize<'_>`
note: required by a bound in `next_element`
    --> /Users/thagale/.cargo/registry/src/index.crates.io-1949cf8c6b5b557f/serde-1.0.219/src/de/mod.rs:1732:12
     |
1730 |     fn next_element<T>(&mut self) -> Result<Option<T>, Self::Error>
     |        ------------ required by a bound in this associated function
1731 |     where
1732 |         T: Deserialize<'de>,
     |            ^^^^^^^^^^^^^^^^ required by this bound in `SeqAccess::next_element`

error[E0277]: the trait bound `Mode: Deserialize<'_>` is not satisfied
    --> pancetta-dx/src/priorities.rs:126:15
     |
126  |     pub mode: Option<Mode>,
     |               ^^^^^^^^^^^^ the trait `Deserialize<'_>` is not implemented for `Mode`
     |
     = note: for local types consider adding `#[derive(serde::Deserialize)]` to your `Mode` type
     = note: for types from other crates check whether the crate offers a `serde` feature flag
     = help: the following other types implement trait `Deserialize<'de>`:
               &'a Path
               &'a [u8]
               &'a serde_json::value::RawValue
               &'a str
               ()
               (T,)
               (T0, T1)
               (T0, T1, T2)
             and 227 others
     = note: required for `std::option::Option<Mode>` to implement `Deserialize<'_>`
note: required by a bound in `next_value`
    --> /Users/thagale/.cargo/registry/src/index.crates.io-1949cf8c6b5b557f/serde-1.0.219/src/de/mod.rs:1871:12
     |
1869 |     fn next_value<V>(&mut self) -> Result<V, Self::Error>
     |        ---------- required by a bound in this associated function
1870 |     where
1871 |         V: Deserialize<'de>,
     |            ^^^^^^^^^^^^^^^^ required by this bound in `MapAccess::next_value`

error[E0277]: the trait bound `Mode: Deserialize<'_>` is not satisfied
   --> pancetta-dx/src/priorities.rs:117:35
    |
117 | #[derive(Debug, Clone, Serialize, Deserialize)]
    |                                   ^^^^^^^^^^^ the trait `Deserialize<'_>` is not implemented for `Mode`
    |
    = note: for local types consider adding `#[derive(serde::Deserialize)]` to your `Mode` type
    = note: for types from other crates check whether the crate offers a `serde` feature flag
    = help: the following other types implement trait `Deserialize<'de>`:
              &'a Path
              &'a [u8]
              &'a serde_json::value::RawValue
              &'a str
              ()
              (T,)
              (T0, T1)
              (T0, T1, T2)
            and 227 others
    = note: required for `std::option::Option<Mode>` to implement `Deserialize<'_>`
note: required by a bound in `_::_serde::__private::de::missing_field`
   --> /Users/thagale/.cargo/registry/src/index.crates.io-1949cf8c6b5b557f/serde-1.0.219/src/private/de.rs:25:8
    |
23  | pub fn missing_field<'de, V, E>(field: &'static str) -> Result<V, E>
    |        ------------- required by a bound in this function
24  | where
25  |     V: Deserialize<'de>,
    |        ^^^^^^^^^^^^^^^^ required by this bound in `missing_field`
    = note: this error originates in the derive macro `Deserialize` (in Nightly builds, run with -Z macro-backtrace for more info)

error[E0599]: no method named `hour` found for struct `DateTime` in the current scope
   --> pancetta-dx/src/priorities.rs:477:43
    |
477 |             let current_hour = Utc::now().hour() as u8;
    |                                           ^^^^
    |
   ::: /Users/thagale/.cargo/registry/src/index.crates.io-1949cf8c6b5b557f/chrono-0.4.41/src/traits.rs:285:8
    |
285 |     fn hour(&self) -> u32;
    |        ---- the method is available for `DateTime<Utc>` here
    |
    = help: items from traits can only be used if the trait is in scope
help: trait `Timelike` which provides `hour` is implemented but not in scope; perhaps you want to import it
    |
6   + use chrono::Timelike;
    |
help: there is a method `hour12` with a similar name
    |
477 |             let current_hour = Utc::now().hour12() as u8;
    |                                               ++

error[E0599]: no method named `hour` found for struct `DateTime` in the current scope
   --> pancetta-dx/src/propagation.rs:345:25
    |
345 |         let hour = time.hour();
    |                         ^^^^
    |
   ::: /Users/thagale/.cargo/registry/src/index.crates.io-1949cf8c6b5b557f/chrono-0.4.41/src/traits.rs:285:8
    |
285 |     fn hour(&self) -> u32;
    |        ---- the method is available for `DateTime<Utc>` here
    |
    = help: items from traits can only be used if the trait is in scope
help: trait `Timelike` which provides `hour` is implemented but not in scope; perhaps you want to import it
    |
6   + use chrono::Timelike;
    |
help: there is a method `hour12` with a similar name
    |
345 |         let hour = time.hour12();
    |                             ++

error[E0624]: method `ordinal` is private
    --> pancetta-dx/src/propagation.rs:543:31
     |
543  |         let julian_day = date.ordinal() as f64;
     |                               ^^^^^^^ private method
     |
    ::: /Users/thagale/.cargo/registry/src/index.crates.io-1949cf8c6b5b557f/chrono-0.4.41/src/naive/date/mod.rs:1358:5
     |
1358 |     const fn ordinal(&self) -> u32 {
     |     ------------------------------ private method defined here
     |
     = help: items from traits can only be used if the trait is in scope
help: trait `Datelike` which provides `ordinal` is implemented but not in scope; perhaps you want to import it
     |
6    + use chrono::Datelike;
     |

error[E0277]: the trait bound `qso_manager::QsoManagerConfig: Default` is not satisfied
   --> pancetta-qso/src/lib.rs:285:42
    |
285 |         let qso_config = self.qso_config.unwrap_or_default();
    |                                          ^^^^^^^^^^^^^^^^^ the trait `Default` is not implemented for `qso_manager::QsoManagerConfig`
    |
note: required by a bound in `std::option::Option::<T>::unwrap_or_default`
   --> /rustc/29483883eed69d5fb4db01964cdf2af4d86e9cb2/library/core/src/option.rs:1075:5
help: consider annotating `qso_manager::QsoManagerConfig` with `#[derive(Default)]`
   --> pancetta-qso/src/qso_manager.rs:43:1
    |
43  + #[derive(Default)]
44  | pub struct QsoManagerConfig {
    |

error[E0689]: can't call method `to_radians` on ambiguous numeric type `{float}`
   --> pancetta-dx/src/propagation.rs:546:74
    |
546 |         let declination = 23.45 * (360.0 * (284.0 + julian_day) / 365.0).to_radians().sin();
    |                                                                          ^^^^^^^^^^

error[E0277]: the trait bound `qso_manager::QsoManagerConfig: Default` is not satisfied
   --> pancetta-qso/src/lib.rs:340:15
    |
340 |             ..Default::default()
    |               ^^^^^^^^^^^^^^^^^^ the trait `Default` is not implemented for `qso_manager::QsoManagerConfig`
    |
help: consider annotating `qso_manager::QsoManagerConfig` with `#[derive(Default)]`
   --> pancetta-qso/src/qso_manager.rs:43:1
    |
43  + #[derive(Default)]
44  | pub struct QsoManagerConfig {
    |

error[E0277]: the trait bound `qso_manager::QsoManagerConfig: Default` is not satisfied
   --> pancetta-qso/src/lib.rs:357:15
    |
357 |             ..Default::default()
    |               ^^^^^^^^^^^^^^^^^^ the trait `Default` is not implemented for `qso_manager::QsoManagerConfig`
    |
help: consider annotating `qso_manager::QsoManagerConfig` with `#[derive(Default)]`
   --> pancetta-qso/src/qso_manager.rs:43:1
    |
43  + #[derive(Default)]
44  | pub struct QsoManagerConfig {
    |

error[E0277]: the trait bound `qso_manager::QsoManagerConfig: Default` is not satisfied
   --> pancetta-qso/src/lib.rs:376:15
    |
376 |             ..Default::default()
    |               ^^^^^^^^^^^^^^^^^^ the trait `Default` is not implemented for `qso_manager::QsoManagerConfig`
    |
help: consider annotating `qso_manager::QsoManagerConfig` with `#[derive(Default)]`
   --> pancetta-qso/src/qso_manager.rs:43:1
    |
43  + #[derive(Default)]
44  | pub struct QsoManagerConfig {
    |

error[E0689]: can't call method `to_degrees` on ambiguous numeric type `{float}`
   --> pancetta-dx/src/propagation.rs:553:35
    |
553 |             let lat = declination.to_degrees();
    |                                   ^^^^^^^^^^
    |
help: you must specify a type for this binding, like `f32`
    |
546 |         let declination: f32 = 23.45 * (360.0 * (284.0 + julian_day) / 365.0).to_radians().sin();
    |                        +++++

error[E0277]: the trait bound `qso_manager::QsoManagerConfig: Default` is not satisfied
   --> pancetta-qso/src/lib.rs:400:15
    |
400 |             ..Default::default()
    |               ^^^^^^^^^^^^^^^^^^ the trait `Default` is not implemented for `qso_manager::QsoManagerConfig`
    |
help: consider annotating `qso_manager::QsoManagerConfig` with `#[derive(Default)]`
   --> pancetta-qso/src/qso_manager.rs:43:1
    |
43  + #[derive(Default)]
44  | pub struct QsoManagerConfig {
    |

warning: unused variable: `db_stats`
   --> pancetta-qso/src/lib.rs:455:17
    |
455 |             let db_stats = logger.get_statistics().await?;
    |                 ^^^^^^^^ help: if this is intentional, prefix it with an underscore: `_db_stats`

error[E0277]: the trait bound `Mode: Serialize` is not satisfied
    --> pancetta-dx/src/pskreporter.rs:94:24
     |
94   | #[derive(Debug, Clone, Serialize)]
     |                        ^^^^^^^^^ the trait `Serialize` is not implemented for `Mode`
...
108  |     /// Specific mode
     |     ----------------- required by a bound introduced by this call
     |
     = note: for local types consider adding `#[derive(serde::Serialize)]` to your `Mode` type
     = note: for types from other crates check whether the crate offers a `serde` feature flag
     = help: the following other types implement trait `Serialize`:
               &'a T
               &'a mut T
               ()
               (T,)
               (T0, T1)
               (T0, T1, T2)
               (T0, T1, T2, T3)
               (T0, T1, T2, T3, T4)
             and 207 others
     = note: required for `std::option::Option<Mode>` to implement `Serialize`
note: required by a bound in `_::_serde::ser::SerializeStruct::serialize_field`
    --> /Users/thagale/.cargo/registry/src/index.crates.io-1949cf8c6b5b557f/serde-1.0.219/src/ser/mod.rs:1866:21
     |
1864 |     fn serialize_field<T>(&mut self, key: &'static str, value: &T) -> Result<(), Self::Error>
     |        --------------- required by a bound in this associated function
1865 |     where
1866 |         T: ?Sized + Serialize;
     |                     ^^^^^^^^^ required by this bound in `SerializeStruct::serialize_field`
     = note: this error originates in the derive macro `Serialize` (in Nightly builds, run with -Z macro-backtrace for more info)

error[E0277]: the trait bound `f64: std::cmp::Eq` is not satisfied
  --> pancetta-qso/src/states.rs:31:9
   |
24 | #[derive(Debug, Clone, PartialEq, Eq, Serialize, Deserialize)]
   |                                   -- in this derive macro expansion
...
31 |         frequency: f64,
   |         ^^^^^^^^^^^^^^ the trait `std::cmp::Eq` is not implemented for `f64`
   |
   = help: the following other types implement trait `std::cmp::Eq`:
             i128
             i16
             i32
             i64
             i8
             isize
             u128
             u16
           and 4 others
note: required by a bound in `AssertParamIsEq`
  --> /rustc/29483883eed69d5fb4db01964cdf2af4d86e9cb2/library/core/src/cmp.rs:365:1

error[E0277]: the trait bound `Mode: Serialize` is not satisfied
    --> pancetta-dx/src/reports.rs:18:24
     |
18   | #[derive(Debug, Clone, Serialize, Deserialize)]
     |                        ^^^^^^^^^ the trait `Serialize` is not implemented for `Mode`
...
28   |     /// Mode-specific DXCC status
     |     ----------------------------- required by a bound introduced by this call
     |
     = note: for local types consider adding `#[derive(serde::Serialize)]` to your `Mode` type
     = note: for types from other crates check whether the crate offers a `serde` feature flag
     = help: the following other types implement trait `Serialize`:
               &'a T
               &'a mut T
               ()
               (T,)
               (T0, T1)
               (T0, T1, T2)
               (T0, T1, T2, T3)
               (T0, T1, T2, T3, T4)
             and 207 others
     = note: required for `HashMap<Mode, reports::DxccStatus>` to implement `Serialize`
note: required by a bound in `_::_serde::ser::SerializeStruct::serialize_field`
    --> /Users/thagale/.cargo/registry/src/index.crates.io-1949cf8c6b5b557f/serde-1.0.219/src/ser/mod.rs:1866:21
     |
1864 |     fn serialize_field<T>(&mut self, key: &'static str, value: &T) -> Result<(), Self::Error>
     |        --------------- required by a bound in this associated function
1865 |     where
1866 |         T: ?Sized + Serialize;
     |                     ^^^^^^^^^ required by this bound in `SerializeStruct::serialize_field`
     = note: this error originates in the derive macro `Serialize` (in Nightly builds, run with -Z macro-backtrace for more info)

error[E0277]: the trait bound `Mode: Deserialize<'_>` is not satisfied
    --> pancetta-dx/src/reports.rs:29:22
     |
29   |     pub mode_status: HashMap<Mode, DxccStatus>,
     |                      ^^^^^^^^^^^^^^^^^^^^^^^^^ the trait `Deserialize<'_>` is not implemented for `Mode`
     |
     = note: for local types consider adding `#[derive(serde::Deserialize)]` to your `Mode` type
     = note: for types from other crates check whether the crate offers a `serde` feature flag
     = help: the following other types implement trait `Deserialize<'de>`:
               &'a Path
               &'a [u8]
               &'a serde_json::value::RawValue
               &'a str
               ()
               (T,)
               (T0, T1)
               (T0, T1, T2)
             and 234 others
     = note: required for `HashMap<Mode, reports::DxccStatus>` to implement `Deserialize<'_>`
note: required by a bound in `next_element`
    --> /Users/thagale/.cargo/registry/src/index.crates.io-1949cf8c6b5b557f/serde-1.0.219/src/de/mod.rs:1732:12
     |
1730 |     fn next_element<T>(&mut self) -> Result<Option<T>, Self::Error>
     |        ------------ required by a bound in this associated function
1731 |     where
1732 |         T: Deserialize<'de>,
     |            ^^^^^^^^^^^^^^^^ required by this bound in `SeqAccess::next_element`

error[E0277]: the trait bound `Mode: Deserialize<'_>` is not satisfied
    --> pancetta-dx/src/reports.rs:29:22
     |
29   |     pub mode_status: HashMap<Mode, DxccStatus>,
     |                      ^^^^^^^^^^^^^^^^^^^^^^^^^ the trait `Deserialize<'_>` is not implemented for `Mode`
     |
     = note: for local types consider adding `#[derive(serde::Deserialize)]` to your `Mode` type
     = note: for types from other crates check whether the crate offers a `serde` feature flag
     = help: the following other types implement trait `Deserialize<'de>`:
               &'a Path
               &'a [u8]
               &'a serde_json::value::RawValue
               &'a str
               ()
               (T,)
               (T0, T1)
               (T0, T1, T2)
             and 234 others
     = note: required for `HashMap<Mode, reports::DxccStatus>` to implement `Deserialize<'_>`
note: required by a bound in `next_value`
    --> /Users/thagale/.cargo/registry/src/index.crates.io-1949cf8c6b5b557f/serde-1.0.219/src/de/mod.rs:1871:12
     |
1869 |     fn next_value<V>(&mut self) -> Result<V, Self::Error>
     |        ---------- required by a bound in this associated function
1870 |     where
1871 |         V: Deserialize<'de>,
     |            ^^^^^^^^^^^^^^^^ required by this bound in `MapAccess::next_value`

error[E0277]: the trait bound `f64: std::cmp::Eq` is not satisfied
   --> pancetta-qso/src/states.rs:109:9
    |
102 | #[derive(Debug, Clone, PartialEq, Eq, Serialize, Deserialize)]
    |                                   -- in this derive macro expansion
...
109 |         frequency: f64,
    |         ^^^^^^^^^^^^^^ the trait `std::cmp::Eq` is not implemented for `f64`
    |
    = help: the following other types implement trait `std::cmp::Eq`:
              i128
              i16
              i32
              i64
              i8
              isize
              u128
              u16
            and 4 others
note: required by a bound in `AssertParamIsEq`
   --> /rustc/29483883eed69d5fb4db01964cdf2af4d86e9cb2/library/core/src/cmp.rs:365:1

error[E0277]: the trait bound `Mode: Deserialize<'_>` is not satisfied
  --> pancetta-dx/src/reports.rs:18:35
   |
18 | #[derive(Debug, Clone, Serialize, Deserialize)]
   |                                   ^^^^^^^^^^^ the trait `Deserialize<'_>` is not implemented for `Mode`
   |
   = note: for local types consider adding `#[derive(serde::Deserialize)]` to your `Mode` type
   = note: for types from other crates check whether the crate offers a `serde` feature flag
   = help: the following other types implement trait `Deserialize<'de>`:
             &'a Path
             &'a [u8]
             &'a serde_json::value::RawValue
             &'a str
             ()
             (T,)
             (T0, T1)
             (T0, T1, T2)
           and 234 others
   = note: required for `HashMap<Mode, reports::DxccStatus>` to implement `Deserialize<'_>`
note: required by a bound in `_::_serde::__private::de::missing_field`
  --> /Users/thagale/.cargo/registry/src/index.crates.io-1949cf8c6b5b557f/serde-1.0.219/src/private/de.rs:25:8
   |
23 | pub fn missing_field<'de, V, E>(field: &'static str) -> Result<V, E>
   |        ------------- required by a bound in this function
24 | where
25 |     V: Deserialize<'de>,
   |        ^^^^^^^^^^^^^^^^ required by this bound in `missing_field`
   = note: this error originates in the derive macro `Deserialize` (in Nightly builds, run with -Z macro-backtrace for more info)

error[E0277]: the trait bound `Mode: Serialize` is not satisfied
    --> pancetta-dx/src/reports.rs:77:24
     |
77   | #[derive(Debug, Clone, Serialize, Deserialize)]
     |                        ^^^^^^^^^ the trait `Serialize` is not implemented for `Mode`
...
93   |     /// Modes needed
     |     ---------------- required by a bound introduced by this call
     |
     = note: for local types consider adding `#[derive(serde::Serialize)]` to your `Mode` type
     = note: for types from other crates check whether the crate offers a `serde` feature flag
     = help: the following other types implement trait `Serialize`:
               &'a T
               &'a mut T
               ()
               (T,)
               (T0, T1)
               (T0, T1, T2)
               (T0, T1, T2, T3)
               (T0, T1, T2, T3, T4)
             and 207 others
     = note: required for `Vec<Mode>` to implement `Serialize`
note: required by a bound in `_::_serde::ser::SerializeStruct::serialize_field`
    --> /Users/thagale/.cargo/registry/src/index.crates.io-1949cf8c6b5b557f/serde-1.0.219/src/ser/mod.rs:1866:21
     |
1864 |     fn serialize_field<T>(&mut self, key: &'static str, value: &T) -> Result<(), Self::Error>
     |        --------------- required by a bound in this associated function
1865 |     where
1866 |         T: ?Sized + Serialize;
     |                     ^^^^^^^^^ required by this bound in `SerializeStruct::serialize_field`
     = note: this error originates in the derive macro `Serialize` (in Nightly builds, run with -Z macro-backtrace for more info)

error[E0277]: the trait bound `Mode: Deserialize<'_>` is not satisfied
    --> pancetta-dx/src/reports.rs:94:23
     |
94   |     pub modes_needed: Vec<Mode>,
     |                       ^^^^^^^^^ the trait `Deserialize<'_>` is not implemented for `Mode`
     |
     = note: for local types consider adding `#[derive(serde::Deserialize)]` to your `Mode` type
     = note: for types from other crates check whether the crate offers a `serde` feature flag
     = help: the following other types implement trait `Deserialize<'de>`:
               &'a Path
               &'a [u8]
               &'a serde_json::value::RawValue
               &'a str
               ()
               (T,)
               (T0, T1)
               (T0, T1, T2)
             and 234 others
     = note: required for `Vec<Mode>` to implement `Deserialize<'_>`
note: required by a bound in `next_element`
    --> /Users/thagale/.cargo/registry/src/index.crates.io-1949cf8c6b5b557f/serde-1.0.219/src/de/mod.rs:1732:12
     |
1730 |     fn next_element<T>(&mut self) -> Result<Option<T>, Self::Error>
     |        ------------ required by a bound in this associated function
1731 |     where
1732 |         T: Deserialize<'de>,
     |            ^^^^^^^^^^^^^^^^ required by this bound in `SeqAccess::next_element`

error[E0277]: the trait bound `Mode: Deserialize<'_>` is not satisfied
    --> pancetta-dx/src/reports.rs:94:23
     |
94   |     pub modes_needed: Vec<Mode>,
     |                       ^^^^^^^^^ the trait `Deserialize<'_>` is not implemented for `Mode`
     |
     = note: for local types consider adding `#[derive(serde::Deserialize)]` to your `Mode` type
     = note: for types from other crates check whether the crate offers a `serde` feature flag
     = help: the following other types implement trait `Deserialize<'de>`:
               &'a Path
               &'a [u8]
               &'a serde_json::value::RawValue
               &'a str
               ()
               (T,)
               (T0, T1)
               (T0, T1, T2)
             and 234 others
     = note: required for `Vec<Mode>` to implement `Deserialize<'_>`
note: required by a bound in `next_value`
    --> /Users/thagale/.cargo/registry/src/index.crates.io-1949cf8c6b5b557f/serde-1.0.219/src/de/mod.rs:1871:12
     |
1869 |     fn next_value<V>(&mut self) -> Result<V, Self::Error>
     |        ---------- required by a bound in this associated function
1870 |     where
1871 |         V: Deserialize<'de>,
     |            ^^^^^^^^^^^^^^^^ required by this bound in `MapAccess::next_value`

error[E0277]: the trait bound `Mode: Deserialize<'_>` is not satisfied
  --> pancetta-dx/src/reports.rs:77:35
   |
77 | #[derive(Debug, Clone, Serialize, Deserialize)]
   |                                   ^^^^^^^^^^^ the trait `Deserialize<'_>` is not implemented for `Mode`
   |
   = note: for local types consider adding `#[derive(serde::Deserialize)]` to your `Mode` type
   = note: for types from other crates check whether the crate offers a `serde` feature flag
   = help: the following other types implement trait `Deserialize<'de>`:
             &'a Path
             &'a [u8]
             &'a serde_json::value::RawValue
             &'a str
             ()
             (T,)
             (T0, T1)
             (T0, T1, T2)
           and 234 others
   = note: required for `Vec<Mode>` to implement `Deserialize<'_>`
note: required by a bound in `_::_serde::__private::de::missing_field`
  --> /Users/thagale/.cargo/registry/src/index.crates.io-1949cf8c6b5b557f/serde-1.0.219/src/private/de.rs:25:8
   |
23 | pub fn missing_field<'de, V, E>(field: &'static str) -> Result<V, E>
   |        ------------- required by a bound in this function
24 | where
25 |     V: Deserialize<'de>,
   |        ^^^^^^^^^^^^^^^^ required by this bound in `missing_field`
   = note: this error originates in the derive macro `Deserialize` (in Nightly builds, run with -Z macro-backtrace for more info)

error[E0277]: the trait bound `Mode: Serialize` is not satisfied
    --> pancetta-dx/src/reports.rs:102:24
     |
102  | #[derive(Debug, Clone, Serialize, Deserialize)]
     |                        ^^^^^^^^^ the trait `Serialize` is not implemented for `Mode`
...
114  |     /// Mode
     |     -------- required by a bound introduced by this call
     |
     = note: for local types consider adding `#[derive(serde::Serialize)]` to your `Mode` type
     = note: for types from other crates check whether the crate offers a `serde` feature flag
     = help: the following other types implement trait `Serialize`:
               &'a T
               &'a mut T
               ()
               (T,)
               (T0, T1)
               (T0, T1, T2)
               (T0, T1, T2, T3)
               (T0, T1, T2, T3, T4)
             and 207 others
note: required by a bound in `_::_serde::ser::SerializeStruct::serialize_field`
    --> /Users/thagale/.cargo/registry/src/index.crates.io-1949cf8c6b5b557f/serde-1.0.219/src/ser/mod.rs:1866:21
     |
1864 |     fn serialize_field<T>(&mut self, key: &'static str, value: &T) -> Result<(), Self::Error>
     |        --------------- required by a bound in this associated function
1865 |     where
1866 |         T: ?Sized + Serialize;
     |                     ^^^^^^^^^ required by this bound in `SerializeStruct::serialize_field`
     = note: this error originates in the derive macro `Serialize` (in Nightly builds, run with -Z macro-backtrace for more info)

error[E0277]: the trait bound `Mode: Deserialize<'_>` is not satisfied
    --> pancetta-dx/src/reports.rs:115:15
     |
115  |     pub mode: Mode,
     |               ^^^^ the trait `Deserialize<'_>` is not implemented for `Mode`
     |
     = note: for local types consider adding `#[derive(serde::Deserialize)]` to your `Mode` type
     = note: for types from other crates check whether the crate offers a `serde` feature flag
     = help: the following other types implement trait `Deserialize<'de>`:
               &'a Path
               &'a [u8]
               &'a serde_json::value::RawValue
               &'a str
               ()
               (T,)
               (T0, T1)
               (T0, T1, T2)
             and 234 others
note: required by a bound in `next_element`
    --> /Users/thagale/.cargo/registry/src/index.crates.io-1949cf8c6b5b557f/serde-1.0.219/src/de/mod.rs:1732:12
     |
1730 |     fn next_element<T>(&mut self) -> Result<Option<T>, Self::Error>
     |        ------------ required by a bound in this associated function
1731 |     where
1732 |         T: Deserialize<'de>,
     |            ^^^^^^^^^^^^^^^^ required by this bound in `SeqAccess::next_element`

error[E0277]: the trait bound `states::QsoMetadata: Serialize` is not satisfied
    --> pancetta-qso/src/states.rs:209:24
     |
209  | #[derive(Debug, Clone, Serialize, Deserialize)]
     |                        ^^^^^^^^^ the trait `Serialize` is not implemented for `states::QsoMetadata`
...
220  |     /// QSO metadata
     |     ---------------- required by a bound introduced by this call
     |
     = note: for local types consider adding `#[derive(serde::Serialize)]` to your `states::QsoMetadata` type
     = note: for types from other crates check whether the crate offers a `serde` feature flag
     = help: the following other types implement trait `Serialize`:
               &'a T
               &'a mut T
               ()
               (T,)
               (T0, T1)
               (T0, T1, T2)
               (T0, T1, T2, T3)
               (T0, T1, T2, T3, T4)
             and 280 others
note: required by a bound in `states::_::_serde::ser::SerializeStruct::serialize_field`
    --> /Users/thagale/.cargo/registry/src/index.crates.io-1949cf8c6b5b557f/serde-1.0.219/src/ser/mod.rs:1866:21
     |
1864 |     fn serialize_field<T>(&mut self, key: &'static str, value: &T) -> Result<(), Self::Error>
     |        --------------- required by a bound in this associated function
1865 |     where
1866 |         T: ?Sized + Serialize;
     |                     ^^^^^^^^^ required by this bound in `SerializeStruct::serialize_field`
     = note: this error originates in the derive macro `Serialize` (in Nightly builds, run with -Z macro-backtrace for more info)

error[E0277]: the trait bound `Mode: Deserialize<'_>` is not satisfied
    --> pancetta-dx/src/reports.rs:115:15
     |
115  |     pub mode: Mode,
     |               ^^^^ the trait `Deserialize<'_>` is not implemented for `Mode`
     |
     = note: for local types consider adding `#[derive(serde::Deserialize)]` to your `Mode` type
     = note: for types from other crates check whether the crate offers a `serde` feature flag
     = help: the following other types implement trait `Deserialize<'de>`:
               &'a Path
               &'a [u8]
               &'a serde_json::value::RawValue
               &'a str
               ()
               (T,)
               (T0, T1)
               (T0, T1, T2)
             and 234 others
note: required by a bound in `next_value`
    --> /Users/thagale/.cargo/registry/src/index.crates.io-1949cf8c6b5b557f/serde-1.0.219/src/de/mod.rs:1871:12
     |
1869 |     fn next_value<V>(&mut self) -> Result<V, Self::Error>
     |        ---------- required by a bound in this associated function
1870 |     where
1871 |         V: Deserialize<'de>,
     |            ^^^^^^^^^^^^^^^^ required by this bound in `MapAccess::next_value`

error[E0277]: the trait bound `states::QsoMetadata: Deserialize<'_>` is not satisfied
    --> pancetta-qso/src/states.rs:221:19
     |
221  |     pub metadata: QsoMetadata,
     |                   ^^^^^^^^^^^ the trait `Deserialize<'_>` is not implemented for `states::QsoMetadata`
     |
     = note: for local types consider adding `#[derive(serde::Deserialize)]` to your `states::QsoMetadata` type
     = note: for types from other crates check whether the crate offers a `serde` feature flag
     = help: the following other types implement trait `Deserialize<'de>`:
               &'a Path
               &'a [u8]
               &'a serde_json::value::RawValue
               &'a str
               ()
               (T,)
               (T0, T1)
               (T0, T1, T2)
             and 310 others
note: required by a bound in `next_element`
    --> /Users/thagale/.cargo/registry/src/index.crates.io-1949cf8c6b5b557f/serde-1.0.219/src/de/mod.rs:1732:12
     |
1730 |     fn next_element<T>(&mut self) -> Result<Option<T>, Self::Error>
     |        ------------ required by a bound in this associated function
1731 |     where
1732 |         T: Deserialize<'de>,
     |            ^^^^^^^^^^^^^^^^ required by this bound in `SeqAccess::next_element`

error[E0277]: the trait bound `states::QsoMetadata: Deserialize<'_>` is not satisfied
    --> pancetta-qso/src/states.rs:221:19
     |
221  |     pub metadata: QsoMetadata,
     |                   ^^^^^^^^^^^ the trait `Deserialize<'_>` is not implemented for `states::QsoMetadata`
     |
     = note: for local types consider adding `#[derive(serde::Deserialize)]` to your `states::QsoMetadata` type
     = note: for types from other crates check whether the crate offers a `serde` feature flag
     = help: the following other types implement trait `Deserialize<'de>`:
               &'a Path
               &'a [u8]
               &'a serde_json::value::RawValue
               &'a str
               ()
               (T,)
               (T0, T1)
               (T0, T1, T2)
             and 310 others
note: required by a bound in `next_value`
    --> /Users/thagale/.cargo/registry/src/index.crates.io-1949cf8c6b5b557f/serde-1.0.219/src/de/mod.rs:1871:12
     |
1869 |     fn next_value<V>(&mut self) -> Result<V, Self::Error>
     |        ---------- required by a bound in this associated function
1870 |     where
1871 |         V: Deserialize<'de>,
     |            ^^^^^^^^^^^^^^^^ required by this bound in `MapAccess::next_value`

error[E0277]: the trait bound `states::QsoMetadata: Deserialize<'_>` is not satisfied
   --> pancetta-qso/src/states.rs:209:35
    |
209 | #[derive(Debug, Clone, Serialize, Deserialize)]
    |                                   ^^^^^^^^^^^ the trait `Deserialize<'_>` is not implemented for `states::QsoMetadata`
    |
    = note: for local types consider adding `#[derive(serde::Deserialize)]` to your `states::QsoMetadata` type
    = note: for types from other crates check whether the crate offers a `serde` feature flag
    = help: the following other types implement trait `Deserialize<'de>`:
              &'a Path
              &'a [u8]
              &'a serde_json::value::RawValue
              &'a str
              ()
              (T,)
              (T0, T1)
              (T0, T1, T2)
            and 310 others
note: required by a bound in `states::_::_serde::__private::de::missing_field`
   --> /Users/thagale/.cargo/registry/src/index.crates.io-1949cf8c6b5b557f/serde-1.0.219/src/private/de.rs:25:8
    |
23  | pub fn missing_field<'de, V, E>(field: &'static str) -> Result<V, E>
    |        ------------- required by a bound in this function
24  | where
25  |     V: Deserialize<'de>,
    |        ^^^^^^^^^^^^^^^^ required by this bound in `missing_field`
    = note: this error originates in the derive macro `Deserialize` (in Nightly builds, run with -Z macro-backtrace for more info)

error[E0277]: the trait bound `Mode: Deserialize<'_>` is not satisfied
   --> pancetta-dx/src/reports.rs:102:35
    |
102 | #[derive(Debug, Clone, Serialize, Deserialize)]
    |                                   ^^^^^^^^^^^ the trait `Deserialize<'_>` is not implemented for `Mode`
    |
    = note: for local types consider adding `#[derive(serde::Deserialize)]` to your `Mode` type
    = note: for types from other crates check whether the crate offers a `serde` feature flag
    = help: the following other types implement trait `Deserialize<'de>`:
              &'a Path
              &'a [u8]
              &'a serde_json::value::RawValue
              &'a str
              ()
              (T,)
              (T0, T1)
              (T0, T1, T2)
            and 234 others
note: required by a bound in `_::_serde::__private::de::missing_field`
   --> /Users/thagale/.cargo/registry/src/index.crates.io-1949cf8c6b5b557f/serde-1.0.219/src/private/de.rs:25:8
    |
23  | pub fn missing_field<'de, V, E>(field: &'static str) -> Result<V, E>
    |        ------------- required by a bound in this function
24  | where
25  |     V: Deserialize<'de>,
    |        ^^^^^^^^^^^^^^^^ required by this bound in `missing_field`
    = note: this error originates in the derive macro `Deserialize` (in Nightly builds, run with -Z macro-backtrace for more info)

error[E0277]: the trait bound `Mode: Serialize` is not satisfied
    --> pancetta-dx/src/reports.rs:125:24
     |
125  | #[derive(Debug, Clone, Serialize, Deserialize)]
     |                        ^^^^^^^^^ the trait `Serialize` is not implemented for `Mode`
...
133  |     /// Mode comparison
     |     ------------------- required by a bound introduced by this call
     |
     = note: for local types consider adding `#[derive(serde::Serialize)]` to your `Mode` type
     = note: for types from other crates check whether the crate offers a `serde` feature flag
     = help: the following other types implement trait `Serialize`:
               &'a T
               &'a mut T
               ()
               (T,)
               (T0, T1)
               (T0, T1, T2)
               (T0, T1, T2, T3)
               (T0, T1, T2, T3, T4)
             and 207 others
     = note: required for `HashMap<Mode, u32>` to implement `Serialize`
note: required by a bound in `_::_serde::ser::SerializeStruct::serialize_field`
    --> /Users/thagale/.cargo/registry/src/index.crates.io-1949cf8c6b5b557f/serde-1.0.219/src/ser/mod.rs:1866:21
     |
1864 |     fn serialize_field<T>(&mut self, key: &'static str, value: &T) -> Result<(), Self::Error>
     |        --------------- required by a bound in this associated function
1865 |     where
1866 |         T: ?Sized + Serialize;
     |                     ^^^^^^^^^ required by this bound in `SerializeStruct::serialize_field`
     = note: this error originates in the derive macro `Serialize` (in Nightly builds, run with -Z macro-backtrace for more info)

error[E0277]: the trait bound `Mode: Deserialize<'_>` is not satisfied
    --> pancetta-dx/src/reports.rs:134:26
     |
134  |     pub mode_comparison: HashMap<Mode, u32>,
     |                          ^^^^^^^^^^^^^^^^^^ the trait `Deserialize<'_>` is not implemented for `Mode`
     |
     = note: for local types consider adding `#[derive(serde::Deserialize)]` to your `Mode` type
     = note: for types from other crates check whether the crate offers a `serde` feature flag
     = help: the following other types implement trait `Deserialize<'de>`:
               &'a Path
               &'a [u8]
               &'a serde_json::value::RawValue
               &'a str
               ()
               (T,)
               (T0, T1)
               (T0, T1, T2)
             and 234 others
     = note: required for `HashMap<Mode, u32>` to implement `Deserialize<'_>`
note: required by a bound in `next_element`
    --> /Users/thagale/.cargo/registry/src/index.crates.io-1949cf8c6b5b557f/serde-1.0.219/src/de/mod.rs:1732:12
     |
1730 |     fn next_element<T>(&mut self) -> Result<Option<T>, Self::Error>
     |        ------------ required by a bound in this associated function
1731 |     where
1732 |         T: Deserialize<'de>,
     |            ^^^^^^^^^^^^^^^^ required by this bound in `SeqAccess::next_element`

error[E0277]: the trait bound `Mode: Deserialize<'_>` is not satisfied
    --> pancetta-dx/src/reports.rs:134:26
     |
134  |     pub mode_comparison: HashMap<Mode, u32>,
     |                          ^^^^^^^^^^^^^^^^^^ the trait `Deserialize<'_>` is not implemented for `Mode`
     |
     = note: for local types consider adding `#[derive(serde::Deserialize)]` to your `Mode` type
     = note: for types from other crates check whether the crate offers a `serde` feature flag
     = help: the following other types implement trait `Deserialize<'de>`:
               &'a Path
               &'a [u8]
               &'a serde_json::value::RawValue
               &'a str
               ()
               (T,)
               (T0, T1)
               (T0, T1, T2)
             and 234 others
     = note: required for `HashMap<Mode, u32>` to implement `Deserialize<'_>`
note: required by a bound in `next_value`
    --> /Users/thagale/.cargo/registry/src/index.crates.io-1949cf8c6b5b557f/serde-1.0.219/src/de/mod.rs:1871:12
     |
1869 |     fn next_value<V>(&mut self) -> Result<V, Self::Error>
     |        ---------- required by a bound in this associated function
1870 |     where
1871 |         V: Deserialize<'de>,
     |            ^^^^^^^^^^^^^^^^ required by this bound in `MapAccess::next_value`

error[E0277]: the trait bound `Mode: Deserialize<'_>` is not satisfied
   --> pancetta-dx/src/reports.rs:125:35
    |
125 | #[derive(Debug, Clone, Serialize, Deserialize)]
    |                                   ^^^^^^^^^^^ the trait `Deserialize<'_>` is not implemented for `Mode`
    |
    = note: for local types consider adding `#[derive(serde::Deserialize)]` to your `Mode` type
    = note: for types from other crates check whether the crate offers a `serde` feature flag
    = help: the following other types implement trait `Deserialize<'de>`:
              &'a Path
              &'a [u8]
              &'a serde_json::value::RawValue
              &'a str
              ()
              (T,)
              (T0, T1)
              (T0, T1, T2)
            and 234 others
    = note: required for `HashMap<Mode, u32>` to implement `Deserialize<'_>`
note: required by a bound in `_::_serde::__private::de::missing_field`
   --> /Users/thagale/.cargo/registry/src/index.crates.io-1949cf8c6b5b557f/serde-1.0.219/src/private/de.rs:25:8
    |
23  | pub fn missing_field<'de, V, E>(field: &'static str) -> Result<V, E>
    |        ------------- required by a bound in this function
24  | where
25  |     V: Deserialize<'de>,
    |        ^^^^^^^^^^^^^^^^ required by this bound in `missing_field`
    = note: this error originates in the derive macro `Deserialize` (in Nightly builds, run with -Z macro-backtrace for more info)

error[E0277]: `?` couldn't convert the error to `DxError`
   --> pancetta-dx/src/reports.rs:801:48
    |
801 |         writeln!(html, "<h3>{}</h3>", category)?;
    |         ---------------------------------------^ the trait `From<std::fmt::Error>` is not implemented for `DxError`
    |         |
    |         this can't be annotated with `?` because it has type `Result<_, std::fmt::Error>`
    |
note: `DxError` needs to implement `From<std::fmt::Error>`
   --> pancetta-dx/src/lib.rs:38:1
    |
38  | pub enum DxError {
    | ^^^^^^^^^^^^^^^^
    = note: the question mark operation (`?`) implicitly performs a conversion on the error value using the `From` trait
    = help: the following other types implement trait `From<T>`:
              `DxError` implements `From<reqwest::Error>`
              `DxError` implements `From<rusqlite::Error>`

error[E0277]: `?` couldn't convert the error to `DxError`
   --> pancetta-dx/src/reports.rs:802:34
    |
802 |         writeln!(html, "<table>")?;
    |         -------------------------^ the trait `From<std::fmt::Error>` is not implemented for `DxError`
    |         |
    |         this can't be annotated with `?` because it has type `Result<_, std::fmt::Error>`
    |
note: `DxError` needs to implement `From<std::fmt::Error>`
   --> pancetta-dx/src/lib.rs:38:1
    |
38  | pub enum DxError {
    | ^^^^^^^^^^^^^^^^
    = note: the question mark operation (`?`) implicitly performs a conversion on the error value using the `From` trait
    = help: the following other types implement trait `From<T>`:
              `DxError` implements `From<reqwest::Error>`
              `DxError` implements `From<rusqlite::Error>`

error[E0277]: `?` couldn't convert the error to `DxError`
   --> pancetta-dx/src/reports.rs:803:65
    |
803 |         writeln!(html, "<tr><th>Metric</th><th>Value</th></tr>")?;
    |         --------------------------------------------------------^ the trait `From<std::fmt::Error>` is not implemented for `DxError`
    |         |
    |         this can't be annotated with `?` because it has type `Result<_, std::fmt::Error>`
    |
note: `DxError` needs to implement `From<std::fmt::Error>`
   --> pancetta-dx/src/lib.rs:38:1
    |
38  | pub enum DxError {
    | ^^^^^^^^^^^^^^^^
    = note: the question mark operation (`?`) implicitly performs a conversion on the error value using the `From` trait
    = help: the following other types implement trait `From<T>`:
              `DxError` implements `From<reqwest::Error>`
              `DxError` implements `From<rusqlite::Error>`

error[E0277]: `?` couldn't convert the error to `DxError`
   --> pancetta-dx/src/reports.rs:804:86
    |
804 |         writeln!(html, "<tr><td>Entities Worked</td><td>{}</td></tr>", status.worked)?;
    |         -----------------------------------------------------------------------------^ the trait `From<std::fmt::Error>` is not implemented for `DxError`
    |         |
    |         this can't be annotated with `?` because it has type `Result<_, std::fmt::Error>`
    |
note: `DxError` needs to implement `From<std::fmt::Error>`
   --> pancetta-dx/src/lib.rs:38:1
    |
38  | pub enum DxError {
    | ^^^^^^^^^^^^^^^^
    = note: the question mark operation (`?`) implicitly performs a conversion on the error value using the `From` trait
    = help: the following other types implement trait `From<T>`:
              `DxError` implements `From<reqwest::Error>`
              `DxError` implements `From<rusqlite::Error>`

error[E0277]: `?` couldn't convert the error to `DxError`
   --> pancetta-dx/src/reports.rs:805:92
    |
805 |         writeln!(html, "<tr><td>Entities Confirmed</td><td>{}</td></tr>", status.confirmed)?;
    |         -----------------------------------------------------------------------------------^ the trait `From<std::fmt::Error>` is not implemented for `DxError`
    |         |
    |         this can't be annotated with `?` because it has type `Result<_, std::fmt::Error>`
    |
note: `DxError` needs to implement `From<std::fmt::Error>`
   --> pancetta-dx/src/lib.rs:38:1
    |
38  | pub enum DxError {
    | ^^^^^^^^^^^^^^^^
    = note: the question mark operation (`?`) implicitly performs a conversion on the error value using the `From` trait
    = help: the following other types implement trait `From<T>`:
              `DxError` implements `From<reqwest::Error>`
              `DxError` implements `From<rusqlite::Error>`

error[E0277]: the trait bound `states::QsoMetadata: Serialize` is not satisfied
    --> pancetta-qso/src/qso_manager.rs:160:9
     |
160  |         metadata: QsoMetadata,
     |         ^^^^^^^^ the trait `Serialize` is not implemented for `states::QsoMetadata`
     |
     = note: for local types consider adding `#[derive(serde::Serialize)]` to your `states::QsoMetadata` type
     = note: for types from other crates check whether the crate offers a `serde` feature flag
     = help: the following other types implement trait `Serialize`:
               &'a T
               &'a mut T
               ()
               (T,)
               (T0, T1)
               (T0, T1, T2)
               (T0, T1, T2, T3)
               (T0, T1, T2, T3, T4)
             and 280 others
note: required by a bound in `states::_::_serde::ser::SerializeStructVariant::serialize_field`
    --> /Users/thagale/.cargo/registry/src/index.crates.io-1949cf8c6b5b557f/serde-1.0.219/src/ser/mod.rs:1930:21
     |
1928 |     fn serialize_field<T>(&mut self, key: &'static str, value: &T) -> Result<(), Self::Error>
     |        --------------- required by a bound in this associated function
1929 |     where
1930 |         T: ?Sized + Serialize;
     |                     ^^^^^^^^^ required by this bound in `SerializeStructVariant::serialize_field`

error[E0277]: `?` couldn't convert the error to `DxError`
   --> pancetta-dx/src/reports.rs:806:102
    |
806 |         writeln!(html, "<tr><td>Progress to Award</td><td>{:.1}%</td></tr>", status.progress_percent)?;
    |         ---------------------------------------------------------------------------------------------^ the trait `From<std::fmt::Error>` is not implemented for `DxError`
    |         |
    |         this can't be annotated with `?` because it has type `Result<_, std::fmt::Error>`
    |
note: `DxError` needs to implement `From<std::fmt::Error>`
   --> pancetta-dx/src/lib.rs:38:1
    |
38  | pub enum DxError {
    | ^^^^^^^^^^^^^^^^
    = note: the question mark operation (`?`) implicitly performs a conversion on the error value using the `From` trait
    = help: the following other types implement trait `From<T>`:
              `DxError` implements `From<reqwest::Error>`
              `DxError` implements `From<rusqlite::Error>`

error[E0277]: the trait bound `states::QsoMetadata: Serialize` is not satisfied
    --> pancetta-qso/src/qso_manager.rs:167:9
     |
167  |         metadata: QsoMetadata,
     |         ^^^^^^^^ the trait `Serialize` is not implemented for `states::QsoMetadata`
     |
     = note: for local types consider adding `#[derive(serde::Serialize)]` to your `states::QsoMetadata` type
     = note: for types from other crates check whether the crate offers a `serde` feature flag
     = help: the following other types implement trait `Serialize`:
               &'a T
               &'a mut T
               ()
               (T,)
               (T0, T1)
               (T0, T1, T2)
               (T0, T1, T2, T3)
               (T0, T1, T2, T3, T4)
             and 280 others
note: required by a bound in `states::_::_serde::ser::SerializeStructVariant::serialize_field`
    --> /Users/thagale/.cargo/registry/src/index.crates.io-1949cf8c6b5b557f/serde-1.0.219/src/ser/mod.rs:1930:21
     |
1928 |     fn serialize_field<T>(&mut self, key: &'static str, value: &T) -> Result<(), Self::Error>
     |        --------------- required by a bound in this associated function
1929 |     where
1930 |         T: ?Sized + Serialize;
     |                     ^^^^^^^^^ required by this bound in `SerializeStructVariant::serialize_field`

error[E0277]: `?` couldn't convert the error to `DxError`
   --> pancetta-dx/src/reports.rs:809:80
    |
807 | /         writeln!(html, "<tr><td>Award Status</td><td class=\"{}\">{}</td></tr>", 
808 | |                 if status.award_achieved { "status-achieved" } else { "status-progress" },
809 | |                 if status.award_achieved { "ACHIEVED" } else { "In Progress" })?;
    | |                                                                               -^ the trait `From<std::fmt::Error>` is not implemented for `DxError`
    | |_______________________________________________________________________________|
    |                                                                                 this can't be annotated with `?` because it has type `Result<_, std::fmt::Error>`
    |
note: `DxError` needs to implement `From<std::fmt::Error>`
   --> pancetta-dx/src/lib.rs:38:1
    |
38  | pub enum DxError {
    | ^^^^^^^^^^^^^^^^
    = note: the question mark operation (`?`) implicitly performs a conversion on the error value using the `From` trait
    = help: the following other types implement trait `From<T>`:
              `DxError` implements `From<reqwest::Error>`
              `DxError` implements `From<rusqlite::Error>`

error[E0277]: `?` couldn't convert the error to `DxError`
   --> pancetta-dx/src/reports.rs:810:35
    |
810 |         writeln!(html, "</table>")?;
    |         --------------------------^ the trait `From<std::fmt::Error>` is not implemented for `DxError`
    |         |
    |         this can't be annotated with `?` because it has type `Result<_, std::fmt::Error>`
    |
note: `DxError` needs to implement `From<std::fmt::Error>`
   --> pancetta-dx/src/lib.rs:38:1
    |
38  | pub enum DxError {
    | ^^^^^^^^^^^^^^^^
    = note: the question mark operation (`?`) implicitly performs a conversion on the error value using the `From` trait
    = help: the following other types implement trait `From<T>`:
              `DxError` implements `From<reqwest::Error>`
              `DxError` implements `From<rusqlite::Error>`

error[E0277]: the trait bound `states::QsoMetadata: Deserialize<'_>` is not satisfied
    --> pancetta-qso/src/qso_manager.rs:160:19
     |
160  |         metadata: QsoMetadata,
     |                   ^^^^^^^^^^^ the trait `Deserialize<'_>` is not implemented for `states::QsoMetadata`
     |
     = note: for local types consider adding `#[derive(serde::Deserialize)]` to your `states::QsoMetadata` type
     = note: for types from other crates check whether the crate offers a `serde` feature flag
     = help: the following other types implement trait `Deserialize<'de>`:
               &'a Path
               &'a [u8]
               &'a serde_json::value::RawValue
               &'a str
               ()
               (T,)
               (T0, T1)
               (T0, T1, T2)
             and 291 others
note: required by a bound in `next_element`
    --> /Users/thagale/.cargo/registry/src/index.crates.io-1949cf8c6b5b557f/serde-1.0.219/src/de/mod.rs:1732:12
     |
1730 |     fn next_element<T>(&mut self) -> Result<Option<T>, Self::Error>
     |        ------------ required by a bound in this associated function
1731 |     where
1732 |         T: Deserialize<'de>,
     |            ^^^^^^^^^^^^^^^^ required by this bound in `SeqAccess::next_element`

error[E0277]: the trait bound `states::QsoMetadata: Deserialize<'_>` is not satisfied
    --> pancetta-qso/src/qso_manager.rs:160:19
     |
160  |         metadata: QsoMetadata,
     |                   ^^^^^^^^^^^ the trait `Deserialize<'_>` is not implemented for `states::QsoMetadata`
     |
     = note: for local types consider adding `#[derive(serde::Deserialize)]` to your `states::QsoMetadata` type
     = note: for types from other crates check whether the crate offers a `serde` feature flag
     = help: the following other types implement trait `Deserialize<'de>`:
               &'a Path
               &'a [u8]
               &'a serde_json::value::RawValue
               &'a str
               ()
               (T,)
               (T0, T1)
               (T0, T1, T2)
             and 291 others
note: required by a bound in `next_value`
    --> /Users/thagale/.cargo/registry/src/index.crates.io-1949cf8c6b5b557f/serde-1.0.219/src/de/mod.rs:1871:12
     |
1869 |     fn next_value<V>(&mut self) -> Result<V, Self::Error>
     |        ---------- required by a bound in this associated function
1870 |     where
1871 |         V: Deserialize<'de>,
     |            ^^^^^^^^^^^^^^^^ required by this bound in `MapAccess::next_value`

error[E0277]: the trait bound `states::QsoMetadata: Deserialize<'_>` is not satisfied
   --> pancetta-qso/src/qso_manager.rs:134:35
    |
134 | #[derive(Debug, Clone, Serialize, Deserialize)]
    |                                   ^^^^^^^^^^^ the trait `Deserialize<'_>` is not implemented for `states::QsoMetadata`
    |
    = note: for local types consider adding `#[derive(serde::Deserialize)]` to your `states::QsoMetadata` type
    = note: for types from other crates check whether the crate offers a `serde` feature flag
    = help: the following other types implement trait `Deserialize<'de>`:
              &'a Path
              &'a [u8]
              &'a serde_json::value::RawValue
              &'a str
              ()
              (T,)
              (T0, T1)
              (T0, T1, T2)
            and 291 others
note: required by a bound in `states::_::_serde::__private::de::missing_field`
   --> /Users/thagale/.cargo/registry/src/index.crates.io-1949cf8c6b5b557f/serde-1.0.219/src/private/de.rs:25:8
    |
23  | pub fn missing_field<'de, V, E>(field: &'static str) -> Result<V, E>
    |        ------------- required by a bound in this function
24  | where
25  |     V: Deserialize<'de>,
    |        ^^^^^^^^^^^^^^^^ required by this bound in `missing_field`
    = note: this error originates in the derive macro `Deserialize` (in Nightly builds, run with -Z macro-backtrace for more info)

error[E0599]: no method named `median` found for struct `Vec<f64>` in the current scope
   --> pancetta-dx/src/scorer.rs:291:41
    |
291 |             median_qsos: qso_counts_f64.median(),
    |                                         ^^^^^^
    |
help: there is a method `mean` with a similar name
    |
291 -             median_qsos: qso_counts_f64.median(),
291 +             median_qsos: qso_counts_f64.mean(),
    |

error[E0277]: the trait bound `states::QsoMetadata: Deserialize<'_>` is not satisfied
    --> pancetta-qso/src/qso_manager.rs:167:19
     |
167  |         metadata: QsoMetadata,
     |                   ^^^^^^^^^^^ the trait `Deserialize<'_>` is not implemented for `states::QsoMetadata`
     |
     = note: for local types consider adding `#[derive(serde::Deserialize)]` to your `states::QsoMetadata` type
     = note: for types from other crates check whether the crate offers a `serde` feature flag
     = help: the following other types implement trait `Deserialize<'de>`:
               &'a Path
               &'a [u8]
               &'a serde_json::value::RawValue
               &'a str
               ()
               (T,)
               (T0, T1)
               (T0, T1, T2)
             and 291 others
note: required by a bound in `next_element`
    --> /Users/thagale/.cargo/registry/src/index.crates.io-1949cf8c6b5b557f/serde-1.0.219/src/de/mod.rs:1732:12
     |
1730 |     fn next_element<T>(&mut self) -> Result<Option<T>, Self::Error>
     |        ------------ required by a bound in this associated function
1731 |     where
1732 |         T: Deserialize<'de>,
     |            ^^^^^^^^^^^^^^^^ required by this bound in `SeqAccess::next_element`

error[E0277]: the trait bound `states::QsoMetadata: Deserialize<'_>` is not satisfied
    --> pancetta-qso/src/qso_manager.rs:167:19
     |
167  |         metadata: QsoMetadata,
     |                   ^^^^^^^^^^^ the trait `Deserialize<'_>` is not implemented for `states::QsoMetadata`
     |
     = note: for local types consider adding `#[derive(serde::Deserialize)]` to your `states::QsoMetadata` type
     = note: for types from other crates check whether the crate offers a `serde` feature flag
     = help: the following other types implement trait `Deserialize<'de>`:
               &'a Path
               &'a [u8]
               &'a serde_json::value::RawValue
               &'a str
               ()
               (T,)
               (T0, T1)
               (T0, T1, T2)
             and 291 others
note: required by a bound in `next_value`
    --> /Users/thagale/.cargo/registry/src/index.crates.io-1949cf8c6b5b557f/serde-1.0.219/src/de/mod.rs:1871:12
     |
1869 |     fn next_value<V>(&mut self) -> Result<V, Self::Error>
     |        ---------- required by a bound in this associated function
1870 |     where
1871 |         V: Deserialize<'de>,
     |            ^^^^^^^^^^^^^^^^ required by this bound in `MapAccess::next_value`

error[E0599]: no method named `percentile` found for struct `Vec<f64>` in the current scope
   --> pancetta-dx/src/scorer.rs:292:38
    |
292 |             p95_qsos: qso_counts_f64.percentile(95),
    |                                      ^^^^^^^^^^ method not found in `Vec<f64>`

error[E0277]: the trait bound `Mode: Serialize` is not satisfied
    --> pancetta-dx/src/statistics.rs:13:24
     |
13   | #[derive(Debug, Clone, Serialize, Deserialize)]
     |                        ^^^^^^^^^ the trait `Serialize` is not implemented for `Mode`
...
25   |     /// QSOs by mode
     |     ---------------- required by a bound introduced by this call
     |
     = note: for local types consider adding `#[derive(serde::Serialize)]` to your `Mode` type
     = note: for types from other crates check whether the crate offers a `serde` feature flag
     = help: the following other types implement trait `Serialize`:
               &'a T
               &'a mut T
               ()
               (T,)
               (T0, T1)
               (T0, T1, T2)
               (T0, T1, T2, T3)
               (T0, T1, T2, T3, T4)
             and 207 others
     = note: required for `HashMap<Mode, u32>` to implement `Serialize`
note: required by a bound in `_::_serde::ser::SerializeStruct::serialize_field`
    --> /Users/thagale/.cargo/registry/src/index.crates.io-1949cf8c6b5b557f/serde-1.0.219/src/ser/mod.rs:1866:21
     |
1864 |     fn serialize_field<T>(&mut self, key: &'static str, value: &T) -> Result<(), Self::Error>
     |        --------------- required by a bound in this associated function
1865 |     where
1866 |         T: ?Sized + Serialize;
     |                     ^^^^^^^^^ required by this bound in `SerializeStruct::serialize_field`
     = note: this error originates in the derive macro `Serialize` (in Nightly builds, run with -Z macro-backtrace for more info)

error[E0277]: the trait bound `Mode: Deserialize<'_>` is not satisfied
    --> pancetta-dx/src/statistics.rs:26:23
     |
26   |     pub qsos_by_mode: HashMap<Mode, u32>,
     |                       ^^^^^^^^^^^^^^^^^^ the trait `Deserialize<'_>` is not implemented for `Mode`
     |
     = note: for local types consider adding `#[derive(serde::Deserialize)]` to your `Mode` type
     = note: for types from other crates check whether the crate offers a `serde` feature flag
     = help: the following other types implement trait `Deserialize<'de>`:
               &'a Path
               &'a [u8]
               &'a serde_json::value::RawValue
               &'a str
               ()
               (T,)
               (T0, T1)
               (T0, T1, T2)
             and 229 others
     = note: required for `HashMap<Mode, u32>` to implement `Deserialize<'_>`
note: required by a bound in `next_element`
    --> /Users/thagale/.cargo/registry/src/index.crates.io-1949cf8c6b5b557f/serde-1.0.219/src/de/mod.rs:1732:12
     |
1730 |     fn next_element<T>(&mut self) -> Result<Option<T>, Self::Error>
     |        ------------ required by a bound in this associated function
1731 |     where
1732 |         T: Deserialize<'de>,
     |            ^^^^^^^^^^^^^^^^ required by this bound in `SeqAccess::next_element`

error[E0277]: the trait bound `Mode: Deserialize<'_>` is not satisfied
    --> pancetta-dx/src/statistics.rs:36:27
     |
36   |     pub most_active_mode: Option<Mode>,
     |                           ^^^^^^^^^^^^ the trait `Deserialize<'_>` is not implemented for `Mode`
     |
     = note: for local types consider adding `#[derive(serde::Deserialize)]` to your `Mode` type
     = note: for types from other crates check whether the crate offers a `serde` feature flag
     = help: the following other types implement trait `Deserialize<'de>`:
               &'a Path
               &'a [u8]
               &'a serde_json::value::RawValue
               &'a str
               ()
               (T,)
               (T0, T1)
               (T0, T1, T2)
             and 229 others
     = note: required for `std::option::Option<Mode>` to implement `Deserialize<'_>`
note: required by a bound in `next_element`
    --> /Users/thagale/.cargo/registry/src/index.crates.io-1949cf8c6b5b557f/serde-1.0.219/src/de/mod.rs:1732:12
     |
1730 |     fn next_element<T>(&mut self) -> Result<Option<T>, Self::Error>
     |        ------------ required by a bound in this associated function
1731 |     where
1732 |         T: Deserialize<'de>,
     |            ^^^^^^^^^^^^^^^^ required by this bound in `SeqAccess::next_element`

error[E0277]: the trait bound `Mode: Deserialize<'_>` is not satisfied
    --> pancetta-dx/src/statistics.rs:26:23
     |
26   |     pub qsos_by_mode: HashMap<Mode, u32>,
     |                       ^^^^^^^^^^^^^^^^^^ the trait `Deserialize<'_>` is not implemented for `Mode`
     |
     = note: for local types consider adding `#[derive(serde::Deserialize)]` to your `Mode` type
     = note: for types from other crates check whether the crate offers a `serde` feature flag
     = help: the following other types implement trait `Deserialize<'de>`:
               &'a Path
               &'a [u8]
               &'a serde_json::value::RawValue
               &'a str
               ()
               (T,)
               (T0, T1)
               (T0, T1, T2)
             and 229 others
     = note: required for `HashMap<Mode, u32>` to implement `Deserialize<'_>`
note: required by a bound in `next_value`
    --> /Users/thagale/.cargo/registry/src/index.crates.io-1949cf8c6b5b557f/serde-1.0.219/src/de/mod.rs:1871:12
     |
1869 |     fn next_value<V>(&mut self) -> Result<V, Self::Error>
     |        ---------- required by a bound in this associated function
1870 |     where
1871 |         V: Deserialize<'de>,
     |            ^^^^^^^^^^^^^^^^ required by this bound in `MapAccess::next_value`

error[E0277]: the trait bound `Mode: Deserialize<'_>` is not satisfied
    --> pancetta-dx/src/statistics.rs:36:27
     |
36   |     pub most_active_mode: Option<Mode>,
     |                           ^^^^^^^^^^^^ the trait `Deserialize<'_>` is not implemented for `Mode`
     |
     = note: for local types consider adding `#[derive(serde::Deserialize)]` to your `Mode` type
     = note: for types from other crates check whether the crate offers a `serde` feature flag
     = help: the following other types implement trait `Deserialize<'de>`:
               &'a Path
               &'a [u8]
               &'a serde_json::value::RawValue
               &'a str
               ()
               (T,)
               (T0, T1)
               (T0, T1, T2)
             and 229 others
     = note: required for `std::option::Option<Mode>` to implement `Deserialize<'_>`
note: required by a bound in `next_value`
    --> /Users/thagale/.cargo/registry/src/index.crates.io-1949cf8c6b5b557f/serde-1.0.219/src/de/mod.rs:1871:12
     |
1869 |     fn next_value<V>(&mut self) -> Result<V, Self::Error>
     |        ---------- required by a bound in this associated function
1870 |     where
1871 |         V: Deserialize<'de>,
     |            ^^^^^^^^^^^^^^^^ required by this bound in `MapAccess::next_value`

error[E0277]: the trait bound `Mode: Deserialize<'_>` is not satisfied
  --> pancetta-dx/src/statistics.rs:13:35
   |
13 | #[derive(Debug, Clone, Serialize, Deserialize)]
   |                                   ^^^^^^^^^^^ the trait `Deserialize<'_>` is not implemented for `Mode`
   |
   = note: for local types consider adding `#[derive(serde::Deserialize)]` to your `Mode` type
   = note: for types from other crates check whether the crate offers a `serde` feature flag
   = help: the following other types implement trait `Deserialize<'de>`:
             &'a Path
             &'a [u8]
             &'a serde_json::value::RawValue
             &'a str
             ()
             (T,)
             (T0, T1)
             (T0, T1, T2)
           and 229 others
   = note: required for `HashMap<Mode, u32>` to implement `Deserialize<'_>`
note: required by a bound in `_::_serde::__private::de::missing_field`
  --> /Users/thagale/.cargo/registry/src/index.crates.io-1949cf8c6b5b557f/serde-1.0.219/src/private/de.rs:25:8
   |
23 | pub fn missing_field<'de, V, E>(field: &'static str) -> Result<V, E>
   |        ------------- required by a bound in this function
24 | where
25 |     V: Deserialize<'de>,
   |        ^^^^^^^^^^^^^^^^ required by this bound in `missing_field`
   = note: this error originates in the derive macro `Deserialize` (in Nightly builds, run with -Z macro-backtrace for more info)

error[E0277]: the trait bound `Mode: Serialize` is not satisfied
    --> pancetta-dx/src/statistics.rs:52:24
     |
52   | #[derive(Debug, Clone, Serialize, Deserialize)]
     |                        ^^^^^^^^^ the trait `Serialize` is not implemented for `Mode`
...
64   |     /// QSOs by mode on this band
     |     ----------------------------- required by a bound introduced by this call
     |
     = note: for local types consider adding `#[derive(serde::Serialize)]` to your `Mode` type
     = note: for types from other crates check whether the crate offers a `serde` feature flag
     = help: the following other types implement trait `Serialize`:
               &'a T
               &'a mut T
               ()
               (T,)
               (T0, T1)
               (T0, T1, T2)
               (T0, T1, T2, T3)
               (T0, T1, T2, T3, T4)
             and 207 others
     = note: required for `HashMap<Mode, u32>` to implement `Serialize`
note: required by a bound in `_::_serde::ser::SerializeStruct::serialize_field`
    --> /Users/thagale/.cargo/registry/src/index.crates.io-1949cf8c6b5b557f/serde-1.0.219/src/ser/mod.rs:1866:21
     |
1864 |     fn serialize_field<T>(&mut self, key: &'static str, value: &T) -> Result<(), Self::Error>
     |        --------------- required by a bound in this associated function
1865 |     where
1866 |         T: ?Sized + Serialize;
     |                     ^^^^^^^^^ required by this bound in `SerializeStruct::serialize_field`
     = note: this error originates in the derive macro `Serialize` (in Nightly builds, run with -Z macro-backtrace for more info)

error[E0277]: the trait bound `Mode: Deserialize<'_>` is not satisfied
    --> pancetta-dx/src/statistics.rs:65:23
     |
65   |     pub qsos_by_mode: HashMap<Mode, u32>,
     |                       ^^^^^^^^^^^^^^^^^^ the trait `Deserialize<'_>` is not implemented for `Mode`
     |
     = note: for local types consider adding `#[derive(serde::Deserialize)]` to your `Mode` type
     = note: for types from other crates check whether the crate offers a `serde` feature flag
     = help: the following other types implement trait `Deserialize<'de>`:
               &'a Path
               &'a [u8]
               &'a serde_json::value::RawValue
               &'a str
               ()
               (T,)
               (T0, T1)
               (T0, T1, T2)
             and 229 others
     = note: required for `HashMap<Mode, u32>` to implement `Deserialize<'_>`
note: required by a bound in `next_element`
    --> /Users/thagale/.cargo/registry/src/index.crates.io-1949cf8c6b5b557f/serde-1.0.219/src/de/mod.rs:1732:12
     |
1730 |     fn next_element<T>(&mut self) -> Result<Option<T>, Self::Error>
     |        ------------ required by a bound in this associated function
1731 |     where
1732 |         T: Deserialize<'de>,
     |            ^^^^^^^^^^^^^^^^ required by this bound in `SeqAccess::next_element`

error[E0277]: the trait bound `Mode: Deserialize<'_>` is not satisfied
    --> pancetta-dx/src/statistics.rs:65:23
     |
65   |     pub qsos_by_mode: HashMap<Mode, u32>,
     |                       ^^^^^^^^^^^^^^^^^^ the trait `Deserialize<'_>` is not implemented for `Mode`
     |
     = note: for local types consider adding `#[derive(serde::Deserialize)]` to your `Mode` type
     = note: for types from other crates check whether the crate offers a `serde` feature flag
     = help: the following other types implement trait `Deserialize<'de>`:
               &'a Path
               &'a [u8]
               &'a serde_json::value::RawValue
               &'a str
               ()
               (T,)
               (T0, T1)
               (T0, T1, T2)
             and 229 others
     = note: required for `HashMap<Mode, u32>` to implement `Deserialize<'_>`
note: required by a bound in `next_value`
    --> /Users/thagale/.cargo/registry/src/index.crates.io-1949cf8c6b5b557f/serde-1.0.219/src/de/mod.rs:1871:12
     |
1869 |     fn next_value<V>(&mut self) -> Result<V, Self::Error>
     |        ---------- required by a bound in this associated function
1870 |     where
1871 |         V: Deserialize<'de>,
     |            ^^^^^^^^^^^^^^^^ required by this bound in `MapAccess::next_value`

error[E0277]: the trait bound `Mode: Deserialize<'_>` is not satisfied
  --> pancetta-dx/src/statistics.rs:52:35
   |
52 | #[derive(Debug, Clone, Serialize, Deserialize)]
   |                                   ^^^^^^^^^^^ the trait `Deserialize<'_>` is not implemented for `Mode`
   |
   = note: for local types consider adding `#[derive(serde::Deserialize)]` to your `Mode` type
   = note: for types from other crates check whether the crate offers a `serde` feature flag
   = help: the following other types implement trait `Deserialize<'de>`:
             &'a Path
             &'a [u8]
             &'a serde_json::value::RawValue
             &'a str
             ()
             (T,)
             (T0, T1)
             (T0, T1, T2)
           and 229 others
   = note: required for `HashMap<Mode, u32>` to implement `Deserialize<'_>`
note: required by a bound in `_::_serde::__private::de::missing_field`
  --> /Users/thagale/.cargo/registry/src/index.crates.io-1949cf8c6b5b557f/serde-1.0.219/src/private/de.rs:25:8
   |
23 | pub fn missing_field<'de, V, E>(field: &'static str) -> Result<V, E>
   |        ------------- required by a bound in this function
24 | where
25 |     V: Deserialize<'de>,
   |        ^^^^^^^^^^^^^^^^ required by this bound in `missing_field`
   = note: this error originates in the derive macro `Deserialize` (in Nightly builds, run with -Z macro-backtrace for more info)

error[E0277]: the trait bound `Mode: Serialize` is not satisfied
    --> pancetta-dx/src/statistics.rs:83:24
     |
83   | #[derive(Debug, Clone, Serialize, Deserialize)]
     |                        ^^^^^^^^^ the trait `Serialize` is not implemented for `Mode`
84   | pub struct ModeStatistics {
85   |     /// Mode
     |     -------- required by a bound introduced by this call
     |
     = note: for local types consider adding `#[derive(serde::Serialize)]` to your `Mode` type
     = note: for types from other crates check whether the crate offers a `serde` feature flag
     = help: the following other types implement trait `Serialize`:
               &'a T
               &'a mut T
               ()
               (T,)
               (T0, T1)
               (T0, T1, T2)
               (T0, T1, T2, T3)
               (T0, T1, T2, T3, T4)
             and 207 others
note: required by a bound in `_::_serde::ser::SerializeStruct::serialize_field`
    --> /Users/thagale/.cargo/registry/src/index.crates.io-1949cf8c6b5b557f/serde-1.0.219/src/ser/mod.rs:1866:21
     |
1864 |     fn serialize_field<T>(&mut self, key: &'static str, value: &T) -> Result<(), Self::Error>
     |        --------------- required by a bound in this associated function
1865 |     where
1866 |         T: ?Sized + Serialize;
     |                     ^^^^^^^^^ required by this bound in `SerializeStruct::serialize_field`
     = note: this error originates in the derive macro `Serialize` (in Nightly builds, run with -Z macro-backtrace for more info)

error[E0277]: the trait bound `Mode: Deserialize<'_>` is not satisfied
    --> pancetta-dx/src/statistics.rs:86:15
     |
86   |     pub mode: Mode,
     |               ^^^^ the trait `Deserialize<'_>` is not implemented for `Mode`
     |
     = note: for local types consider adding `#[derive(serde::Deserialize)]` to your `Mode` type
     = note: for types from other crates check whether the crate offers a `serde` feature flag
     = help: the following other types implement trait `Deserialize<'de>`:
               &'a Path
               &'a [u8]
               &'a serde_json::value::RawValue
               &'a str
               ()
               (T,)
               (T0, T1)
               (T0, T1, T2)
             and 229 others
note: required by a bound in `next_element`
    --> /Users/thagale/.cargo/registry/src/index.crates.io-1949cf8c6b5b557f/serde-1.0.219/src/de/mod.rs:1732:12
     |
1730 |     fn next_element<T>(&mut self) -> Result<Option<T>, Self::Error>
     |        ------------ required by a bound in this associated function
1731 |     where
1732 |         T: Deserialize<'de>,
     |            ^^^^^^^^^^^^^^^^ required by this bound in `SeqAccess::next_element`

error[E0277]: the trait bound `Mode: Deserialize<'_>` is not satisfied
    --> pancetta-dx/src/statistics.rs:86:15
     |
86   |     pub mode: Mode,
     |               ^^^^ the trait `Deserialize<'_>` is not implemented for `Mode`
     |
     = note: for local types consider adding `#[derive(serde::Deserialize)]` to your `Mode` type
     = note: for types from other crates check whether the crate offers a `serde` feature flag
     = help: the following other types implement trait `Deserialize<'de>`:
               &'a Path
               &'a [u8]
               &'a serde_json::value::RawValue
               &'a str
               ()
               (T,)
               (T0, T1)
               (T0, T1, T2)
             and 229 others
note: required by a bound in `next_value`
    --> /Users/thagale/.cargo/registry/src/index.crates.io-1949cf8c6b5b557f/serde-1.0.219/src/de/mod.rs:1871:12
     |
1869 |     fn next_value<V>(&mut self) -> Result<V, Self::Error>
     |        ---------- required by a bound in this associated function
1870 |     where
1871 |         V: Deserialize<'de>,
     |            ^^^^^^^^^^^^^^^^ required by this bound in `MapAccess::next_value`

error[E0277]: the trait bound `Mode: Deserialize<'_>` is not satisfied
  --> pancetta-dx/src/statistics.rs:83:35
   |
83 | #[derive(Debug, Clone, Serialize, Deserialize)]
   |                                   ^^^^^^^^^^^ the trait `Deserialize<'_>` is not implemented for `Mode`
   |
   = note: for local types consider adding `#[derive(serde::Deserialize)]` to your `Mode` type
   = note: for types from other crates check whether the crate offers a `serde` feature flag
   = help: the following other types implement trait `Deserialize<'de>`:
             &'a Path
             &'a [u8]
             &'a serde_json::value::RawValue
             &'a str
             ()
             (T,)
             (T0, T1)
             (T0, T1, T2)
           and 229 others
note: required by a bound in `_::_serde::__private::de::missing_field`
  --> /Users/thagale/.cargo/registry/src/index.crates.io-1949cf8c6b5b557f/serde-1.0.219/src/private/de.rs:25:8
   |
23 | pub fn missing_field<'de, V, E>(field: &'static str) -> Result<V, E>
   |        ------------- required by a bound in this function
24 | where
25 |     V: Deserialize<'de>,
   |        ^^^^^^^^^^^^^^^^ required by this bound in `missing_field`
   = note: this error originates in the derive macro `Deserialize` (in Nightly builds, run with -Z macro-backtrace for more info)

error[E0277]: the trait bound `Mode: Serialize` is not satisfied
    --> pancetta-dx/src/statistics.rs:133:24
     |
133  | #[derive(Debug, Clone, Serialize, Deserialize)]
     |                        ^^^^^^^^^ the trait `Serialize` is not implemented for `Mode`
...
151  |     /// QSOs by mode
     |     ---------------- required by a bound introduced by this call
     |
     = note: for local types consider adding `#[derive(serde::Serialize)]` to your `Mode` type
     = note: for types from other crates check whether the crate offers a `serde` feature flag
     = help: the following other types implement trait `Serialize`:
               &'a T
               &'a mut T
               ()
               (T,)
               (T0, T1)
               (T0, T1, T2)
               (T0, T1, T2, T3)
               (T0, T1, T2, T3, T4)
             and 207 others
     = note: required for `HashMap<Mode, u32>` to implement `Serialize`
note: required by a bound in `_::_serde::ser::SerializeStruct::serialize_field`
    --> /Users/thagale/.cargo/registry/src/index.crates.io-1949cf8c6b5b557f/serde-1.0.219/src/ser/mod.rs:1866:21
     |
1864 |     fn serialize_field<T>(&mut self, key: &'static str, value: &T) -> Result<(), Self::Error>
     |        --------------- required by a bound in this associated function
1865 |     where
1866 |         T: ?Sized + Serialize;
     |                     ^^^^^^^^^ required by this bound in `SerializeStruct::serialize_field`
     = note: this error originates in the derive macro `Serialize` (in Nightly builds, run with -Z macro-backtrace for more info)

error[E0277]: the trait bound `Mode: Deserialize<'_>` is not satisfied
    --> pancetta-dx/src/statistics.rs:152:23
     |
152  |     pub qsos_by_mode: HashMap<Mode, u32>,
     |                       ^^^^^^^^^^^^^^^^^^ the trait `Deserialize<'_>` is not implemented for `Mode`
     |
     = note: for local types consider adding `#[derive(serde::Deserialize)]` to your `Mode` type
     = note: for types from other crates check whether the crate offers a `serde` feature flag
     = help: the following other types implement trait `Deserialize<'de>`:
               &'a Path
               &'a [u8]
               &'a serde_json::value::RawValue
               &'a str
               ()
               (T,)
               (T0, T1)
               (T0, T1, T2)
             and 229 others
     = note: required for `HashMap<Mode, u32>` to implement `Deserialize<'_>`
note: required by a bound in `next_element`
    --> /Users/thagale/.cargo/registry/src/index.crates.io-1949cf8c6b5b557f/serde-1.0.219/src/de/mod.rs:1732:12
     |
1730 |     fn next_element<T>(&mut self) -> Result<Option<T>, Self::Error>
     |        ------------ required by a bound in this associated function
1731 |     where
1732 |         T: Deserialize<'de>,
     |            ^^^^^^^^^^^^^^^^ required by this bound in `SeqAccess::next_element`

error[E0277]: the trait bound `Mode: Deserialize<'_>` is not satisfied
    --> pancetta-dx/src/statistics.rs:152:23
     |
152  |     pub qsos_by_mode: HashMap<Mode, u32>,
     |                       ^^^^^^^^^^^^^^^^^^ the trait `Deserialize<'_>` is not implemented for `Mode`
     |
     = note: for local types consider adding `#[derive(serde::Deserialize)]` to your `Mode` type
     = note: for types from other crates check whether the crate offers a `serde` feature flag
     = help: the following other types implement trait `Deserialize<'de>`:
               &'a Path
               &'a [u8]
               &'a serde_json::value::RawValue
               &'a str
               ()
               (T,)
               (T0, T1)
               (T0, T1, T2)
             and 229 others
     = note: required for `HashMap<Mode, u32>` to implement `Deserialize<'_>`
note: required by a bound in `next_value`
    --> /Users/thagale/.cargo/registry/src/index.crates.io-1949cf8c6b5b557f/serde-1.0.219/src/de/mod.rs:1871:12
     |
1869 |     fn next_value<V>(&mut self) -> Result<V, Self::Error>
     |        ---------- required by a bound in this associated function
1870 |     where
1871 |         V: Deserialize<'de>,
     |            ^^^^^^^^^^^^^^^^ required by this bound in `MapAccess::next_value`

error[E0277]: the trait bound `Mode: Deserialize<'_>` is not satisfied
   --> pancetta-dx/src/statistics.rs:133:35
    |
133 | #[derive(Debug, Clone, Serialize, Deserialize)]
    |                                   ^^^^^^^^^^^ the trait `Deserialize<'_>` is not implemented for `Mode`
    |
    = note: for local types consider adding `#[derive(serde::Deserialize)]` to your `Mode` type
    = note: for types from other crates check whether the crate offers a `serde` feature flag
    = help: the following other types implement trait `Deserialize<'de>`:
              &'a Path
              &'a [u8]
              &'a serde_json::value::RawValue
              &'a str
              ()
              (T,)
              (T0, T1)
              (T0, T1, T2)
            and 229 others
    = note: required for `HashMap<Mode, u32>` to implement `Deserialize<'_>`
note: required by a bound in `_::_serde::__private::de::missing_field`
   --> /Users/thagale/.cargo/registry/src/index.crates.io-1949cf8c6b5b557f/serde-1.0.219/src/private/de.rs:25:8
    |
23  | pub fn missing_field<'de, V, E>(field: &'static str) -> Result<V, E>
    |        ------------- required by a bound in this function
24  | where
25  |     V: Deserialize<'de>,
    |        ^^^^^^^^^^^^^^^^ required by this bound in `missing_field`
    = note: this error originates in the derive macro `Deserialize` (in Nightly builds, run with -Z macro-backtrace for more info)

error[E0277]: the trait bound `Mode: Serialize` is not satisfied
    --> pancetta-dx/src/tracker.rs:26:24
     |
26   | #[derive(Debug, Clone, Serialize, Deserialize)]
     |                        ^^^^^^^^^ the trait `Serialize` is not implemented for `Mode`
...
32   |     /// Mode (None for mixed mode awards)
     |     ------------------------------------- required by a bound introduced by this call
     |
     = note: for local types consider adding `#[derive(serde::Serialize)]` to your `Mode` type
     = note: for types from other crates check whether the crate offers a `serde` feature flag
     = help: the following other types implement trait `Serialize`:
               &'a T
               &'a mut T
               ()
               (T,)
               (T0, T1)
               (T0, T1, T2)
               (T0, T1, T2, T3)
               (T0, T1, T2, T3, T4)
             and 207 others
     = note: required for `std::option::Option<Mode>` to implement `Serialize`
note: required by a bound in `_::_serde::ser::SerializeStruct::serialize_field`
    --> /Users/thagale/.cargo/registry/src/index.crates.io-1949cf8c6b5b557f/serde-1.0.219/src/ser/mod.rs:1866:21
     |
1864 |     fn serialize_field<T>(&mut self, key: &'static str, value: &T) -> Result<(), Self::Error>
     |        --------------- required by a bound in this associated function
1865 |     where
1866 |         T: ?Sized + Serialize;
     |                     ^^^^^^^^^ required by this bound in `SerializeStruct::serialize_field`
     = note: this error originates in the derive macro `Serialize` (in Nightly builds, run with -Z macro-backtrace for more info)

error[E0277]: the trait bound `Mode: Deserialize<'_>` is not satisfied
    --> pancetta-dx/src/tracker.rs:33:15
     |
33   |     pub mode: Option<Mode>,
     |               ^^^^^^^^^^^^ the trait `Deserialize<'_>` is not implemented for `Mode`
     |
     = note: for local types consider adding `#[derive(serde::Deserialize)]` to your `Mode` type
     = note: for types from other crates check whether the crate offers a `serde` feature flag
     = help: the following other types implement trait `Deserialize<'de>`:
               &'a Path
               &'a [u8]
               &'a serde_json::value::RawValue
               &'a str
               ()
               (T,)
               (T0, T1)
               (T0, T1, T2)
             and 226 others
     = note: required for `std::option::Option<Mode>` to implement `Deserialize<'_>`
note: required by a bound in `next_element`
    --> /Users/thagale/.cargo/registry/src/index.crates.io-1949cf8c6b5b557f/serde-1.0.219/src/de/mod.rs:1732:12
     |
1730 |     fn next_element<T>(&mut self) -> Result<Option<T>, Self::Error>
     |        ------------ required by a bound in this associated function
1731 |     where
1732 |         T: Deserialize<'de>,
     |            ^^^^^^^^^^^^^^^^ required by this bound in `SeqAccess::next_element`

error[E0277]: the trait bound `Mode: Deserialize<'_>` is not satisfied
    --> pancetta-dx/src/tracker.rs:33:15
     |
33   |     pub mode: Option<Mode>,
     |               ^^^^^^^^^^^^ the trait `Deserialize<'_>` is not implemented for `Mode`
     |
     = note: for local types consider adding `#[derive(serde::Deserialize)]` to your `Mode` type
     = note: for types from other crates check whether the crate offers a `serde` feature flag
     = help: the following other types implement trait `Deserialize<'de>`:
               &'a Path
               &'a [u8]
               &'a serde_json::value::RawValue
               &'a str
               ()
               (T,)
               (T0, T1)
               (T0, T1, T2)
             and 226 others
     = note: required for `std::option::Option<Mode>` to implement `Deserialize<'_>`
note: required by a bound in `next_value`
    --> /Users/thagale/.cargo/registry/src/index.crates.io-1949cf8c6b5b557f/serde-1.0.219/src/de/mod.rs:1871:12
     |
1869 |     fn next_value<V>(&mut self) -> Result<V, Self::Error>
     |        ---------- required by a bound in this associated function
1870 |     where
1871 |         V: Deserialize<'de>,
     |            ^^^^^^^^^^^^^^^^ required by this bound in `MapAccess::next_value`

error[E0277]: the trait bound `Mode: Deserialize<'_>` is not satisfied
  --> pancetta-dx/src/tracker.rs:26:35
   |
26 | #[derive(Debug, Clone, Serialize, Deserialize)]
   |                                   ^^^^^^^^^^^ the trait `Deserialize<'_>` is not implemented for `Mode`
   |
   = note: for local types consider adding `#[derive(serde::Deserialize)]` to your `Mode` type
   = note: for types from other crates check whether the crate offers a `serde` feature flag
   = help: the following other types implement trait `Deserialize<'de>`:
             &'a Path
             &'a [u8]
             &'a serde_json::value::RawValue
             &'a str
             ()
             (T,)
             (T0, T1)
             (T0, T1, T2)
           and 226 others
   = note: required for `std::option::Option<Mode>` to implement `Deserialize<'_>`
note: required by a bound in `_::_serde::__private::de::missing_field`
  --> /Users/thagale/.cargo/registry/src/index.crates.io-1949cf8c6b5b557f/serde-1.0.219/src/private/de.rs:25:8
   |
23 | pub fn missing_field<'de, V, E>(field: &'static str) -> Result<V, E>
   |        ------------- required by a bound in this function
24 | where
25 |     V: Deserialize<'de>,
   |        ^^^^^^^^^^^^^^^^ required by this bound in `missing_field`
   = note: this error originates in the derive macro `Deserialize` (in Nightly builds, run with -Z macro-backtrace for more info)

error[E0277]: the trait bound `states::QsoMetadata: Serialize` is not satisfied
    --> pancetta-qso/src/database.rs:146:24
     |
146  | #[derive(Debug, Clone, Serialize, Deserialize)]
     |                        ^^^^^^^^^ the trait `Serialize` is not implemented for `states::QsoMetadata`
...
154  |     /// QSO metadata
     |     ---------------- required by a bound introduced by this call
     |
     = note: for local types consider adding `#[derive(serde::Serialize)]` to your `states::QsoMetadata` type
     = note: for types from other crates check whether the crate offers a `serde` feature flag
     = help: the following other types implement trait `Serialize`:
               &'a T
               &'a mut T
               ()
               (T,)
               (T0, T1)
               (T0, T1, T2)
               (T0, T1, T2, T3)
               (T0, T1, T2, T3, T4)
             and 280 others
note: required by a bound in `states::_::_serde::ser::SerializeStruct::serialize_field`
    --> /Users/thagale/.cargo/registry/src/index.crates.io-1949cf8c6b5b557f/serde-1.0.219/src/ser/mod.rs:1866:21
     |
1864 |     fn serialize_field<T>(&mut self, key: &'static str, value: &T) -> Result<(), Self::Error>
     |        --------------- required by a bound in this associated function
1865 |     where
1866 |         T: ?Sized + Serialize;
     |                     ^^^^^^^^^ required by this bound in `SerializeStruct::serialize_field`
     = note: this error originates in the derive macro `Serialize` (in Nightly builds, run with -Z macro-backtrace for more info)

error[E0277]: the trait bound `Mode: Serialize` is not satisfied
    --> pancetta-dx/src/tracker.rs:49:24
     |
49   | #[derive(Debug, Clone, Serialize, Deserialize)]
     |                        ^^^^^^^^^ the trait `Serialize` is not implemented for `Mode`
...
55   |     /// Mode (None for mixed mode)
     |     ------------------------------ required by a bound introduced by this call
     |
     = note: for local types consider adding `#[derive(serde::Serialize)]` to your `Mode` type
     = note: for types from other crates check whether the crate offers a `serde` feature flag
     = help: the following other types implement trait `Serialize`:
               &'a T
               &'a mut T
               ()
               (T,)
               (T0, T1)
               (T0, T1, T2)
               (T0, T1, T2, T3)
               (T0, T1, T2, T3, T4)
             and 207 others
     = note: required for `std::option::Option<Mode>` to implement `Serialize`
note: required by a bound in `_::_serde::ser::SerializeStruct::serialize_field`
    --> /Users/thagale/.cargo/registry/src/index.crates.io-1949cf8c6b5b557f/serde-1.0.219/src/ser/mod.rs:1866:21
     |
1864 |     fn serialize_field<T>(&mut self, key: &'static str, value: &T) -> Result<(), Self::Error>
     |        --------------- required by a bound in this associated function
1865 |     where
1866 |         T: ?Sized + Serialize;
     |                     ^^^^^^^^^ required by this bound in `SerializeStruct::serialize_field`
     = note: this error originates in the derive macro `Serialize` (in Nightly builds, run with -Z macro-backtrace for more info)

error[E0277]: the trait bound `Mode: Deserialize<'_>` is not satisfied
    --> pancetta-dx/src/tracker.rs:56:15
     |
56   |     pub mode: Option<Mode>,
     |               ^^^^^^^^^^^^ the trait `Deserialize<'_>` is not implemented for `Mode`
     |
     = note: for local types consider adding `#[derive(serde::Deserialize)]` to your `Mode` type
     = note: for types from other crates check whether the crate offers a `serde` feature flag
     = help: the following other types implement trait `Deserialize<'de>`:
               &'a Path
               &'a [u8]
               &'a serde_json::value::RawValue
               &'a str
               ()
               (T,)
               (T0, T1)
               (T0, T1, T2)
             and 226 others
     = note: required for `std::option::Option<Mode>` to implement `Deserialize<'_>`
note: required by a bound in `next_element`
    --> /Users/thagale/.cargo/registry/src/index.crates.io-1949cf8c6b5b557f/serde-1.0.219/src/de/mod.rs:1732:12
     |
1730 |     fn next_element<T>(&mut self) -> Result<Option<T>, Self::Error>
     |        ------------ required by a bound in this associated function
1731 |     where
1732 |         T: Deserialize<'de>,
     |            ^^^^^^^^^^^^^^^^ required by this bound in `SeqAccess::next_element`

error[E0277]: the trait bound `states::QsoMetadata: Deserialize<'_>` is not satisfied
    --> pancetta-qso/src/database.rs:155:19
     |
155  |     pub metadata: QsoMetadata,
     |                   ^^^^^^^^^^^ the trait `Deserialize<'_>` is not implemented for `states::QsoMetadata`
     |
     = note: for local types consider adding `#[derive(serde::Deserialize)]` to your `states::QsoMetadata` type
     = note: for types from other crates check whether the crate offers a `serde` feature flag
     = help: the following other types implement trait `Deserialize<'de>`:
               &'a Path
               &'a [u8]
               &'a serde_json::value::RawValue
               &'a str
               ()
               (T,)
               (T0, T1)
               (T0, T1, T2)
             and 288 others
note: required by a bound in `next_element`
    --> /Users/thagale/.cargo/registry/src/index.crates.io-1949cf8c6b5b557f/serde-1.0.219/src/de/mod.rs:1732:12
     |
1730 |     fn next_element<T>(&mut self) -> Result<Option<T>, Self::Error>
     |        ------------ required by a bound in this associated function
1731 |     where
1732 |         T: Deserialize<'de>,
     |            ^^^^^^^^^^^^^^^^ required by this bound in `SeqAccess::next_element`

error[E0277]: the trait bound `Mode: Deserialize<'_>` is not satisfied
    --> pancetta-dx/src/tracker.rs:56:15
     |
56   |     pub mode: Option<Mode>,
     |               ^^^^^^^^^^^^ the trait `Deserialize<'_>` is not implemented for `Mode`
     |
     = note: for local types consider adding `#[derive(serde::Deserialize)]` to your `Mode` type
     = note: for types from other crates check whether the crate offers a `serde` feature flag
     = help: the following other types implement trait `Deserialize<'de>`:
               &'a Path
               &'a [u8]
               &'a serde_json::value::RawValue
               &'a str
               ()
               (T,)
               (T0, T1)
               (T0, T1, T2)
             and 226 others
     = note: required for `std::option::Option<Mode>` to implement `Deserialize<'_>`
note: required by a bound in `next_value`
    --> /Users/thagale/.cargo/registry/src/index.crates.io-1949cf8c6b5b557f/serde-1.0.219/src/de/mod.rs:1871:12
     |
1869 |     fn next_value<V>(&mut self) -> Result<V, Self::Error>
     |        ---------- required by a bound in this associated function
1870 |     where
1871 |         V: Deserialize<'de>,
     |            ^^^^^^^^^^^^^^^^ required by this bound in `MapAccess::next_value`

error[E0277]: the trait bound `states::QsoMetadata: Deserialize<'_>` is not satisfied
    --> pancetta-qso/src/database.rs:155:19
     |
155  |     pub metadata: QsoMetadata,
     |                   ^^^^^^^^^^^ the trait `Deserialize<'_>` is not implemented for `states::QsoMetadata`
     |
     = note: for local types consider adding `#[derive(serde::Deserialize)]` to your `states::QsoMetadata` type
     = note: for types from other crates check whether the crate offers a `serde` feature flag
     = help: the following other types implement trait `Deserialize<'de>`:
               &'a Path
               &'a [u8]
               &'a serde_json::value::RawValue
               &'a str
               ()
               (T,)
               (T0, T1)
               (T0, T1, T2)
             and 288 others
note: required by a bound in `next_value`
    --> /Users/thagale/.cargo/registry/src/index.crates.io-1949cf8c6b5b557f/serde-1.0.219/src/de/mod.rs:1871:12
     |
1869 |     fn next_value<V>(&mut self) -> Result<V, Self::Error>
     |        ---------- required by a bound in this associated function
1870 |     where
1871 |         V: Deserialize<'de>,
     |            ^^^^^^^^^^^^^^^^ required by this bound in `MapAccess::next_value`

error[E0277]: the trait bound `Mode: Deserialize<'_>` is not satisfied
  --> pancetta-dx/src/tracker.rs:49:35
   |
49 | #[derive(Debug, Clone, Serialize, Deserialize)]
   |                                   ^^^^^^^^^^^ the trait `Deserialize<'_>` is not implemented for `Mode`
   |
   = note: for local types consider adding `#[derive(serde::Deserialize)]` to your `Mode` type
   = note: for types from other crates check whether the crate offers a `serde` feature flag
   = help: the following other types implement trait `Deserialize<'de>`:
             &'a Path
             &'a [u8]
             &'a serde_json::value::RawValue
             &'a str
             ()
             (T,)
             (T0, T1)
             (T0, T1, T2)
           and 226 others
   = note: required for `std::option::Option<Mode>` to implement `Deserialize<'_>`
note: required by a bound in `_::_serde::__private::de::missing_field`
  --> /Users/thagale/.cargo/registry/src/index.crates.io-1949cf8c6b5b557f/serde-1.0.219/src/private/de.rs:25:8
   |
23 | pub fn missing_field<'de, V, E>(field: &'static str) -> Result<V, E>
   |        ------------- required by a bound in this function
24 | where
25 |     V: Deserialize<'de>,
   |        ^^^^^^^^^^^^^^^^ required by this bound in `missing_field`
   = note: this error originates in the derive macro `Deserialize` (in Nightly builds, run with -Z macro-backtrace for more info)

error[E0277]: the trait bound `states::QsoMetadata: Deserialize<'_>` is not satisfied
   --> pancetta-qso/src/database.rs:146:35
    |
146 | #[derive(Debug, Clone, Serialize, Deserialize)]
    |                                   ^^^^^^^^^^^ the trait `Deserialize<'_>` is not implemented for `states::QsoMetadata`
    |
    = note: for local types consider adding `#[derive(serde::Deserialize)]` to your `states::QsoMetadata` type
    = note: for types from other crates check whether the crate offers a `serde` feature flag
    = help: the following other types implement trait `Deserialize<'de>`:
              &'a Path
              &'a [u8]
              &'a serde_json::value::RawValue
              &'a str
              ()
              (T,)
              (T0, T1)
              (T0, T1, T2)
            and 288 others
note: required by a bound in `states::_::_serde::__private::de::missing_field`
   --> /Users/thagale/.cargo/registry/src/index.crates.io-1949cf8c6b5b557f/serde-1.0.219/src/private/de.rs:25:8
    |
23  | pub fn missing_field<'de, V, E>(field: &'static str) -> Result<V, E>
    |        ------------- required by a bound in this function
24  | where
25  |     V: Deserialize<'de>,
    |        ^^^^^^^^^^^^^^^^ required by this bound in `missing_field`
    = note: this error originates in the derive macro `Deserialize` (in Nightly builds, run with -Z macro-backtrace for more info)

error[E0599]: no method named `get_raw` found for reference `&Row<'_>` in the current scope
   --> pancetta-dx/src/tracker.rs:400:21
    |
400 |                 row.get_raw("status").column(), 
    |                     ^^^^^^^
    |
help: there is a method `get_ref` with a similar name
    |
400 -                 row.get_raw("status").column(), 
400 +                 row.get_ref("status").column(), 
    |

error[E0599]: no method named `get_raw` found for reference `&Row<'_>` in the current scope
   --> pancetta-dx/src/tracker.rs:409:21
    |
409 |                 row.get_raw("first_worked").column(),
    |                     ^^^^^^^
    |
help: there is a method `get_ref` with a similar name
    |
409 -                 row.get_raw("first_worked").column(),
409 +                 row.get_ref("first_worked").column(),
    |

error[E0277]: the trait bound `Vec<rusqlite::types::Value>: Params` is not satisfied
   --> pancetta-qso/src/database.rs:338:35
    |
338 |         let rows = stmt.query_map(params, |row| self.row_to_record(row))
    |                         --------- ^^^^^^ the trait `Params` is not implemented for `Vec<rusqlite::types::Value>`
    |                         |
    |                         required by a bound introduced by this call
    |
    = help: the following other types implement trait `Params`:
              &[&T; 10]
              &[&T; 11]
              &[&T; 12]
              &[&T; 13]
              &[&T; 14]
              &[&T; 15]
              &[&T; 16]
              &[&T; 17]
            and 109 others
note: required by a bound in `Statement::<'_>::query_map`
   --> /Users/thagale/.cargo/registry/src/index.crates.io-1949cf8c6b5b557f/rusqlite-0.30.0/src/statement.rs:280:12
    |
278 |     pub fn query_map<T, P, F>(&mut self, params: P, f: F) -> Result<MappedRows<'_, F>>
    |            --------- required by a bound in this associated function
279 |     where
280 |         P: Params,
    |            ^^^^^^ required by this bound in `Statement::<'_>::query_map`

error[E0599]: no method named `get_raw` found for reference `&Row<'_>` in the current scope
   --> pancetta-dx/src/tracker.rs:419:21
    |
419 |                 row.get_raw("first_confirmed").column(),
    |                     ^^^^^^^
    |
help: there is a method `get_ref` with a similar name
    |
419 -                 row.get_raw("first_confirmed").column(),
419 +                 row.get_ref("first_confirmed").column(),
    |

error[E0277]: the trait bound `Vec<rusqlite::types::Value>: Params` is not satisfied
   --> pancetta-qso/src/database.rs:359:41
    |
359 |         let count: i64 = stmt.query_row(params, |row| row.get(0))
    |                               --------- ^^^^^^ the trait `Params` is not implemented for `Vec<rusqlite::types::Value>`
    |                               |
    |                               required by a bound introduced by this call
    |
    = help: the following other types implement trait `Params`:
              &[&T; 10]
              &[&T; 11]
              &[&T; 12]
              &[&T; 13]
              &[&T; 14]
              &[&T; 15]
              &[&T; 16]
              &[&T; 17]
            and 109 others
note: required by a bound in `Statement::<'_>::query_row`
   --> /Users/thagale/.cargo/registry/src/index.crates.io-1949cf8c6b5b557f/rusqlite-0.30.0/src/statement.rs:376:12
    |
374 |     pub fn query_row<T, P, F>(&mut self, params: P, f: F) -> Result<T>
    |            --------- required by a bound in this associated function
375 |     where
376 |         P: Params,
    |            ^^^^^^ required by this bound in `Statement::<'_>::query_row`

error[E0599]: no method named `get_raw` found for reference `&Row<'_>` in the current scope
   --> pancetta-dx/src/tracker.rs:429:21
    |
429 |                 row.get_raw("worked_qso_id").column(),
    |                     ^^^^^^^
    |
help: there is a method `get_ref` with a similar name
    |
429 -                 row.get_raw("worked_qso_id").column(),
429 +                 row.get_ref("worked_qso_id").column(),
    |

error[E0599]: no method named `get_raw` found for reference `&Row<'_>` in the current scope
   --> pancetta-dx/src/tracker.rs:438:21
    |
438 |                 row.get_raw("confirmed_qso_id").column(),
    |                     ^^^^^^^
    |
help: there is a method `get_ref` with a similar name
    |
438 -                 row.get_raw("confirmed_qso_id").column(),
438 +                 row.get_ref("confirmed_qso_id").column(),
    |

error[E0599]: no method named `backup` found for struct `Connection` in the current scope
   --> pancetta-qso/src/database.rs:564:25
    |
564 |         self.connection.backup(rusqlite::DatabaseName::Main, &backup_conn, None)
    |                         ^^^^^^ method not found in `Connection`

error[E0599]: no method named `get_raw` found for reference `&Row<'_>` in the current scope
   --> pancetta-dx/src/tracker.rs:447:21
    |
447 |                 row.get_raw("confirmation_method").column(),
    |                     ^^^^^^^
    |
help: there is a method `get_ref` with a similar name
    |
447 -                 row.get_raw("confirmation_method").column(),
447 +                 row.get_ref("confirmation_method").column(),
    |

error[E0277]: the trait bound `states::QsoMetadata: Serialize` is not satisfied
    --> pancetta-qso/src/database.rs:679:51
     |
679  |         let metadata_json = serde_json::to_string(&progress.metadata)
     |                             --------------------- ^^^^^^^^^^^^^^^^^^ the trait `Serialize` is not implemented for `states::QsoMetadata`
     |                             |
     |                             required by a bound introduced by this call
     |
     = note: for local types consider adding `#[derive(serde::Serialize)]` to your `states::QsoMetadata` type
     = note: for types from other crates check whether the crate offers a `serde` feature flag
     = help: the following other types implement trait `Serialize`:
               &'a T
               &'a mut T
               ()
               (T,)
               (T0, T1)
               (T0, T1, T2)
               (T0, T1, T2, T3)
               (T0, T1, T2, T3, T4)
             and 280 others
note: required by a bound in `serde_json::to_string`
    --> /Users/thagale/.cargo/registry/src/index.crates.io-1949cf8c6b5b557f/serde_json-1.0.142/src/ser.rs:2247:17
     |
2245 | pub fn to_string<T>(value: &T) -> Result<String>
     |        --------- required by a bound in this function
2246 | where
2247 |     T: ?Sized + Serialize,
     |                 ^^^^^^^^^ required by this bound in `to_string`

error[E0277]: the trait bound `states::QsoMetadata: Serialize` is not satisfied
    --> pancetta-qso/src/database.rs:722:51
     |
722  |         let metadata_json = serde_json::to_string(&progress.metadata)
     |                             --------------------- ^^^^^^^^^^^^^^^^^^ the trait `Serialize` is not implemented for `states::QsoMetadata`
     |                             |
     |                             required by a bound introduced by this call
     |
     = note: for local types consider adding `#[derive(serde::Serialize)]` to your `states::QsoMetadata` type
     = note: for types from other crates check whether the crate offers a `serde` feature flag
     = help: the following other types implement trait `Serialize`:
               &'a T
               &'a mut T
               ()
               (T,)
               (T0, T1)
               (T0, T1, T2)
               (T0, T1, T2, T3)
               (T0, T1, T2, T3, T4)
             and 280 others
note: required by a bound in `serde_json::to_string`
    --> /Users/thagale/.cargo/registry/src/index.crates.io-1949cf8c6b5b557f/serde_json-1.0.142/src/ser.rs:2247:17
     |
2245 | pub fn to_string<T>(value: &T) -> Result<String>
     |        --------- required by a bound in this function
2246 | where
2247 |     T: ?Sized + Serialize,
     |                 ^^^^^^^^^ required by this bound in `to_string`

error[E0277]: the trait bound `states::QsoMetadata: Deserialize<'_>` is not satisfied
    --> pancetta-qso/src/database.rs:768:37
     |
768  |         let metadata: QsoMetadata = serde_json::from_str(&metadata_json)
     |                                     ^^^^^^^^^^^^^^^^^^^^^^^^^^^^^^^^^^^^ the trait `Deserialize<'_>` is not implemented for `states::QsoMetadata`
     |
     = note: for local types consider adding `#[derive(serde::Deserialize)]` to your `states::QsoMetadata` type
     = note: for types from other crates check whether the crate offers a `serde` feature flag
     = help: the following other types implement trait `Deserialize<'de>`:
               &'a Path
               &'a [u8]
               &'a serde_json::value::RawValue
               &'a str
               ()
               (T,)
               (T0, T1)
               (T0, T1, T2)
             and 288 others
note: required by a bound in `serde_json::from_str`
    --> /Users/thagale/.cargo/registry/src/index.crates.io-1949cf8c6b5b557f/serde_json-1.0.142/src/de.rs:2699:8
     |
2697 | pub fn from_str<'a, T>(s: &'a str) -> Result<T>
     |        -------- required by a bound in this function
2698 | where
2699 |     T: de::Deserialize<'a>,
     |        ^^^^^^^^^^^^^^^^^^^ required by this bound in `from_str`

error[E0599]: no method named `get_raw` found for reference `&Row<'_>` in the current scope
   --> pancetta-dx/src/tracker.rs:456:21
    |
456 |                 row.get_raw("band").column(),
    |                     ^^^^^^^
    |
help: there is a method `get_ref` with a similar name
    |
456 -                 row.get_raw("band").column(),
456 +                 row.get_ref("band").column(),
    |

error[E0599]: no method named `get_raw` found for reference `&Row<'_>` in the current scope
   --> pancetta-dx/src/tracker.rs:465:21
    |
465 |                 row.get_raw("mode").column(),
    |                     ^^^^^^^
    |
help: there is a method `get_ref` with a similar name
    |
465 -                 row.get_raw("mode").column(),
465 +                 row.get_ref("mode").column(),
    |

error[E0277]: the trait bound `Mode: Deserialize<'_>` is not satisfied
    --> pancetta-dx/src/tracker.rs:462:22
     |
462  |             .map(|s| serde_json::from_str(&s))
     |                      ^^^^^^^^^^^^^^^^^^^^^^^^ the trait `Deserialize<'_>` is not implemented for `Mode`
     |
     = note: for local types consider adding `#[derive(serde::Deserialize)]` to your `Mode` type
     = note: for types from other crates check whether the crate offers a `serde` feature flag
     = help: the following other types implement trait `Deserialize<'de>`:
               &'a Path
               &'a [u8]
               &'a serde_json::value::RawValue
               &'a str
               ()
               (T,)
               (T0, T1)
               (T0, T1, T2)
             and 226 others
note: required by a bound in `serde_json::from_str`
    --> /Users/thagale/.cargo/registry/src/index.crates.io-1949cf8c6b5b557f/serde_json-1.0.142/src/de.rs:2699:8
     |
2697 | pub fn from_str<'a, T>(s: &'a str) -> Result<T>
     |        -------- required by a bound in this function
2698 | where
2699 |     T: de::Deserialize<'a>,
     |        ^^^^^^^^^^^^^^^^^^^ required by this bound in `from_str`

error[E0308]: mismatched types
   --> pancetta-dx/src/lib.rs:143:29
    |
143 |                 return Some(band);
    |                        ---- ^^^^ expected `Band`, found `&Band`
    |                        |
    |                        arguments to this enum variant are incorrect
    |
help: the type constructed contains `&Band` due to the type of the argument passed
   --> pancetta-dx/src/lib.rs:143:24
    |
143 |                 return Some(band);
    |                        ^^^^^----^
    |                             |
    |                             this argument influences the type of `Some`
note: tuple variant defined here
   --> /rustc/29483883eed69d5fb4db01964cdf2af4d86e9cb2/library/core/src/option.rs:599:5
help: consider dereferencing the borrow
    |
143 |                 return Some(*band);
    |                             +

error[E0277]: the trait bound `Mode: Serialize` is not satisfied
    --> pancetta-dx/src/lib.rs:303:24
     |
303  | #[derive(Debug, Clone, Serialize, Deserialize)]
     |                        ^^^^^^^^^ the trait `Serialize` is not implemented for `Mode`
...
309  |     /// Operating mode
     |     ------------------ required by a bound introduced by this call
     |
     = note: for local types consider adding `#[derive(serde::Serialize)]` to your `Mode` type
     = note: for types from other crates check whether the crate offers a `serde` feature flag
     = help: the following other types implement trait `Serialize`:
               &'a T
               &'a mut T
               ()
               (T,)
               (T0, T1)
               (T0, T1, T2)
               (T0, T1, T2, T3)
               (T0, T1, T2, T3, T4)
             and 207 others
     = note: required for `std::option::Option<Mode>` to implement `Serialize`
note: required by a bound in `_::_serde::ser::SerializeStruct::serialize_field`
    --> /Users/thagale/.cargo/registry/src/index.crates.io-1949cf8c6b5b557f/serde-1.0.219/src/ser/mod.rs:1866:21
     |
1864 |     fn serialize_field<T>(&mut self, key: &'static str, value: &T) -> Result<(), Self::Error>
     |        --------------- required by a bound in this associated function
1865 |     where
1866 |         T: ?Sized + Serialize;
     |                     ^^^^^^^^^ required by this bound in `SerializeStruct::serialize_field`
     = note: this error originates in the derive macro `Serialize` (in Nightly builds, run with -Z macro-backtrace for more info)

error[E0277]: the trait bound `Mode: Deserialize<'_>` is not satisfied
    --> pancetta-dx/src/lib.rs:310:15
     |
310  |     pub mode: Option<Mode>,
     |               ^^^^^^^^^^^^ the trait `Deserialize<'_>` is not implemented for `Mode`
     |
     = note: for local types consider adding `#[derive(serde::Deserialize)]` to your `Mode` type
     = note: for types from other crates check whether the crate offers a `serde` feature flag
     = help: the following other types implement trait `Deserialize<'de>`:
               &'a Path
               &'a [u8]
               &'a serde_json::value::RawValue
               &'a str
               ()
               (T,)
               (T0, T1)
               (T0, T1, T2)
             and 223 others
     = note: required for `std::option::Option<Mode>` to implement `Deserialize<'_>`
note: required by a bound in `next_element`
    --> /Users/thagale/.cargo/registry/src/index.crates.io-1949cf8c6b5b557f/serde-1.0.219/src/de/mod.rs:1732:12
     |
1730 |     fn next_element<T>(&mut self) -> Result<Option<T>, Self::Error>
     |        ------------ required by a bound in this associated function
1731 |     where
1732 |         T: Deserialize<'de>,
     |            ^^^^^^^^^^^^^^^^ required by this bound in `SeqAccess::next_element`

error[E0277]: the trait bound `Mode: Deserialize<'_>` is not satisfied
    --> pancetta-dx/src/lib.rs:310:15
     |
310  |     pub mode: Option<Mode>,
     |               ^^^^^^^^^^^^ the trait `Deserialize<'_>` is not implemented for `Mode`
     |
     = note: for local types consider adding `#[derive(serde::Deserialize)]` to your `Mode` type
     = note: for types from other crates check whether the crate offers a `serde` feature flag
     = help: the following other types implement trait `Deserialize<'de>`:
               &'a Path
               &'a [u8]
               &'a serde_json::value::RawValue
               &'a str
               ()
               (T,)
               (T0, T1)
               (T0, T1, T2)
             and 223 others
     = note: required for `std::option::Option<Mode>` to implement `Deserialize<'_>`
note: required by a bound in `next_value`
    --> /Users/thagale/.cargo/registry/src/index.crates.io-1949cf8c6b5b557f/serde-1.0.219/src/de/mod.rs:1871:12
     |
1869 |     fn next_value<V>(&mut self) -> Result<V, Self::Error>
     |        ---------- required by a bound in this associated function
1870 |     where
1871 |         V: Deserialize<'de>,
     |            ^^^^^^^^^^^^^^^^ required by this bound in `MapAccess::next_value`

error[E0277]: the trait bound `Mode: Deserialize<'_>` is not satisfied
   --> pancetta-dx/src/lib.rs:303:35
    |
303 | #[derive(Debug, Clone, Serialize, Deserialize)]
    |                                   ^^^^^^^^^^^ the trait `Deserialize<'_>` is not implemented for `Mode`
    |
    = note: for local types consider adding `#[derive(serde::Deserialize)]` to your `Mode` type
    = note: for types from other crates check whether the crate offers a `serde` feature flag
    = help: the following other types implement trait `Deserialize<'de>`:
              &'a Path
              &'a [u8]
              &'a serde_json::value::RawValue
              &'a str
              ()
              (T,)
              (T0, T1)
              (T0, T1, T2)
            and 223 others
    = note: required for `std::option::Option<Mode>` to implement `Deserialize<'_>`
note: required by a bound in `_::_serde::__private::de::missing_field`
   --> /Users/thagale/.cargo/registry/src/index.crates.io-1949cf8c6b5b557f/serde-1.0.219/src/private/de.rs:25:8
    |
23  | pub fn missing_field<'de, V, E>(field: &'static str) -> Result<V, E>
    |        ------------- required by a bound in this function
24  | where
25  |     V: Deserialize<'de>,
    |        ^^^^^^^^^^^^^^^^ required by this bound in `missing_field`
    = note: this error originates in the derive macro `Deserialize` (in Nightly builds, run with -Z macro-backtrace for more info)

error[E0277]: the trait bound `Mode: Serialize` is not satisfied
    --> pancetta-dx/src/lib.rs:330:24
     |
330  | #[derive(Debug, Clone, Serialize, Deserialize)]
     |                        ^^^^^^^^^ the trait `Serialize` is not implemented for `Mode`
...
342  |     /// Operating mode
     |     ------------------ required by a bound introduced by this call
     |
     = note: for local types consider adding `#[derive(serde::Serialize)]` to your `Mode` type
     = note: for types from other crates check whether the crate offers a `serde` feature flag
     = help: the following other types implement trait `Serialize`:
               &'a T
               &'a mut T
               ()
               (T,)
               (T0, T1)
               (T0, T1, T2)
               (T0, T1, T2, T3)
               (T0, T1, T2, T3, T4)
             and 207 others
note: required by a bound in `_::_serde::ser::SerializeStruct::serialize_field`
    --> /Users/thagale/.cargo/registry/src/index.crates.io-1949cf8c6b5b557f/serde-1.0.219/src/ser/mod.rs:1866:21
     |
1864 |     fn serialize_field<T>(&mut self, key: &'static str, value: &T) -> Result<(), Self::Error>
     |        --------------- required by a bound in this associated function
1865 |     where
1866 |         T: ?Sized + Serialize;
     |                     ^^^^^^^^^ required by this bound in `SerializeStruct::serialize_field`
     = note: this error originates in the derive macro `Serialize` (in Nightly builds, run with -Z macro-backtrace for more info)

error[E0277]: the trait bound `Mode: Deserialize<'_>` is not satisfied
    --> pancetta-dx/src/lib.rs:343:15
     |
343  |     pub mode: Mode,
     |               ^^^^ the trait `Deserialize<'_>` is not implemented for `Mode`
     |
     = note: for local types consider adding `#[derive(serde::Deserialize)]` to your `Mode` type
     = note: for types from other crates check whether the crate offers a `serde` feature flag
     = help: the following other types implement trait `Deserialize<'de>`:
               &'a Path
               &'a [u8]
               &'a serde_json::value::RawValue
               &'a str
               ()
               (T,)
               (T0, T1)
               (T0, T1, T2)
             and 223 others
note: required by a bound in `next_element`
    --> /Users/thagale/.cargo/registry/src/index.crates.io-1949cf8c6b5b557f/serde-1.0.219/src/de/mod.rs:1732:12
     |
1730 |     fn next_element<T>(&mut self) -> Result<Option<T>, Self::Error>
     |        ------------ required by a bound in this associated function
1731 |     where
1732 |         T: Deserialize<'de>,
     |            ^^^^^^^^^^^^^^^^ required by this bound in `SeqAccess::next_element`

error[E0277]: the trait bound `Mode: Deserialize<'_>` is not satisfied
    --> pancetta-dx/src/lib.rs:343:15
     |
343  |     pub mode: Mode,
     |               ^^^^ the trait `Deserialize<'_>` is not implemented for `Mode`
     |
     = note: for local types consider adding `#[derive(serde::Deserialize)]` to your `Mode` type
     = note: for types from other crates check whether the crate offers a `serde` feature flag
     = help: the following other types implement trait `Deserialize<'de>`:
               &'a Path
               &'a [u8]
               &'a serde_json::value::RawValue
               &'a str
               ()
               (T,)
               (T0, T1)
               (T0, T1, T2)
             and 223 others
note: required by a bound in `next_value`
    --> /Users/thagale/.cargo/registry/src/index.crates.io-1949cf8c6b5b557f/serde-1.0.219/src/de/mod.rs:1871:12
     |
1869 |     fn next_value<V>(&mut self) -> Result<V, Self::Error>
     |        ---------- required by a bound in this associated function
1870 |     where
1871 |         V: Deserialize<'de>,
     |            ^^^^^^^^^^^^^^^^ required by this bound in `MapAccess::next_value`

error[E0277]: the trait bound `Mode: Deserialize<'_>` is not satisfied
   --> pancetta-dx/src/lib.rs:330:35
    |
330 | #[derive(Debug, Clone, Serialize, Deserialize)]
    |                                   ^^^^^^^^^^^ the trait `Deserialize<'_>` is not implemented for `Mode`
    |
    = note: for local types consider adding `#[derive(serde::Deserialize)]` to your `Mode` type
    = note: for types from other crates check whether the crate offers a `serde` feature flag
    = help: the following other types implement trait `Deserialize<'de>`:
              &'a Path
              &'a [u8]
              &'a serde_json::value::RawValue
              &'a str
              ()
              (T,)
              (T0, T1)
              (T0, T1, T2)
            and 223 others
note: required by a bound in `_::_serde::__private::de::missing_field`
   --> /Users/thagale/.cargo/registry/src/index.crates.io-1949cf8c6b5b557f/serde-1.0.219/src/private/de.rs:25:8
    |
23  | pub fn missing_field<'de, V, E>(field: &'static str) -> Result<V, E>
    |        ------------- required by a bound in this function
24  | where
25  |     V: Deserialize<'de>,
    |        ^^^^^^^^^^^^^^^^ required by this bound in `missing_field`
    = note: this error originates in the derive macro `Deserialize` (in Nightly builds, run with -Z macro-backtrace for more info)

error[E0277]: the trait bound `Mode: Serialize` is not satisfied
    --> pancetta-dx/src/lib.rs:394:24
     |
394  | #[derive(Debug, Clone, Serialize, Deserialize)]
     |                        ^^^^^^^^^ the trait `Serialize` is not implemented for `Mode`
...
400  |     /// Mode priorities (higher = more priority)
     |     -------------------------------------------- required by a bound introduced by this call
     |
     = note: for local types consider adding `#[derive(serde::Serialize)]` to your `Mode` type
     = note: for types from other crates check whether the crate offers a `serde` feature flag
     = help: the following other types implement trait `Serialize`:
               &'a T
               &'a mut T
               ()
               (T,)
               (T0, T1)
               (T0, T1, T2)
               (T0, T1, T2, T3)
               (T0, T1, T2, T3, T4)
             and 207 others
     = note: required for `HashMap<Mode, u8>` to implement `Serialize`
note: required by a bound in `_::_serde::ser::SerializeStruct::serialize_field`
    --> /Users/thagale/.cargo/registry/src/index.crates.io-1949cf8c6b5b557f/serde-1.0.219/src/ser/mod.rs:1866:21
     |
1864 |     fn serialize_field<T>(&mut self, key: &'static str, value: &T) -> Result<(), Self::Error>
     |        --------------- required by a bound in this associated function
1865 |     where
1866 |         T: ?Sized + Serialize;
     |                     ^^^^^^^^^ required by this bound in `SerializeStruct::serialize_field`
     = note: this error originates in the derive macro `Serialize` (in Nightly builds, run with -Z macro-backtrace for more info)

error[E0277]: the trait bound `Mode: Deserialize<'_>` is not satisfied
    --> pancetta-dx/src/lib.rs:401:26
     |
401  |     pub mode_priorities: HashMap<Mode, u8>,
     |                          ^^^^^^^^^^^^^^^^^ the trait `Deserialize<'_>` is not implemented for `Mode`
     |
     = note: for local types consider adding `#[derive(serde::Deserialize)]` to your `Mode` type
     = note: for types from other crates check whether the crate offers a `serde` feature flag
     = help: the following other types implement trait `Deserialize<'de>`:
               &'a Path
               &'a [u8]
               &'a serde_json::value::RawValue
               &'a str
               ()
               (T,)
               (T0, T1)
               (T0, T1, T2)
             and 223 others
     = note: required for `HashMap<Mode, u8>` to implement `Deserialize<'_>`
note: required by a bound in `next_element`
    --> /Users/thagale/.cargo/registry/src/index.crates.io-1949cf8c6b5b557f/serde-1.0.219/src/de/mod.rs:1732:12
     |
1730 |     fn next_element<T>(&mut self) -> Result<Option<T>, Self::Error>
     |        ------------ required by a bound in this associated function
1731 |     where
1732 |         T: Deserialize<'de>,
     |            ^^^^^^^^^^^^^^^^ required by this bound in `SeqAccess::next_element`

error[E0277]: the trait bound `Mode: Deserialize<'_>` is not satisfied
    --> pancetta-dx/src/lib.rs:401:26
     |
401  |     pub mode_priorities: HashMap<Mode, u8>,
     |                          ^^^^^^^^^^^^^^^^^ the trait `Deserialize<'_>` is not implemented for `Mode`
     |
     = note: for local types consider adding `#[derive(serde::Deserialize)]` to your `Mode` type
     = note: for types from other crates check whether the crate offers a `serde` feature flag
     = help: the following other types implement trait `Deserialize<'de>`:
               &'a Path
               &'a [u8]
               &'a serde_json::value::RawValue
               &'a str
               ()
               (T,)
               (T0, T1)
               (T0, T1, T2)
             and 223 others
     = note: required for `HashMap<Mode, u8>` to implement `Deserialize<'_>`
note: required by a bound in `next_value`
    --> /Users/thagale/.cargo/registry/src/index.crates.io-1949cf8c6b5b557f/serde-1.0.219/src/de/mod.rs:1871:12
     |
1869 |     fn next_value<V>(&mut self) -> Result<V, Self::Error>
     |        ---------- required by a bound in this associated function
1870 |     where
1871 |         V: Deserialize<'de>,
     |            ^^^^^^^^^^^^^^^^ required by this bound in `MapAccess::next_value`

error[E0277]: the trait bound `Mode: Deserialize<'_>` is not satisfied
   --> pancetta-dx/src/lib.rs:394:35
    |
394 | #[derive(Debug, Clone, Serialize, Deserialize)]
    |                                   ^^^^^^^^^^^ the trait `Deserialize<'_>` is not implemented for `Mode`
    |
    = note: for local types consider adding `#[derive(serde::Deserialize)]` to your `Mode` type
    = note: for types from other crates check whether the crate offers a `serde` feature flag
    = help: the following other types implement trait `Deserialize<'de>`:
              &'a Path
              &'a [u8]
              &'a serde_json::value::RawValue
              &'a str
              ()
              (T,)
              (T0, T1)
              (T0, T1, T2)
            and 223 others
    = note: required for `HashMap<Mode, u8>` to implement `Deserialize<'_>`
note: required by a bound in `_::_serde::__private::de::missing_field`
   --> /Users/thagale/.cargo/registry/src/index.crates.io-1949cf8c6b5b557f/serde-1.0.219/src/private/de.rs:25:8
    |
23  | pub fn missing_field<'de, V, E>(field: &'static str) -> Result<V, E>
    |        ------------- required by a bound in this function
24  | where
25  |     V: Deserialize<'de>,
    |        ^^^^^^^^^^^^^^^^ required by this bound in `missing_field`
    = note: this error originates in the derive macro `Deserialize` (in Nightly builds, run with -Z macro-backtrace for more info)

warning: unused variable: `line`
   --> pancetta-dx/src/dxcc.rs:445:34
    |
445 |     fn parse_cty_line(&mut self, line: &str) -> Result<(DxccEntity, usize)> {
    |                                  ^^^^ help: if this is intentional, prefix it with an underscore: `_line`

warning: unused variable: `lat`
   --> pancetta-dx/src/geography.rs:343:38
    |
343 |     pub fn coordinate_to_mgrs(&self, lat: f64, lon: f64) -> Result<String> {
    |                                      ^^^ help: if this is intentional, prefix it with an underscore: `_lat`

warning: unused variable: `lon`
   --> pancetta-dx/src/geography.rs:343:48
    |
343 |     pub fn coordinate_to_mgrs(&self, lat: f64, lon: f64) -> Result<String> {
    |                                                ^^^ help: if this is intentional, prefix it with an underscore: `_lon`

warning: unused variable: `mgrs`
   --> pancetta-dx/src/geography.rs:350:38
    |
350 |     pub fn mgrs_to_coordinate(&self, mgrs: &str) -> Result<Coordinate> {
    |                                      ^^^^ help: if this is intentional, prefix it with an underscore: `_mgrs`

warning: variable does not need to be mutable
  --> pancetta-dx/src/gridsquare.rs:77:13
   |
77 |         let mut grid_square = Self { grid, precision };
   |             ----^^^^^^^^^^^
   |             |
   |             help: remove this `mut`

warning: variable does not need to be mutable
   --> pancetta-dx/src/lotw.rs:565:13
    |
565 |         let mut accepted = None;
    |             ----^^^^^^^^
    |             |
    |             help: remove this `mut`

warning: variable does not need to be mutable
   --> pancetta-dx/src/lotw.rs:566:13
    |
566 |         let mut rejected = None;
    |             ----^^^^^^^^
    |             |
    |             help: remove this `mut`

error[E0624]: method `frequency_to_band` is private
   --> pancetta-qso/src/lib.rs:527:19
    |
527 |         processor.frequency_to_band(frequency_hz)
    |                   ^^^^^^^^^^^^^^^^^ private method
    |
   ::: pancetta-qso/src/adif.rs:791:5
    |
791 |     fn frequency_to_band(&self, frequency_hz: f64) -> String {
    |     -------------------------------------------------------- private method defined here

warning: unused variable: `target_callsign`
   --> pancetta-qso/src/qso_manager.rs:576:41
    |
576 |             (QsoState::RespondingToCq { target_callsign, .. }, MessageType::SignalReport { to_station, .. }) => {
    |                                         ^^^^^^^^^^^^^^^ help: try ignoring the field: `target_callsign: _`

warning: unused variable: `report`
   --> pancetta-qso/src/exchange.rs:232:42
    |
232 |              MessageType::SignalReport { report, .. }) => {
    |                                          ^^^^^^ help: try ignoring the field: `report: _`

warning: unused variable: `message`
   --> pancetta-qso/src/exchange.rs:280:42
    |
280 |     pub fn extract_frequency_info(&self, message: &str) -> Option<f64> {
    |                                          ^^^^^^^ help: if this is intentional, prefix it with an underscore: `_message`

Some errors have detailed explanations: E0277, E0308, E0382, E0432, E0502, E0596, E0599, E0609, E0624...
warning: unused variable: `contest_config`
   --> pancetta-qso/src/exchange.rs:443:13
    |
443 |         let contest_config = self.contest_mode.as_ref().unwrap();
    |             ^^^^^^^^^^^^^^ help: if this is intentional, prefix it with an underscore: `_contest_config`

warning: unused variable: `serial`
   --> pancetta-qso/src/exchange.rs:448:45
    |
448 |              MessageType::ContestExchange { serial, .. }) => {
    |                                             ^^^^^^ help: try ignoring the field: `serial: _`

warning: `pancetta-dx` (lib) generated 28 warnings
error: could not compile `pancetta-dx` (lib) due to 210 previous errors; 28 warnings emitted
warning: variable does not need to be mutable
   --> pancetta-qso/src/adif.rs:244:13
    |
244 |         let mut lines = data.lines().enumerate();
    |             ----^^^^^
    |             |
    |             help: remove this `mut`

warning: unused variable: `line_num`
   --> pancetta-qso/src/adif.rs:657:9
    |
657 |         line_num: usize,
    |         ^^^^^^^^ help: if this is intentional, prefix it with an underscore: `_line_num`

error: future cannot be sent between threads safely
   --> pancetta-qso/src/logger.rs:393:13
    |
393 | /             tokio::spawn(async move {
394 | |                 logger.backup_loop().await;
395 | |             });
    | |______________^ future created by async block is not `Send`
    |
    = help: within `QsoDatabase`, the trait `Sync` is not implemented for `RefCell<rusqlite::inner_connection::InnerConnection>`
    = note: if you want to do aliasing and mutation between multiple threads, use `std::sync::RwLock` instead
note: future is not `Send` as this value is used across an await
   --> pancetta-qso/src/logger.rs:717:35
    |
712 |     async fn backup_loop(&self) {
    |                          ----- has type `&logger::QsoLogger` which is not `Send`
...
717 |             interval_timer.tick().await;
    |                                   ^^^^^ await occurs here, with `&self` maybe used later
note: required by a bound in `tokio::spawn`
   --> /Users/thagale/.cargo/registry/src/index.crates.io-1949cf8c6b5b557f/tokio-1.47.1/src/task/spawn.rs:168:21
    |
166 |     pub fn spawn<F>(future: F) -> JoinHandle<F::Output>
    |            ----- required by a bound in this function
167 |     where
168 |         F: Future + Send + 'static,
    |                     ^^^^ required by this bound in `spawn`

error: future cannot be sent between threads safely
   --> pancetta-qso/src/logger.rs:393:13
    |
393 | /             tokio::spawn(async move {
394 | |                 logger.backup_loop().await;
395 | |             });
    | |______________^ future created by async block is not `Send`
    |
    = help: within `QsoDatabase`, the trait `Sync` is not implemented for `RefCell<hashlink::lru_cache::LruCache<Arc<str>, rusqlite::raw_statement::RawStatement>>`
    = note: if you want to do aliasing and mutation between multiple threads, use `std::sync::RwLock` instead
note: future is not `Send` as this value is used across an await
   --> pancetta-qso/src/logger.rs:717:35
    |
712 |     async fn backup_loop(&self) {
    |                          ----- has type `&logger::QsoLogger` which is not `Send`
...
717 |             interval_timer.tick().await;
    |                                   ^^^^^ await occurs here, with `&self` maybe used later
note: required by a bound in `tokio::spawn`
   --> /Users/thagale/.cargo/registry/src/index.crates.io-1949cf8c6b5b557f/tokio-1.47.1/src/task/spawn.rs:168:21
    |
166 |     pub fn spawn<F>(future: F) -> JoinHandle<F::Output>
    |            ----- required by a bound in this function
167 |     where
168 |         F: Future + Send + 'static,
    |                     ^^^^ required by this bound in `spawn`

Some errors have detailed explanations: E0277, E0433, E0505, E0506, E0599, E0624, E0716.
warning: `pancetta-qso` (lib) generated 24 warnings
error: could not compile `pancetta-qso` (lib) due to 53 previous errors; 24 warnings emitted
warning: `pancetta-tui` (bin "pancetta-tui") generated 29 warnings
warning: `pancetta-ft8` (lib) generated 14 warnings (run `cargo fix --lib -p pancetta-ft8` to apply 3 suggestions)
warning: `pancetta-config` (lib) generated 6 warnings (run `cargo fix --lib -p pancetta-config` to apply 5 suggestions)
